papiex version                : 0.99rc9
Executable                    : /p/lscratchrza/rountree/single-node/bmarks/synthetic/no-scale-mem-comm/bmark4
Arguments                     : 
Processor                     : Intel(R) Xeon(R) CPU E5-2670 0 @ 2.60GHz
Clockrate                     : 2601.000000
Hostname                      : rzmerl62
Options                       : DIR,PAPI_L3_TCA,PAPI_L3_TCM,NO_MPI_GATHER,NO_MPI_PROF
Domain                        : User
Parent process id             : 11762
Process id                    : 11789
Num. of threads               : 13
Start                         : Sun Jan 13 14:49:38 2013
Finish                        : Sun Jan 13 14:52:38 2013

Derived Metrics:
CPU Utilization ..............................             0.92
I/O Cycles % .................................             0.00




Program Statistics:
                             min                     max                    mean      coef. of variation
Real usecs:	     1.79668e+08	     1.79789e+08	     1.79683e+08	            0.00
Real cycles:	     4.65988e+11	     4.66301e+11	     4.66027e+11	            0.00 
Proc usecs:	           35009	     1.79021e+08	      1.6507e+08	            0.29 
Proc cycles:	     9.10558e+07	     4.65634e+11	     4.29347e+11	            0.29 
I/O cycles:	               0	               0	               0	            -nan 
PAPI_L3_TCA:	          119855	     3.54031e+09	     3.00123e+09	            0.29
PAPI_L3_TCM:	          116934	     1.67167e+08	     8.09429e+07	            0.52

Cumulative Process Counts:
Real usecs ...................................      2.33588e+09
Real cycles ..................................      6.05835e+12
Proc usecs ...................................      2.14591e+09
Proc cycles ..................................      5.58151e+12
I/O cycles ...................................                0
PAPI_L3_TCA ..................................      3.90159e+10
PAPI_L3_TCM ..................................      1.05226e+09

Event descriptions:
PAPI_L3_TCA                   : Level 3 total cache accesses
PAPI_L3_TCM                   : Level 3 cache misses

Derived event descriptions:
