papiex version                : 0.99rc9
Executable                    : /p/lscratchrza/rountree/single-node/bmarks/synthetic/scale-cpu/bmark1
Arguments                     : 
Processor                     : Intel(R) Xeon(R) CPU E5-2670 0 @ 2.60GHz
Clockrate                     : 2601.000000
Hostname                      : rzmerl138
Options                       : DIR,PAPI_L3_TCA,PAPI_L3_TCM,NO_MPI_GATHER,NO_MPI_PROF
Domain                        : User
Parent process id             : 67443
Process id                    : 67470
Num. of threads               : 17
Start                         : Sun Jan 13 09:52:22 2013
Finish                        : Sun Jan 13 09:52:44 2013

Derived Metrics:
CPU Utilization ..............................             0.94
I/O Cycles % .................................             0.00




Program Statistics:
                             min                     max                    mean      coef. of variation
Real usecs:	     2.19722e+07	     2.20923e+07	     2.19872e+07	            0.00
Real cycles:	     5.69873e+10	      5.7299e+10	     5.70263e+10	            0.00 
Proc usecs:	             620	     2.19376e+07	     2.06198e+07	            0.25 
Proc cycles:	     1.61262e+06	     5.70597e+10	     5.36322e+10	            0.25 
I/O cycles:	               0	               0	               0	            -nan 
PAPI_L3_TCA:	            1442	           42468	            4324	            2.21
PAPI_L3_TCM:	              37	            6860	             555	            2.84

Cumulative Process Counts:
Real usecs ...................................      3.73782e+08
Real cycles ..................................      9.69447e+11
Proc usecs ...................................      3.50537e+08
Proc cycles ..................................      9.11747e+11
I/O cycles ...................................                0
PAPI_L3_TCA ..................................            73520
PAPI_L3_TCM ..................................             9444

Event descriptions:
PAPI_L3_TCA                   : Level 3 total cache accesses
PAPI_L3_TCM                   : Level 3 cache misses

Derived event descriptions:
