papiex version                : 0.99rc9
Executable                    : /p/lscratchrza/rountree/single-node/bmarks/synthetic/scale-mem/bmark3
Arguments                     : 
Processor                     : Intel(R) Xeon(R) CPU E5-2670 0 @ 2.60GHz
Clockrate                     : 2601.000000
Hostname                      : rzmerl58
Options                       : DIR,PAPI_L3_TCA,PAPI_L3_TCM,NO_MPI_GATHER,NO_MPI_PROF
Domain                        : User
Parent process id             : 17005
Process id                    : 17032
Num. of threads               : 17
Start                         : Sun Jan 13 11:35:03 2013
Finish                        : Sun Jan 13 11:37:23 2013

Derived Metrics:
CPU Utilization ..............................             0.94
I/O Cycles % .................................             0.00




Program Statistics:
                             min                     max                    mean      coef. of variation
Real usecs:	     1.39308e+08	     1.39712e+08	     1.39346e+08	            0.00
Real cycles:	     3.61315e+11	     3.62365e+11	     3.61414e+11	            0.00 
Proc usecs:	           23180	     1.38864e+08	     1.30625e+08	            0.25 
Proc cycles:	     6.02938e+07	     3.61186e+11	     3.39755e+11	            0.25 
I/O cycles:	               0	               0	               0	            -nan 
PAPI_L3_TCA:	           70152	     2.42826e+09	     2.04655e+09	            0.26
PAPI_L3_TCM:	           68632	     9.94968e+07	     4.72547e+07	            0.60

Cumulative Process Counts:
Real usecs ...................................      2.36888e+09
Real cycles ..................................      6.14404e+12
Proc usecs ...................................      2.22062e+09
Proc cycles ..................................      5.77584e+12
I/O cycles ...................................                0
PAPI_L3_TCA ..................................      3.47913e+10
PAPI_L3_TCM ..................................       8.0333e+08

Event descriptions:
PAPI_L3_TCA                   : Level 3 total cache accesses
PAPI_L3_TCM                   : Level 3 cache misses

Derived event descriptions:
