papiex version                : 0.99rc9
Executable                    : /p/lscratchrza/rountree/single-node/bmarks/synthetic/scale-mem/bmark3
Arguments                     : 
Processor                     : Intel(R) Xeon(R) CPU E5-2670 0 @ 2.60GHz
Clockrate                     : 2601.000000
Hostname                      : rzmerl58
Options                       : DIR,PAPI_L3_TCA,PAPI_L3_TCM,NO_MPI_GATHER,NO_MPI_PROF
Domain                        : User
Parent process id             : 20888
Process id                    : 20915
Num. of threads               : 13
Start                         : Sun Jan 13 14:12:18 2013
Finish                        : Sun Jan 13 14:15:11 2013

Derived Metrics:
CPU Utilization ..............................             0.92
I/O Cycles % .................................             0.00




Program Statistics:
                             min                     max                    mean      coef. of variation
Real usecs:	     1.72699e+08	     1.72827e+08	     1.72719e+08	            0.00
Real cycles:	     4.47921e+11	     4.48253e+11	     4.47973e+11	            0.00 
Proc usecs:	           32955	       1.723e+08	     1.58941e+08	            0.29 
Proc cycles:	      8.5716e+07	     4.48153e+11	     4.13406e+11	            0.29 
I/O cycles:	               0	               0	               0	            -nan 
PAPI_L3_TCA:	          114410	      3.4405e+09	     2.83964e+09	            0.29
PAPI_L3_TCM:	          111518	     1.69997e+08	     7.93139e+07	            0.59

Cumulative Process Counts:
Real usecs ...................................      2.24535e+09
Real cycles ..................................      5.82364e+12
Proc usecs ...................................      2.06624e+09
Proc cycles ..................................      5.37428e+12
I/O cycles ...................................                0
PAPI_L3_TCA ..................................      3.69153e+10
PAPI_L3_TCM ..................................      1.03108e+09

Event descriptions:
PAPI_L3_TCA                   : Level 3 total cache accesses
PAPI_L3_TCM                   : Level 3 cache misses

Derived event descriptions:
