papiex version                : 0.99rc9
Executable                    : /p/lscratchrza/rountree/single-node/bmarks/synthetic/scale-mem/bmark3
Arguments                     : 
Processor                     : Intel(R) Xeon(R) CPU E5-2670 0 @ 2.60GHz
Clockrate                     : 2601.000000
Hostname                      : rzmerl109
Options                       : DIR,PAPI_L3_TCA,PAPI_L3_TCM,NO_MPI_GATHER,NO_MPI_PROF
Domain                        : User
Parent process id             : 34662
Process id                    : 34689
Num. of threads               : 11
Start                         : Sun Jan 13 12:46:46 2013
Finish                        : Sun Jan 13 12:50:23 2013

Derived Metrics:
CPU Utilization ..............................             0.91
I/O Cycles % .................................             0.00




Program Statistics:
                             min                     max                    mean      coef. of variation
Real usecs:	     2.16197e+08	     2.16312e+08	      2.1621e+08	            0.00
Real cycles:	      5.6074e+11	     5.61039e+11	     5.60772e+11	            0.00 
Proc usecs:	           41451	     2.15641e+08	     1.95976e+08	            0.32 
Proc cycles:	     1.07814e+08	     5.60882e+11	     5.09734e+11	            0.32 
I/O cycles:	               0	               0	               0	            -nan 
PAPI_L3_TCA:	          142711	     4.25724e+09	     3.52636e+09	            0.32
PAPI_L3_TCM:	          140027	     2.54971e+08	     1.07706e+08	            0.66

Cumulative Process Counts:
Real usecs ...................................       2.3783e+09
Real cycles ..................................       6.1685e+12
Proc usecs ...................................      2.15574e+09
Proc cycles ..................................      5.60708e+12
I/O cycles ...................................                0
PAPI_L3_TCA ..................................        3.879e+10
PAPI_L3_TCM ..................................      1.18477e+09

Event descriptions:
PAPI_L3_TCA                   : Level 3 total cache accesses
PAPI_L3_TCM                   : Level 3 cache misses

Derived event descriptions:
