papiex version                : 0.99rc9
Executable                    : /p/lscratchrza/rountree/single-node/bmarks/synthetic/no-scale-cpu-comm/bmark2
Arguments                     : 
Processor                     : Intel(R) Xeon(R) CPU E5-2670 0 @ 2.60GHz
Clockrate                     : 2601.000000
Hostname                      : rzmerl90
Options                       : DIR,PAPI_L3_TCA,PAPI_L3_TCM,NO_MPI_GATHER,NO_MPI_PROF
Domain                        : User
Parent process id             : 102144
Process id                    : 102171
Num. of threads               : 5
Start                         : Sun Jan 13 09:45:42 2013
Finish                        : Sun Jan 13 09:47:10 2013

Derived Metrics:
CPU Utilization ..............................             0.80
I/O Cycles % .................................             0.00




Program Statistics:
                             min                     max                    mean      coef. of variation
Real usecs:	     8.76659e+07	     8.77785e+07	     8.76884e+07	            0.00
Real cycles:	     2.27372e+11	     2.27664e+11	     2.27431e+11	            0.00 
Proc usecs:	            6544	     8.74847e+07	     6.98969e+07	            0.50 
Proc cycles:	     1.70183e+07	     2.27548e+11	     1.81802e+11	            0.50 
I/O cycles:	               0	               0	               0	            -nan 
PAPI_L3_TCA:	            1965	      1.0816e+07	     2.17639e+06	            1.98
PAPI_L3_TCM:	             280	            7858	            2096	            1.39

Cumulative Process Counts:
Real usecs ...................................      4.38442e+08
Real cycles ..................................      1.13715e+12
Proc usecs ...................................      3.49485e+08
Proc cycles ..................................       9.0901e+11
I/O cycles ...................................                0
PAPI_L3_TCA ..................................       1.0882e+07
PAPI_L3_TCM ..................................            10484

Event descriptions:
PAPI_L3_TCA                   : Level 3 total cache accesses
PAPI_L3_TCM                   : Level 3 cache misses

Derived event descriptions:
