papiex version                : 0.99rc9
Executable                    : /p/lscratchrza/rountree/single-node/bmarks/synthetic/no-scale-cpu-comm/bmark2
Arguments                     : 
Processor                     : Intel(R) Xeon(R) CPU E5-2670 0 @ 2.60GHz
Clockrate                     : 2601.000000
Hostname                      : rzmerl90
Options                       : DIR,PAPI_L3_TCA,PAPI_L3_TCM,NO_MPI_GATHER,NO_MPI_PROF
Domain                        : User
Parent process id             : 101591
Process id                    : 101618
Num. of threads               : 17
Start                         : Sun Jan 13 09:42:04 2013
Finish                        : Sun Jan 13 09:42:26 2013

Derived Metrics:
CPU Utilization ..............................             0.94
I/O Cycles % .................................             0.00




Program Statistics:
                             min                     max                    mean      coef. of variation
Real usecs:	     2.20346e+07	     2.21514e+07	     2.20443e+07	            0.00
Real cycles:	     5.71496e+10	     5.74525e+10	     5.71747e+10	            0.00 
Proc usecs:	             602	     2.19993e+07	     2.06638e+07	            0.25 
Proc cycles:	      1.5658e+06	     5.72202e+10	     5.37464e+10	            0.25 
I/O cycles:	               0	               0	               0	            -nan 
PAPI_L3_TCA:	            1409	     1.08229e+07	          638553	            3.99
PAPI_L3_TCM:	              25	            9021	             681	            3.06

Cumulative Process Counts:
Real usecs ...................................      3.74754e+08
Real cycles ..................................       9.7197e+11
Proc usecs ...................................      3.51284e+08
Proc cycles ..................................      9.13689e+11
I/O cycles ...................................                0
PAPI_L3_TCA ..................................      1.08554e+07
PAPI_L3_TCM ..................................            11583

Event descriptions:
PAPI_L3_TCA                   : Level 3 total cache accesses
PAPI_L3_TCM                   : Level 3 cache misses

Derived event descriptions:
