papiex version                : 0.99rc9
Executable                    : /p/lscratchrza/rountree/single-node/bmarks/sphot/sphot
Arguments                     : 
Processor                     : Intel(R) Xeon(R) CPU E5-2670 0 @ 2.60GHz
Clockrate                     : 2601.000000
Hostname                      : rzmerl18
Options                       : DIR,PAPI_L3_TCA,PAPI_L3_TCM,NO_MPI_GATHER,NO_MPI_PROF
Domain                        : User
Parent process id             : 6186
Process id                    : 6213
Num. of threads               : 5
Start                         : Sun Jan 13 11:53:46 2013
Finish                        : Sun Jan 13 11:59:57 2013

Derived Metrics:
CPU Utilization ..............................             0.80
I/O Cycles % .................................             0.00




Program Statistics:
                             min                     max                    mean      coef. of variation
Real usecs:	     3.69957e+08	     3.70098e+08	     3.69985e+08	            0.00
Real cycles:	     9.59524e+11	     9.59888e+11	     9.59597e+11	            0.00 
Proc usecs:	           25651	     3.69189e+08	     2.94824e+08	            0.50 
Proc cycles:	     6.67183e+07	     9.60259e+11	     7.66838e+11	            0.50 
I/O cycles:	               0	               0	               0	            -nan 
PAPI_L3_TCA:	          247191	     8.72868e+08	     6.76554e+08	            0.50
PAPI_L3_TCM:	            2474	     6.48928e+07	      5.0687e+07	            0.50

Cumulative Process Counts:
Real usecs ...................................      1.84993e+09
Real cycles ..................................      4.79798e+12
Proc usecs ...................................      1.47412e+09
Proc cycles ..................................      3.83419e+12
I/O cycles ...................................                0
PAPI_L3_TCA ..................................      3.38277e+09
PAPI_L3_TCM ..................................      2.53435e+08

Event descriptions:
PAPI_L3_TCA                   : Level 3 total cache accesses
PAPI_L3_TCM                   : Level 3 cache misses

Derived event descriptions:
