papiex version                : 0.99rc9
Executable                    : /p/lscratchrza/rountree/single-node/bmarks/synthetic/scale-mem/bmark3
Arguments                     : 
Processor                     : Intel(R) Xeon(R) CPU E5-2670 0 @ 2.60GHz
Clockrate                     : 2601.000000
Hostname                      : rzmerl33
Options                       : DIR,PAPI_L3_TCA,PAPI_L3_TCM,NO_MPI_GATHER,NO_MPI_PROF
Domain                        : User
Parent process id             : 17308
Process id                    : 17335
Num. of threads               : 13
Start                         : Sun Jan 13 11:40:33 2013
Finish                        : Sun Jan 13 11:43:32 2013

Derived Metrics:
CPU Utilization ..............................             0.92
I/O Cycles % .................................             0.00




Program Statistics:
                             min                     max                    mean      coef. of variation
Real usecs:	     1.78443e+08	     1.78561e+08	     1.78457e+08	            0.00
Real cycles:	     4.62818e+11	     4.63122e+11	     4.62852e+11	            0.00 
Proc usecs:	           34382	     1.77966e+08	     1.64171e+08	            0.29 
Proc cycles:	     8.94276e+07	     4.62889e+11	     4.27009e+11	            0.29 
I/O cycles:	               0	               0	               0	            -nan 
PAPI_L3_TCA:	          117665	     3.55548e+09	     2.98732e+09	            0.29
PAPI_L3_TCM:	          114627	     1.84149e+08	     8.25952e+07	            0.58

Cumulative Process Counts:
Real usecs ...................................      2.31994e+09
Real cycles ..................................      6.01708e+12
Proc usecs ...................................      2.13422e+09
Proc cycles ..................................      5.55111e+12
I/O cycles ...................................                0
PAPI_L3_TCA ..................................      3.88351e+10
PAPI_L3_TCM ..................................      1.07374e+09

Event descriptions:
PAPI_L3_TCA                   : Level 3 total cache accesses
PAPI_L3_TCM                   : Level 3 cache misses

Derived event descriptions:
