papiex version                : 0.99rc9
Executable                    : /p/lscratchrza/rountree/single-node/bmarks/sphot/sphot
Arguments                     : 
Processor                     : Intel(R) Xeon(R) CPU E5-2670 0 @ 2.60GHz
Clockrate                     : 2601.000000
Hostname                      : rzmerl18
Options                       : DIR,PAPI_L3_TCA,PAPI_L3_TCM,NO_MPI_GATHER,NO_MPI_PROF
Domain                        : User
Parent process id             : 6902
Process id                    : 6929
Num. of threads               : 7
Start                         : Sun Jan 13 12:12:11 2013
Finish                        : Sun Jan 13 12:16:19 2013

Derived Metrics:
CPU Utilization ..............................             0.86
I/O Cycles % .................................             0.00




Program Statistics:
                             min                     max                    mean      coef. of variation
Real usecs:	      2.4784e+08	     2.47983e+08	     2.47861e+08	            0.00
Real cycles:	       6.428e+11	     6.43171e+11	     6.42854e+11	            0.00 
Proc usecs:	           20692	     2.47321e+08	     2.11617e+08	            0.41 
Proc cycles:	     5.38173e+07	     6.43281e+11	     5.50416e+11	            0.41 
I/O cycles:	               0	               0	               0	            -nan 
PAPI_L3_TCA:	          163591	     4.73088e+08	     3.96137e+08	            0.41
PAPI_L3_TCM:	            4022	     4.34334e+07	     3.52488e+07	            0.41

Cumulative Process Counts:
Real usecs ...................................      1.73503e+09
Real cycles ..................................      4.49998e+12
Proc usecs ...................................      1.48132e+09
Proc cycles ..................................      3.85291e+12
I/O cycles ...................................                0
PAPI_L3_TCA ..................................      2.77296e+09
PAPI_L3_TCM ..................................      2.46741e+08

Event descriptions:
PAPI_L3_TCA                   : Level 3 total cache accesses
PAPI_L3_TCM                   : Level 3 cache misses

Derived event descriptions:
