papiex version                : 0.99rc9
Executable                    : /p/lscratchrza/rountree/single-node/bmarks/sphot/sphot
Arguments                     : 
Processor                     : Intel(R) Xeon(R) CPU E5-2670 0 @ 2.60GHz
Clockrate                     : 2601.000000
Hostname                      : rzmerl53
Options                       : DIR,PAPI_L3_TCA,PAPI_L3_TCM,NO_MPI_GATHER,NO_MPI_PROF
Domain                        : User
Parent process id             : 105987
Process id                    : 106014
Num. of threads               : 17
Start                         : Sun Jan 13 12:22:37 2013
Finish                        : Sun Jan 13 12:24:34 2013

Derived Metrics:
CPU Utilization ..............................             0.92
I/O Cycles % .................................             0.00




Program Statistics:
                             min                     max                    mean      coef. of variation
Real usecs:	     1.17437e+08	     1.17593e+08	     1.17456e+08	            0.00
Real cycles:	     3.04587e+11	     3.04991e+11	     3.04637e+11	            0.00 
Proc usecs:	            4805	     1.17189e+08	     1.08223e+08	            0.25 
Proc cycles:	     1.24978e+07	     3.04809e+11	     2.81489e+11	            0.25 
I/O cycles:	               0	               0	               0	            -nan 
PAPI_L3_TCA:	           46792	     2.34379e+08	     2.10762e+08	            0.25
PAPI_L3_TCM:	            2013	     4.36566e+07	     3.78185e+07	            0.26

Cumulative Process Counts:
Real usecs ...................................      1.99675e+09
Real cycles ..................................      5.17883e+12
Proc usecs ...................................       1.8398e+09
Proc cycles ..................................      4.78532e+12
I/O cycles ...................................                0
PAPI_L3_TCA ..................................      3.58296e+09
PAPI_L3_TCM ..................................      6.42914e+08

Event descriptions:
PAPI_L3_TCA                   : Level 3 total cache accesses
PAPI_L3_TCM                   : Level 3 cache misses

Derived event descriptions:
