papiex version                : 0.99rc9
Executable                    : /p/lscratchrza/rountree/single-node/bmarks/synthetic/scale-mem/bmark3
Arguments                     : 
Processor                     : Intel(R) Xeon(R) CPU E5-2670 0 @ 2.60GHz
Clockrate                     : 2601.000000
Hostname                      : rzmerl109
Options                       : DIR,PAPI_L3_TCA,PAPI_L3_TCM,NO_MPI_GATHER,NO_MPI_PROF
Domain                        : User
Parent process id             : 30940
Process id                    : 30967
Num. of threads               : 11
Start                         : Sun Jan 13 10:08:20 2013
Finish                        : Sun Jan 13 10:11:59 2013

Derived Metrics:
CPU Utilization ..............................             0.91
I/O Cycles % .................................             0.00




Program Statistics:
                             min                     max                    mean      coef. of variation
Real usecs:	     2.19589e+08	     2.19714e+08	     2.19611e+08	            0.00
Real cycles:	     5.69537e+11	     5.69862e+11	     5.69595e+11	            0.00 
Proc usecs:	           43624	     2.19025e+08	     1.98971e+08	            0.32 
Proc cycles:	     1.13466e+08	     5.69684e+11	     5.17524e+11	            0.32 
I/O cycles:	               0	               0	               0	            -nan 
PAPI_L3_TCA:	          142729	     4.07873e+09	      3.3372e+09	            0.32
PAPI_L3_TCM:	          140254	     2.23834e+08	     9.98947e+07	            0.69

Cumulative Process Counts:
Real usecs ...................................      2.41572e+09
Real cycles ..................................      6.26554e+12
Proc usecs ...................................      2.18868e+09
Proc cycles ..................................      5.69277e+12
I/O cycles ...................................                0
PAPI_L3_TCA ..................................      3.67092e+10
PAPI_L3_TCM ..................................      1.09884e+09

Event descriptions:
PAPI_L3_TCA                   : Level 3 total cache accesses
PAPI_L3_TCM                   : Level 3 cache misses

Derived event descriptions:
