papiex version                : 0.99rc9
Executable                    : /p/lscratchrza/rountree/single-node/bmarks/sphot/sphot
Arguments                     : 
Processor                     : Intel(R) Xeon(R) CPU E5-2670 0 @ 2.60GHz
Clockrate                     : 2601.000000
Hostname                      : rzmerl18
Options                       : DIR,PAPI_L3_TCA,PAPI_L3_TCM,NO_MPI_GATHER,NO_MPI_PROF
Domain                        : User
Parent process id             : 7283
Process id                    : 7310
Num. of threads               : 13
Start                         : Sun Jan 13 12:26:37 2013
Finish                        : Sun Jan 13 12:28:56 2013

Derived Metrics:
CPU Utilization ..............................             0.91
I/O Cycles % .................................             0.00




Program Statistics:
                             min                     max                    mean      coef. of variation
Real usecs:	     1.38413e+08	      1.3856e+08	     1.38427e+08	            0.00
Real cycles:	      3.5899e+11	     3.59371e+11	     3.59026e+11	            0.00 
Proc usecs:	            8468	     1.38126e+08	     1.25632e+08	            0.29 
Proc cycles:	     2.20253e+07	     3.59265e+11	     3.26768e+11	            0.29 
I/O cycles:	               0	               0	               0	            -nan 
PAPI_L3_TCA:	           94836	     4.55752e+08	     4.10022e+08	            0.29
PAPI_L3_TCM:	            2363	     4.31506e+07	      3.6682e+07	            0.29

Cumulative Process Counts:
Real usecs ...................................      1.79956e+09
Real cycles ..................................      4.66734e+12
Proc usecs ...................................      1.63321e+09
Proc cycles ..................................      4.24799e+12
I/O cycles ...................................                0
PAPI_L3_TCA ..................................      5.33028e+09
PAPI_L3_TCM ..................................      4.76865e+08

Event descriptions:
PAPI_L3_TCA                   : Level 3 total cache accesses
PAPI_L3_TCM                   : Level 3 cache misses

Derived event descriptions:
