papiex version                : 0.99rc9
Executable                    : /p/lscratchrza/rountree/single-node/bmarks/synthetic/scale-mem/bmark3
Arguments                     : 
Processor                     : Intel(R) Xeon(R) CPU E5-2670 0 @ 2.60GHz
Clockrate                     : 2601.000000
Hostname                      : rzmerl109
Options                       : DIR,PAPI_L3_TCA,PAPI_L3_TCM,NO_MPI_GATHER,NO_MPI_PROF
Domain                        : User
Parent process id             : 32490
Process id                    : 32517
Num. of threads               : 11
Start                         : Sun Jan 13 11:13:07 2013
Finish                        : Sun Jan 13 11:16:37 2013

Derived Metrics:
CPU Utilization ..............................             0.91
I/O Cycles % .................................             0.00




Program Statistics:
                             min                     max                    mean      coef. of variation
Real usecs:	     2.09993e+08	     2.10112e+08	     2.10005e+08	            0.00
Real cycles:	     5.44648e+11	     5.44957e+11	     5.44679e+11	            0.00 
Proc usecs:	           40001	     2.09527e+08	     1.90379e+08	            0.32 
Proc cycles:	      1.0404e+08	      5.4498e+11	     4.95175e+11	            0.32 
I/O cycles:	               0	               0	               0	            -nan 
PAPI_L3_TCA:	          138440	     4.12247e+09	     3.41021e+09	            0.32
PAPI_L3_TCM:	          135972	     2.38629e+08	     9.85816e+07	            0.69

Cumulative Process Counts:
Real usecs ...................................      2.31005e+09
Real cycles ..................................      5.99147e+12
Proc usecs ...................................      2.09416e+09
Proc cycles ..................................      5.44692e+12
I/O cycles ...................................                0
PAPI_L3_TCA ..................................      3.75123e+10
PAPI_L3_TCM ..................................       1.0844e+09

Event descriptions:
PAPI_L3_TCA                   : Level 3 total cache accesses
PAPI_L3_TCM                   : Level 3 cache misses

Derived event descriptions:
