papiex version                : 0.99rc9
Executable                    : /p/lscratchrza/rountree/single-node/bmarks/synthetic/scale-cpu/bmark1
Arguments                     : 
Processor                     : Intel(R) Xeon(R) CPU E5-2670 0 @ 2.60GHz
Clockrate                     : 2601.000000
Hostname                      : rzmerl126
Options                       : DIR,PAPI_L3_TCA,PAPI_L3_TCM,NO_MPI_GATHER,NO_MPI_PROF
Domain                        : User
Parent process id             : 7983
Process id                    : 8010
Num. of threads               : 5
Start                         : Sun Jan 13 09:30:15 2013
Finish                        : Sun Jan 13 09:31:43 2013

Derived Metrics:
CPU Utilization ..............................             0.80
I/O Cycles % .................................             0.00




Program Statistics:
                             min                     max                    mean      coef. of variation
Real usecs:	     8.79347e+07	      8.8046e+07	      8.7957e+07	            0.00
Real cycles:	      2.2807e+11	     2.28358e+11	     2.28127e+11	            0.00 
Proc usecs:	            7346	     8.77523e+07	     6.99823e+07	            0.50 
Proc cycles:	     1.91043e+07	     2.28244e+11	     1.82024e+11	            0.50 
I/O cycles:	               0	               0	               0	            -nan 
PAPI_L3_TCA:	            2181	           57679	           20307	            1.12
PAPI_L3_TCM:	             189	            7191	            1845	            1.46

Cumulative Process Counts:
Real usecs ...................................      4.39785e+08
Real cycles ..................................      1.14064e+12
Proc usecs ...................................      3.49911e+08
Proc cycles ..................................      9.10119e+11
I/O cycles ...................................                0
PAPI_L3_TCA ..................................           101539
PAPI_L3_TCM ..................................             9229

Event descriptions:
PAPI_L3_TCA                   : Level 3 total cache accesses
PAPI_L3_TCM                   : Level 3 cache misses

Derived event descriptions:
