papiex version                : 0.99rc9
Executable                    : /p/lscratchrza/rountree/single-node/bmarks/synthetic/scale-cpu/bmark1
Arguments                     : 
Processor                     : Intel(R) Xeon(R) CPU E5-2670 0 @ 2.60GHz
Clockrate                     : 2601.000000
Hostname                      : rzmerl138
Options                       : DIR,PAPI_L3_TCA,PAPI_L3_TCM,NO_MPI_GATHER,NO_MPI_PROF
Domain                        : User
Parent process id             : 63454
Process id                    : 63481
Num. of threads               : 5
Start                         : Sun Jan 13 09:20:04 2013
Finish                        : Sun Jan 13 09:21:32 2013

Derived Metrics:
CPU Utilization ..............................             0.80
I/O Cycles % .................................             0.00




Program Statistics:
                             min                     max                    mean      coef. of variation
Real usecs:	     8.78602e+07	     8.79722e+07	     8.78827e+07	            0.00
Real cycles:	     2.27876e+11	     2.28166e+11	     2.27934e+11	            0.00 
Proc usecs:	            6968	     8.76776e+07	     6.99467e+07	            0.50 
Proc cycles:	     1.81212e+07	     2.28049e+11	     1.81931e+11	            0.50 
I/O cycles:	               0	               0	               0	            -nan 
PAPI_L3_TCA:	            2217	           59856	           20796	            1.14
PAPI_L3_TCM:	             233	            9004	            2151	            1.60

Cumulative Process Counts:
Real usecs ...................................      4.39413e+08
Real cycles ..................................      1.13967e+12
Proc usecs ...................................      3.49734e+08
Proc cycles ..................................      9.09657e+11
I/O cycles ...................................                0
PAPI_L3_TCA ..................................           103982
PAPI_L3_TCM ..................................            10755

Event descriptions:
PAPI_L3_TCA                   : Level 3 total cache accesses
PAPI_L3_TCM                   : Level 3 cache misses

Derived event descriptions:
