papiex version                : 0.99rc9
Executable                    : /p/lscratchrza/rountree/single-node/bmarks/synthetic/no-scale-mem-comm/bmark4
Arguments                     : 
Processor                     : Intel(R) Xeon(R) CPU E5-2670 0 @ 2.60GHz
Clockrate                     : 2601.000000
Hostname                      : rzmerl28
Options                       : DIR,PAPI_L3_TCA,PAPI_L3_TCM,NO_MPI_GATHER,NO_MPI_PROF
Domain                        : User
Parent process id             : 24999
Process id                    : 25026
Num. of threads               : 7
Start                         : Sun Jan 13 10:17:13 2013
Finish                        : Sun Jan 13 10:22:44 2013

Derived Metrics:
CPU Utilization ..............................             0.86
I/O Cycles % .................................             0.00




Program Statistics:
                             min                     max                    mean      coef. of variation
Real usecs:	     3.30876e+08	     3.30989e+08	     3.30892e+08	            0.00
Real cycles:	     8.58171e+11	     8.58464e+11	     8.58213e+11	            0.00 
Proc usecs:	           61256	     3.30057e+08	      2.8284e+08	            0.41 
Proc cycles:	     1.59324e+08	     8.58479e+11	     7.35666e+11	            0.41 
I/O cycles:	               0	               0	               0	            -nan 
PAPI_L3_TCA:	          216691	     6.75295e+09	     5.51296e+09	            0.41
PAPI_L3_TCM:	          212940	     3.91238e+08	     2.17791e+08	            0.66

Cumulative Process Counts:
Real usecs ...................................      2.31624e+09
Real cycles ..................................      6.00749e+12
Proc usecs ...................................      1.97988e+09
Proc cycles ..................................      5.14966e+12
I/O cycles ...................................                0
PAPI_L3_TCA ..................................      3.85907e+10
PAPI_L3_TCM ..................................      1.52454e+09

Event descriptions:
PAPI_L3_TCA                   : Level 3 total cache accesses
PAPI_L3_TCM                   : Level 3 cache misses

Derived event descriptions:
