papiex version                : 0.99rc9
Executable                    : /p/lscratchrza/rountree/single-node/bmarks/sphot/sphot
Arguments                     : 
Processor                     : Intel(R) Xeon(R) CPU E5-2670 0 @ 2.60GHz
Clockrate                     : 2601.000000
Hostname                      : rzmerl53
Options                       : DIR,PAPI_L3_TCA,PAPI_L3_TCM,NO_MPI_GATHER,NO_MPI_PROF
Domain                        : User
Parent process id             : 106557
Process id                    : 106584
Num. of threads               : 5
Start                         : Sun Jan 13 12:38:54 2013
Finish                        : Sun Jan 13 12:45:05 2013

Derived Metrics:
CPU Utilization ..............................             0.80
I/O Cycles % .................................             0.00




Program Statistics:
                             min                     max                    mean      coef. of variation
Real usecs:	     3.70567e+08	     3.70706e+08	     3.70595e+08	            0.00
Real cycles:	     9.61111e+11	     9.61473e+11	     9.61183e+11	            0.00 
Proc usecs:	           22650	     3.69798e+08	     2.95413e+08	            0.50 
Proc cycles:	       5.891e+07	     9.61844e+11	      7.6837e+11	            0.50 
I/O cycles:	               0	               0	               0	            -nan 
PAPI_L3_TCA:	          239024	     1.01552e+09	     7.96849e+08	            0.50
PAPI_L3_TCM:	            6319	     5.09547e+07	     3.89798e+07	            0.50

Cumulative Process Counts:
Real usecs ...................................      1.85297e+09
Real cycles ..................................      4.80592e+12
Proc usecs ...................................      1.47707e+09
Proc cycles ..................................      3.84185e+12
I/O cycles ...................................                0
PAPI_L3_TCA ..................................      3.98425e+09
PAPI_L3_TCM ..................................      1.94899e+08

Event descriptions:
PAPI_L3_TCA                   : Level 3 total cache accesses
PAPI_L3_TCM                   : Level 3 cache misses

Derived event descriptions:
