papiex version                : 0.99rc9
Executable                    : /p/lscratchrza/rountree/single-node/bmarks/synthetic/scale-mem/bmark3
Arguments                     : 
Processor                     : Intel(R) Xeon(R) CPU E5-2670 0 @ 2.60GHz
Clockrate                     : 2601.000000
Hostname                      : rzmerl33
Options                       : DIR,PAPI_L3_TCA,PAPI_L3_TCM,NO_MPI_GATHER,NO_MPI_PROF
Domain                        : User
Parent process id             : 14176
Process id                    : 14203
Num. of threads               : 15
Start                         : Sun Jan 13 09:29:17 2013
Finish                        : Sun Jan 13 09:32:20 2013

Derived Metrics:
CPU Utilization ..............................             0.93
I/O Cycles % .................................             0.00




Program Statistics:
                             min                     max                    mean      coef. of variation
Real usecs:	     1.82358e+08	     1.82477e+08	      1.8237e+08	            0.00
Real cycles:	      4.7297e+11	      4.7328e+11	     4.73002e+11	            0.00 
Proc usecs:	           37368	     1.81799e+08	     1.69548e+08	            0.27 
Proc cycles:	     9.71942e+07	     4.72858e+11	     4.40993e+11	            0.27 
I/O cycles:	               0	               0	               0	            -nan 
PAPI_L3_TCA:	          120371	     2.39538e+09	     2.09885e+09	            0.27
PAPI_L3_TCM:	          117858	     1.01166e+08	     4.17416e+07	            0.65

Cumulative Process Counts:
Real usecs ...................................      2.73555e+09
Real cycles ..................................      7.09503e+12
Proc usecs ...................................      2.54321e+09
Proc cycles ..................................       6.6149e+12
I/O cycles ...................................                0
PAPI_L3_TCA ..................................      3.14827e+10
PAPI_L3_TCM ..................................      6.26124e+08

Event descriptions:
PAPI_L3_TCA                   : Level 3 total cache accesses
PAPI_L3_TCM                   : Level 3 cache misses

Derived event descriptions:
