papiex version                : 0.99rc9
Executable                    : /p/lscratchrza/rountree/single-node/bmarks/synthetic/scale-mem/bmark3
Arguments                     : 
Processor                     : Intel(R) Xeon(R) CPU E5-2670 0 @ 2.60GHz
Clockrate                     : 2601.000000
Hostname                      : rzmerl109
Options                       : DIR,PAPI_L3_TCA,PAPI_L3_TCM,NO_MPI_GATHER,NO_MPI_PROF
Domain                        : User
Parent process id             : 33454
Process id                    : 33481
Num. of threads               : 5
Start                         : Sun Jan 13 11:58:40 2013
Finish                        : Sun Jan 13 12:08:01 2013

Derived Metrics:
CPU Utilization ..............................             0.80
I/O Cycles % .................................             0.00




Program Statistics:
                             min                     max                    mean      coef. of variation
Real usecs:	     5.60179e+08	     5.60292e+08	     5.60202e+08	            0.00
Real cycles:	     1.45291e+12	      1.4532e+12	     1.45297e+12	            0.00 
Proc usecs:	          105803	     5.58869e+08	     4.47049e+08	            0.50 
Proc cycles:	     2.75194e+08	     1.45362e+12	     1.16278e+12	            0.50 
I/O cycles:	               0	               0	               0	            -nan 
PAPI_L3_TCA:	          365578	     1.37107e+10	     1.04843e+10	            0.50
PAPI_L3_TCM:	          357460	     9.55988e+08	     4.95795e+08	            0.64

Cumulative Process Counts:
Real usecs ...................................      2.80101e+09
Real cycles ..................................      7.26485e+12
Proc usecs ...................................      2.23525e+09
Proc cycles ..................................      5.81388e+12
I/O cycles ...................................                0
PAPI_L3_TCA ..................................      5.24213e+10
PAPI_L3_TCM ..................................      2.47897e+09

Event descriptions:
PAPI_L3_TCA                   : Level 3 total cache accesses
PAPI_L3_TCM                   : Level 3 cache misses

Derived event descriptions:
