papiex version                : 0.99rc9
Executable                    : /p/lscratchrza/rountree/single-node/bmarks/sphot/sphot
Arguments                     : 
Processor                     : Intel(R) Xeon(R) CPU E5-2670 0 @ 2.60GHz
Clockrate                     : 2601.000000
Hostname                      : rzmerl69
Options                       : DIR,PAPI_L3_TCA,PAPI_L3_TCM,NO_MPI_GATHER,NO_MPI_PROF
Domain                        : User
Parent process id             : 93363
Process id                    : 93390
Num. of threads               : 9
Start                         : Sun Jan 13 11:23:11 2013
Finish                        : Sun Jan 13 11:26:23 2013

Derived Metrics:
CPU Utilization ..............................             0.88
I/O Cycles % .................................             0.00




Program Statistics:
                             min                     max                    mean      coef. of variation
Real usecs:	     1.91299e+08	     1.91439e+08	     1.91315e+08	            0.00
Real cycles:	     4.96163e+11	     4.96527e+11	     4.96204e+11	            0.00 
Proc usecs:	           15907	     1.90905e+08	      1.6866e+08	            0.35 
Proc cycles:	     4.13741e+07	     4.96543e+11	     4.38685e+11	            0.35 
I/O cycles:	               0	               0	               0	            -nan 
PAPI_L3_TCA:	          129977	     5.07147e+08	     4.32881e+08	            0.35
PAPI_L3_TCM:	            3102	     4.48072e+07	     3.62382e+07	            0.36

Cumulative Process Counts:
Real usecs ...................................      1.72183e+09
Real cycles ..................................      4.46583e+12
Proc usecs ...................................      1.51794e+09
Proc cycles ..................................      3.94816e+12
I/O cycles ...................................                0
PAPI_L3_TCA ..................................      3.89593e+09
PAPI_L3_TCM ..................................      3.26144e+08

Event descriptions:
PAPI_L3_TCA                   : Level 3 total cache accesses
PAPI_L3_TCM                   : Level 3 cache misses

Derived event descriptions:
