papiex version                : 0.99rc9
Executable                    : /p/lscratchrza/rountree/single-node/bmarks/sphot/sphot
Arguments                     : 
Processor                     : Intel(R) Xeon(R) CPU E5-2670 0 @ 2.60GHz
Clockrate                     : 2601.000000
Hostname                      : rzmerl69
Options                       : DIR,PAPI_L3_TCA,PAPI_L3_TCM,NO_MPI_GATHER,NO_MPI_PROF
Domain                        : User
Parent process id             : 90518
Process id                    : 90545
Num. of threads               : 7
Start                         : Sun Jan 13 09:55:53 2013
Finish                        : Sun Jan 13 10:00:03 2013

Derived Metrics:
CPU Utilization ..............................             0.86
I/O Cycles % .................................             0.00




Program Statistics:
                             min                     max                    mean      coef. of variation
Real usecs:	     2.50301e+08	      2.5044e+08	     2.50321e+08	            0.00
Real cycles:	     6.49194e+11	     6.49553e+11	     6.49245e+11	            0.00 
Proc usecs:	           20869	     2.49785e+08	     2.13681e+08	            0.41 
Proc cycles:	     5.42777e+07	     6.49692e+11	     5.55783e+11	            0.41 
I/O cycles:	               0	               0	               0	            -nan 
PAPI_L3_TCA:	          157762	     1.19283e+09	     1.01128e+09	            0.41
PAPI_L3_TCM:	            1758	     4.96051e+07	      3.9123e+07	            0.42

Cumulative Process Counts:
Real usecs ...................................      1.75225e+09
Real cycles ..................................      4.54472e+12
Proc usecs ...................................      1.49576e+09
Proc cycles ..................................      3.89048e+12
I/O cycles ...................................                0
PAPI_L3_TCA ..................................      7.07894e+09
PAPI_L3_TCM ..................................      2.73861e+08

Event descriptions:
PAPI_L3_TCA                   : Level 3 total cache accesses
PAPI_L3_TCM                   : Level 3 cache misses

Derived event descriptions:
