papiex version                : 0.99rc9
Executable                    : /p/lscratchrza/rountree/single-node/bmarks/synthetic/no-scale-cpu-comm/bmark2
Arguments                     : 
Processor                     : Intel(R) Xeon(R) CPU E5-2670 0 @ 2.60GHz
Clockrate                     : 2601.000000
Hostname                      : rzmerl129
Options                       : DIR,PAPI_L3_TCA,PAPI_L3_TCM,NO_MPI_GATHER,NO_MPI_PROF
Domain                        : User
Parent process id             : 105940
Process id                    : 105967
Num. of threads               : 13
Start                         : Sun Jan 13 09:32:30 2013
Finish                        : Sun Jan 13 09:33:00 2013

Derived Metrics:
CPU Utilization ..............................             0.92
I/O Cycles % .................................             0.00




Program Statistics:
                             min                     max                    mean      coef. of variation
Real usecs:	     2.93278e+07	     2.94627e+07	     2.93513e+07	            0.00
Real cycles:	     7.60653e+10	     7.64152e+10	     7.61262e+10	            0.00 
Proc usecs:	            2516	     2.92943e+07	     2.69157e+07	            0.29 
Proc cycles:	     6.54152e+06	     7.61944e+10	     7.00079e+10	            0.29 
I/O cycles:	               0	               0	               0	            -nan 
PAPI_L3_TCA:	            1592	     1.08248e+07	          835785	            3.45
PAPI_L3_TCM:	              62	           17682	            1533	            3.04

Cumulative Process Counts:
Real usecs ...................................      3.81567e+08
Real cycles ..................................      9.89641e+11
Proc usecs ...................................      3.49905e+08
Proc cycles ..................................      9.10102e+11
I/O cycles ...................................                0
PAPI_L3_TCA ..................................      1.08652e+07
PAPI_L3_TCM ..................................            19930

Event descriptions:
PAPI_L3_TCA                   : Level 3 total cache accesses
PAPI_L3_TCM                   : Level 3 cache misses

Derived event descriptions:
