papiex version                : 0.99rc9
Executable                    : /p/lscratchrza/rountree/single-node/bmarks/synthetic/scale-cpu/bmark1
Arguments                     : 
Processor                     : Intel(R) Xeon(R) CPU E5-2670 0 @ 2.60GHz
Clockrate                     : 2601.000000
Hostname                      : rzmerl126
Options                       : DIR,PAPI_L3_TCA,PAPI_L3_TCM,NO_MPI_GATHER,NO_MPI_PROF
Domain                        : User
Parent process id             : 11267
Process id                    : 11294
Num. of threads               : 17
Start                         : Sun Jan 13 09:57:22 2013
Finish                        : Sun Jan 13 09:57:44 2013

Derived Metrics:
CPU Utilization ..............................             0.94
I/O Cycles % .................................             0.00




Program Statistics:
                             min                     max                    mean      coef. of variation
Real usecs:	     2.20301e+07	     2.21634e+07	     2.20546e+07	            0.00
Real cycles:	     5.71377e+10	     5.74835e+10	     5.72012e+10	            0.00 
Proc usecs:	             667	     2.20102e+07	     2.06834e+07	            0.25 
Proc cycles:	     1.73487e+06	     5.72485e+10	     5.37976e+10	            0.25 
I/O cycles:	               0	               0	               0	            -nan 
PAPI_L3_TCA:	            1235	           40707	            4116	            2.22
PAPI_L3_TCM:	              18	            5164	             438	            2.71

Cumulative Process Counts:
Real usecs ...................................      3.74928e+08
Real cycles ..................................      9.72421e+11
Proc usecs ...................................      3.51618e+08
Proc cycles ..................................      9.14559e+11
I/O cycles ...................................                0
PAPI_L3_TCA ..................................            69981
PAPI_L3_TCM ..................................             7452

Event descriptions:
PAPI_L3_TCA                   : Level 3 total cache accesses
PAPI_L3_TCM                   : Level 3 cache misses

Derived event descriptions:
