papiex version                : 0.99rc9
Executable                    : /p/lscratchrza/rountree/single-node/bmarks/synthetic/scale-cpu/bmark1
Arguments                     : 
Processor                     : Intel(R) Xeon(R) CPU E5-2670 0 @ 2.60GHz
Clockrate                     : 2601.000000
Hostname                      : rzmerl126
Options                       : DIR,PAPI_L3_TCA,PAPI_L3_TCM,NO_MPI_GATHER,NO_MPI_PROF
Domain                        : User
Parent process id             : 4222
Process id                    : 4249
Num. of threads               : 9
Start                         : Sun Jan 13 09:02:58 2013
Finish                        : Sun Jan 13 09:03:33 2013

Derived Metrics:
CPU Utilization ..............................             0.89
I/O Cycles % .................................             0.00




Program Statistics:
                             min                     max                    mean      coef. of variation
Real usecs:	     3.57085e+07	     3.58216e+07	     3.57216e+07	            0.00
Real cycles:	     9.26144e+10	     9.29078e+10	     9.26484e+10	            0.00 
Proc usecs:	            2536	     3.56382e+07	     3.16016e+07	            0.35 
Proc cycles:	     6.59614e+06	     9.26949e+10	     8.21956e+10	            0.35 
I/O cycles:	               0	               0	               0	            -nan 
PAPI_L3_TCA:	            1711	           36574	            8298	            1.45
PAPI_L3_TCM:	              96	            7589	            1046	            2.21

Cumulative Process Counts:
Real usecs ...................................      3.21494e+08
Real cycles ..................................      8.33836e+11
Proc usecs ...................................      2.84414e+08
Proc cycles ..................................      7.39761e+11
I/O cycles ...................................                0
PAPI_L3_TCA ..................................            74685
PAPI_L3_TCM ..................................             9422

Event descriptions:
PAPI_L3_TCA                   : Level 3 total cache accesses
PAPI_L3_TCM                   : Level 3 cache misses

Derived event descriptions:
