papiex version                : 0.99rc9
Executable                    : /p/lscratchrza/rountree/single-node/bmarks/synthetic/scale-cpu/bmark1
Arguments                     : 
Processor                     : Intel(R) Xeon(R) CPU E5-2670 0 @ 2.60GHz
Clockrate                     : 2601.000000
Hostname                      : rzmerl20
Options                       : DIR,PAPI_L3_TCA,PAPI_L3_TCM,NO_MPI_GATHER,NO_MPI_PROF
Domain                        : User
Parent process id             : 35559
Process id                    : 35586
Num. of threads               : 7
Start                         : Sun Jan 13 09:13:48 2013
Finish                        : Sun Jan 13 09:14:47 2013

Derived Metrics:
CPU Utilization ..............................             0.86
I/O Cycles % .................................             0.00




Program Statistics:
                             min                     max                    mean      coef. of variation
Real usecs:	     5.86294e+07	     5.87663e+07	     5.86489e+07	            0.00
Real cycles:	     1.52062e+11	     1.52418e+11	     1.52113e+11	            0.00 
Proc usecs:	            4723	     5.85078e+07	     5.00636e+07	            0.41 
Proc cycles:	     1.22819e+07	     1.52179e+11	     1.30215e+11	            0.41 
I/O cycles:	               0	               0	               0	            -nan 
PAPI_L3_TCA:	            2100	           39463	           12726	            1.28
PAPI_L3_TCM:	             231	            6854	            1290	            1.77

Cumulative Process Counts:
Real usecs ...................................      4.10543e+08
Real cycles ..................................      1.06479e+12
Proc usecs ...................................      3.50445e+08
Proc cycles ..................................      9.11508e+11
I/O cycles ...................................                0
PAPI_L3_TCA ..................................            89084
PAPI_L3_TCM ..................................             9032

Event descriptions:
PAPI_L3_TCA                   : Level 3 total cache accesses
PAPI_L3_TCM                   : Level 3 cache misses

Derived event descriptions:
