papiex version                : 0.99rc9
Executable                    : /p/lscratchrza/rountree/single-node/bmarks/synthetic/scale-cpu/bmark1
Arguments                     : 
Processor                     : Intel(R) Xeon(R) CPU E5-2670 0 @ 2.60GHz
Clockrate                     : 2601.000000
Hostname                      : rzmerl126
Options                       : DIR,PAPI_L3_TCA,PAPI_L3_TCM,NO_MPI_GATHER,NO_MPI_PROF
Domain                        : User
Parent process id             : 9726
Process id                    : 9753
Num. of threads               : 9
Start                         : Sun Jan 13 09:43:54 2013
Finish                        : Sun Jan 13 09:44:38 2013

Derived Metrics:
CPU Utilization ..............................             0.89
I/O Cycles % .................................             0.00




Program Statistics:
                             min                     max                    mean      coef. of variation
Real usecs:	     4.40056e+07	      4.4141e+07	     4.40346e+07	            0.00
Real cycles:	     1.14134e+11	     1.14485e+11	     1.14209e+11	            0.00 
Proc usecs:	            3608	     4.39321e+07	     3.89543e+07	            0.35 
Proc cycles:	     9.38181e+06	     1.14267e+11	      1.0132e+11	            0.35 
I/O cycles:	               0	               0	               0	            -nan 
PAPI_L3_TCA:	            1590	           37750	            9222	            1.45
PAPI_L3_TCM:	             102	            6749	             945	            2.17

Cumulative Process Counts:
Real usecs ...................................      3.96311e+08
Real cycles ..................................      1.02788e+12
Proc usecs ...................................      3.50589e+08
Proc cycles ..................................      9.11881e+11
I/O cycles ...................................                0
PAPI_L3_TCA ..................................            83005
PAPI_L3_TCM ..................................             8506

Event descriptions:
PAPI_L3_TCA                   : Level 3 total cache accesses
PAPI_L3_TCM                   : Level 3 cache misses

Derived event descriptions:
