papiex version                : 0.99rc9
Executable                    : /p/lscratchrza/rountree/single-node/bmarks/synthetic/no-scale-mem-comm/bmark4
Arguments                     : 
Processor                     : Intel(R) Xeon(R) CPU E5-2670 0 @ 2.60GHz
Clockrate                     : 2601.000000
Hostname                      : rzmerl107
Options                       : DIR,PAPI_L3_TCA,PAPI_L3_TCM,NO_MPI_GATHER,NO_MPI_PROF
Domain                        : User
Parent process id             : 76996
Process id                    : 77023
Num. of threads               : 11
Start                         : Sun Jan 13 11:46:05 2013
Finish                        : Sun Jan 13 11:49:34 2013

Derived Metrics:
CPU Utilization ..............................             0.91
I/O Cycles % .................................             0.00




Program Statistics:
                             min                     max                    mean      coef. of variation
Real usecs:	     2.08385e+08	     2.08505e+08	       2.084e+08	            0.00
Real cycles:	     5.40478e+11	     5.40789e+11	     5.40517e+11	            0.00 
Proc usecs:	           40877	     2.07915e+08	     1.88863e+08	            0.32 
Proc cycles:	     1.06318e+08	     5.40787e+11	     4.91233e+11	            0.32 
I/O cycles:	               0	               0	               0	            -nan 
PAPI_L3_TCA:	          137753	     4.18251e+09	     3.50688e+09	            0.32
PAPI_L3_TCM:	          134771	     2.50747e+08	     1.18774e+08	            0.55

Cumulative Process Counts:
Real usecs ...................................       2.2924e+09
Real cycles ..................................      5.94569e+12
Proc usecs ...................................       2.0775e+09
Proc cycles ..................................      5.40357e+12
I/O cycles ...................................                0
PAPI_L3_TCA ..................................      3.85756e+10
PAPI_L3_TCM ..................................      1.30651e+09

Event descriptions:
PAPI_L3_TCA                   : Level 3 total cache accesses
PAPI_L3_TCM                   : Level 3 cache misses

Derived event descriptions:
