papiex version                : 0.99rc9
Executable                    : /p/lscratchrza/rountree/single-node/bmarks/synthetic/scale-mem/bmark3
Arguments                     : 
Processor                     : Intel(R) Xeon(R) CPU E5-2670 0 @ 2.60GHz
Clockrate                     : 2601.000000
Hostname                      : rzmerl109
Options                       : DIR,PAPI_L3_TCA,PAPI_L3_TCM,NO_MPI_GATHER,NO_MPI_PROF
Domain                        : User
Parent process id             : 30510
Process id                    : 30537
Num. of threads               : 17
Start                         : Sun Jan 13 09:59:32 2013
Finish                        : Sun Jan 13 10:02:08 2013

Derived Metrics:
CPU Utilization ..............................             0.94
I/O Cycles % .................................             0.00




Program Statistics:
                             min                     max                    mean      coef. of variation
Real usecs:	     1.56026e+08	     1.56173e+08	     1.56046e+08	            0.00
Real cycles:	     4.04678e+11	     4.05058e+11	      4.0473e+11	            0.00 
Proc usecs:	           27559	     1.55647e+08	     1.46093e+08	            0.25 
Proc cycles:	     7.16784e+07	     4.04838e+11	     3.79989e+11	            0.25 
I/O cycles:	               0	               0	               0	            -nan 
PAPI_L3_TCA:	           77919	     1.98325e+09	     1.70627e+09	            0.26
PAPI_L3_TCM:	           76450	     7.55678e+07	     3.47577e+07	            0.55

Cumulative Process Counts:
Real usecs ...................................      2.65279e+09
Real cycles ..................................      6.88041e+12
Proc usecs ...................................      2.48359e+09
Proc cycles ..................................      6.45981e+12
I/O cycles ...................................                0
PAPI_L3_TCA ..................................      2.90065e+10
PAPI_L3_TCM ..................................      5.90881e+08

Event descriptions:
PAPI_L3_TCA                   : Level 3 total cache accesses
PAPI_L3_TCM                   : Level 3 cache misses

Derived event descriptions:
