papiex version                : 0.99rc9
Executable                    : /p/lscratchrza/rountree/single-node/bmarks/synthetic/scale-mem/bmark3
Arguments                     : 
Processor                     : Intel(R) Xeon(R) CPU E5-2670 0 @ 2.60GHz
Clockrate                     : 2601.000000
Hostname                      : rzmerl33
Options                       : DIR,PAPI_L3_TCA,PAPI_L3_TCM,NO_MPI_GATHER,NO_MPI_PROF
Domain                        : User
Parent process id             : 14274
Process id                    : 14301
Num. of threads               : 13
Start                         : Sun Jan 13 09:32:21 2013
Finish                        : Sun Jan 13 09:35:46 2013

Derived Metrics:
CPU Utilization ..............................             0.92
I/O Cycles % .................................             0.00




Program Statistics:
                             min                     max                    mean      coef. of variation
Real usecs:	     2.05599e+08	     2.05716e+08	     2.05612e+08	            0.00
Real cycles:	      5.3325e+11	     5.33553e+11	     5.33283e+11	            0.00 
Proc usecs:	           40783	     2.05127e+08	     1.89246e+08	            0.29 
Proc cycles:	     1.06077e+08	     5.33536e+11	     4.92228e+11	            0.29 
I/O cycles:	               0	               0	               0	            -nan 
PAPI_L3_TCA:	          135375	     3.14257e+09	      2.6816e+09	            0.29
PAPI_L3_TCM:	          133111	     1.33145e+08	     5.83731e+07	            0.64

Cumulative Process Counts:
Real usecs ...................................      2.67295e+09
Real cycles ..................................      6.93267e+12
Proc usecs ...................................      2.46019e+09
Proc cycles ..................................      6.39896e+12
I/O cycles ...................................                0
PAPI_L3_TCA ..................................      3.48608e+10
PAPI_L3_TCM ..................................       7.5885e+08

Event descriptions:
PAPI_L3_TCA                   : Level 3 total cache accesses
PAPI_L3_TCM                   : Level 3 cache misses

Derived event descriptions:
