papiex version                : 0.99rc9
Executable                    : /p/lscratchrza/rountree/single-node/bmarks/synthetic/scale-mem/bmark3
Arguments                     : 
Processor                     : Intel(R) Xeon(R) CPU E5-2670 0 @ 2.60GHz
Clockrate                     : 2601.000000
Hostname                      : rzmerl109
Options                       : DIR,PAPI_L3_TCA,PAPI_L3_TCM,NO_MPI_GATHER,NO_MPI_PROF
Domain                        : User
Parent process id             : 34066
Process id                    : 34093
Num. of threads               : 9
Start                         : Sun Jan 13 12:19:13 2013
Finish                        : Sun Jan 13 12:24:00 2013

Derived Metrics:
CPU Utilization ..............................             0.89
I/O Cycles % .................................             0.00




Program Statistics:
                             min                     max                    mean      coef. of variation
Real usecs:	     2.87174e+08	     2.87286e+08	     2.87187e+08	            0.00
Real cycles:	     7.44829e+11	      7.4512e+11	     7.44863e+11	            0.00 
Proc usecs:	           53470	     2.86471e+08	     2.54577e+08	            0.35 
Proc cycles:	     1.39075e+08	     7.45112e+11	     6.62155e+11	            0.35 
I/O cycles:	               0	               0	               0	            -nan 
PAPI_L3_TCA:	          188224	     6.12007e+09	     4.99128e+09	            0.36
PAPI_L3_TCM:	          184787	     2.98332e+08	     1.38173e+08	            0.66

Cumulative Process Counts:
Real usecs ...................................      2.58468e+09
Real cycles ..................................      6.70376e+12
Proc usecs ...................................      2.29119e+09
Proc cycles ..................................       5.9594e+12
I/O cycles ...................................                0
PAPI_L3_TCA ..................................      4.49215e+10
PAPI_L3_TCM ..................................      1.24356e+09

Event descriptions:
PAPI_L3_TCA                   : Level 3 total cache accesses
PAPI_L3_TCM                   : Level 3 cache misses

Derived event descriptions:
