papiex version                : 0.99rc9
Executable                    : /p/lscratchrza/rountree/single-node/bmarks/sphot/sphot
Arguments                     : 
Processor                     : Intel(R) Xeon(R) CPU E5-2670 0 @ 2.60GHz
Clockrate                     : 2601.000000
Hostname                      : rzmerl18
Options                       : DIR,PAPI_L3_TCA,PAPI_L3_TCM,NO_MPI_GATHER,NO_MPI_PROF
Domain                        : User
Parent process id             : 2395
Process id                    : 2422
Num. of threads               : 5
Start                         : Sun Jan 13 10:00:38 2013
Finish                        : Sun Jan 13 10:06:48 2013

Derived Metrics:
CPU Utilization ..............................             0.80
I/O Cycles % .................................             0.00




Program Statistics:
                             min                     max                    mean      coef. of variation
Real usecs:	     3.69817e+08	     3.69955e+08	     3.69846e+08	            0.00
Real cycles:	     9.59159e+11	     9.59518e+11	     9.59235e+11	            0.00 
Proc usecs:	           27681	      3.6905e+08	      2.9498e+08	            0.50 
Proc cycles:	     7.19957e+07	       9.599e+11	     7.67243e+11	            0.50 
I/O cycles:	               0	               0	               0	            -nan 
PAPI_L3_TCA:	          239563	     8.31736e+08	     6.49744e+08	            0.50
PAPI_L3_TCM:	            6196	     7.75696e+07	     5.60373e+07	            0.51

Cumulative Process Counts:
Real usecs ...................................      1.84923e+09
Real cycles ..................................      4.79617e+12
Proc usecs ...................................       1.4749e+09
Proc cycles ..................................      3.83622e+12
I/O cycles ...................................                0
PAPI_L3_TCA ..................................      3.24872e+09
PAPI_L3_TCM ..................................      2.80186e+08

Event descriptions:
PAPI_L3_TCA                   : Level 3 total cache accesses
PAPI_L3_TCM                   : Level 3 cache misses

Derived event descriptions:
