papiex version                : 0.99rc9
Executable                    : /p/lscratchrza/rountree/single-node/bmarks/synthetic/scale-cpu/bmark1
Arguments                     : 
Processor                     : Intel(R) Xeon(R) CPU E5-2670 0 @ 2.60GHz
Clockrate                     : 2601.000000
Hostname                      : rzmerl138
Options                       : DIR,PAPI_L3_TCA,PAPI_L3_TCM,NO_MPI_GATHER,NO_MPI_PROF
Domain                        : User
Parent process id             : 61524
Process id                    : 61551
Num. of threads               : 17
Start                         : Sun Jan 13 09:05:33 2013
Finish                        : Sun Jan 13 09:06:03 2013

Derived Metrics:
CPU Utilization ..............................             0.93
I/O Cycles % .................................             0.00




Program Statistics:
                             min                     max                    mean      coef. of variation
Real usecs:	     2.92768e+07	     2.93911e+07	     2.92848e+07	            0.00
Real cycles:	     7.59329e+10	     7.62293e+10	     7.59535e+10	            0.00 
Proc usecs:	            1031	     2.91397e+07	     2.70677e+07	            0.25 
Proc cycles:	     2.68163e+06	     7.57925e+10	      7.0403e+10	            0.25 
I/O cycles:	               0	               0	               0	            -nan 
PAPI_L3_TCA:	            1521	           41179	            4643	            1.97
PAPI_L3_TCM:	              44	            6891	             582	            2.71

Cumulative Process Counts:
Real usecs ...................................      4.97841e+08
Real cycles ..................................      1.29121e+12
Proc usecs ...................................       4.6015e+08
Proc cycles ..................................      1.19685e+12
I/O cycles ...................................                0
PAPI_L3_TCA ..................................            78938
PAPI_L3_TCM ..................................             9904

Event descriptions:
PAPI_L3_TCA                   : Level 3 total cache accesses
PAPI_L3_TCM                   : Level 3 cache misses

Derived event descriptions:
