papiex version                : 0.99rc9
Executable                    : /p/lscratchrza/rountree/single-node/bmarks/sphot/sphot
Arguments                     : 
Processor                     : Intel(R) Xeon(R) CPU E5-2670 0 @ 2.60GHz
Clockrate                     : 2601.000000
Hostname                      : rzmerl69
Options                       : DIR,PAPI_L3_TCA,PAPI_L3_TCM,NO_MPI_GATHER,NO_MPI_PROF
Domain                        : User
Parent process id             : 96805
Process id                    : 96832
Num. of threads               : 11
Start                         : Sun Jan 13 13:13:31 2013
Finish                        : Sun Jan 13 13:16:11 2013

Derived Metrics:
CPU Utilization ..............................             0.90
I/O Cycles % .................................             0.00




Program Statistics:
                             min                     max                    mean      coef. of variation
Real usecs:	      1.5996e+08	     1.60107e+08	     1.59979e+08	            0.00
Real cycles:	     4.14882e+11	     4.15262e+11	     4.14929e+11	            0.00 
Proc usecs:	           21094	     1.59635e+08	      1.4352e+08	            0.32 
Proc cycles:	     5.48629e+07	     4.15211e+11	     3.73295e+11	            0.32 
I/O cycles:	               0	               0	               0	            -nan 
PAPI_L3_TCA:	          109799	     4.67001e+08	     4.05619e+08	            0.32
PAPI_L3_TCM:	            2764	     4.52104e+07	     3.68989e+07	            0.32

Cumulative Process Counts:
Real usecs ...................................      1.75977e+09
Real cycles ..................................      4.56422e+12
Proc usecs ...................................      1.57872e+09
Proc cycles ..................................      4.10624e+12
I/O cycles ...................................                0
PAPI_L3_TCA ..................................      4.46181e+09
PAPI_L3_TCM ..................................      4.05888e+08

Event descriptions:
PAPI_L3_TCA                   : Level 3 total cache accesses
PAPI_L3_TCM                   : Level 3 cache misses

Derived event descriptions:
