papiex version                : 0.99rc9
Executable                    : /p/lscratchrza/rountree/single-node/bmarks/synthetic/no-scale-cpu-comm/bmark2
Arguments                     : 
Processor                     : Intel(R) Xeon(R) CPU E5-2670 0 @ 2.60GHz
Clockrate                     : 2601.000000
Hostname                      : rzmerl129
Options                       : DIR,PAPI_L3_TCA,PAPI_L3_TCM,NO_MPI_GATHER,NO_MPI_PROF
Domain                        : User
Parent process id             : 108133
Process id                    : 108160
Num. of threads               : 7
Start                         : Sun Jan 13 09:49:42 2013
Finish                        : Sun Jan 13 09:50:40 2013

Derived Metrics:
CPU Utilization ..............................             0.86
I/O Cycles % .................................             0.00




Program Statistics:
                             min                     max                    mean      coef. of variation
Real usecs:	     5.85186e+07	     5.86315e+07	     5.85349e+07	            0.00
Real cycles:	     1.51775e+11	     1.52068e+11	     1.51818e+11	            0.00 
Proc usecs:	            4159	     5.84009e+07	     4.99491e+07	            0.41 
Proc cycles:	      1.0815e+07	     1.51901e+11	     1.29918e+11	            0.41 
I/O cycles:	               0	               0	               0	            -nan 
PAPI_L3_TCA:	            1843	     1.08119e+07	     1.55152e+06	            2.44
PAPI_L3_TCM:	             163	           12083	            2067	            1.98

Cumulative Process Counts:
Real usecs ...................................      4.09744e+08
Real cycles ..................................      1.06272e+12
Proc usecs ...................................      3.49644e+08
Proc cycles ..................................      9.09424e+11
I/O cycles ...................................                0
PAPI_L3_TCA ..................................      1.08607e+07
PAPI_L3_TCM ..................................            14473

Event descriptions:
PAPI_L3_TCA                   : Level 3 total cache accesses
PAPI_L3_TCM                   : Level 3 cache misses

Derived event descriptions:
