papiex version                : 0.99rc9
Executable                    : /p/lscratchrza/rountree/single-node/bmarks/synthetic/no-scale-cpu-comm/bmark2
Arguments                     : 
Processor                     : Intel(R) Xeon(R) CPU E5-2670 0 @ 2.60GHz
Clockrate                     : 2601.000000
Hostname                      : rzmerl90
Options                       : DIR,PAPI_L3_TCA,PAPI_L3_TCM,NO_MPI_GATHER,NO_MPI_PROF
Domain                        : User
Parent process id             : 100687
Process id                    : 100714
Num. of threads               : 9
Start                         : Sun Jan 13 09:33:44 2013
Finish                        : Sun Jan 13 09:34:28 2013

Derived Metrics:
CPU Utilization ..............................             0.89
I/O Cycles % .................................             0.00




Program Statistics:
                             min                     max                    mean      coef. of variation
Real usecs:	     4.37751e+07	     4.38889e+07	      4.3788e+07	            0.00
Real cycles:	     1.13536e+11	     1.13831e+11	      1.1357e+11	            0.00 
Proc usecs:	            4048	     4.36891e+07	     3.88316e+07	            0.35 
Proc cycles:	     1.05262e+07	     1.13635e+11	     1.01001e+11	            0.35 
I/O cycles:	               0	               0	               0	            -nan 
PAPI_L3_TCA:	            1633	     1.08153e+07	     1.20645e+06	            2.82
PAPI_L3_TCM:	             117	            7283	            1074	            2.05

Cumulative Process Counts:
Real usecs ...................................      3.94092e+08
Real cycles ..................................      1.02213e+12
Proc usecs ...................................      3.49485e+08
Proc cycles ..................................       9.0901e+11
I/O cycles ...................................                0
PAPI_L3_TCA ..................................      1.08581e+07
PAPI_L3_TCM ..................................             9666

Event descriptions:
PAPI_L3_TCA                   : Level 3 total cache accesses
PAPI_L3_TCM                   : Level 3 cache misses

Derived event descriptions:
