papiex version                : 0.99rc9
Executable                    : /p/lscratchrza/rountree/single-node/bmarks/synthetic/scale-cpu/bmark1
Arguments                     : 
Processor                     : Intel(R) Xeon(R) CPU E5-2670 0 @ 2.60GHz
Clockrate                     : 2601.000000
Hostname                      : rzmerl126
Options                       : DIR,PAPI_L3_TCA,PAPI_L3_TCM,NO_MPI_GATHER,NO_MPI_PROF
Domain                        : User
Parent process id             : 3845
Process id                    : 3872
Num. of threads               : 17
Start                         : Sun Jan 13 09:01:20 2013
Finish                        : Sun Jan 13 09:01:39 2013

Derived Metrics:
CPU Utilization ..............................             0.94
I/O Cycles % .................................             0.00




Program Statistics:
                             min                     max                    mean      coef. of variation
Real usecs:	     1.91065e+07	     1.92518e+07	     1.91321e+07	            0.00
Real cycles:	      4.9555e+10	     4.99319e+10	     4.96216e+10	            0.00 
Proc usecs:	             461	     1.90897e+07	     1.79595e+07	            0.25 
Proc cycles:	     1.19906e+06	     4.96524e+10	     4.67126e+10	            0.25 
I/O cycles:	               0	               0	               0	            -nan 
PAPI_L3_TCA:	            1476	           56760	            5081	            2.54
PAPI_L3_TCM:	              35	            3785	             381	            2.25

Cumulative Process Counts:
Real usecs ...................................      3.25246e+08
Real cycles ..................................      8.43567e+11
Proc usecs ...................................      3.05311e+08
Proc cycles ..................................      7.94114e+11
I/O cycles ...................................                0
PAPI_L3_TCA ..................................            86387
PAPI_L3_TCM ..................................             6493

Event descriptions:
PAPI_L3_TCA                   : Level 3 total cache accesses
PAPI_L3_TCM                   : Level 3 cache misses

Derived event descriptions:
