papiex version                : 0.99rc9
Executable                    : /p/lscratchrza/rountree/single-node/bmarks/synthetic/no-scale-mem-comm/bmark4
Arguments                     : 
Processor                     : Intel(R) Xeon(R) CPU E5-2670 0 @ 2.60GHz
Clockrate                     : 2601.000000
Hostname                      : rzmerl28
Options                       : DIR,PAPI_L3_TCA,PAPI_L3_TCM,NO_MPI_GATHER,NO_MPI_PROF
Domain                        : User
Parent process id             : 29348
Process id                    : 29375
Num. of threads               : 9
Start                         : Sun Jan 13 13:21:12 2013
Finish                        : Sun Jan 13 13:26:01 2013

Derived Metrics:
CPU Utilization ..............................             0.89
I/O Cycles % .................................             0.00




Program Statistics:
                             min                     max                    mean      coef. of variation
Real usecs:	      2.8872e+08	     2.88834e+08	     2.88733e+08	            0.00
Real cycles:	     7.48833e+11	      7.4913e+11	     7.48867e+11	            0.00 
Proc usecs:	           52818	      2.8797e+08	     2.55849e+08	            0.35 
Proc cycles:	      1.3738e+08	      7.4901e+11	     6.65462e+11	            0.35 
I/O cycles:	               0	               0	               0	            -nan 
PAPI_L3_TCA:	          192498	     6.14498e+09	     5.06613e+09	            0.36
PAPI_L3_TCM:	          187807	     2.84977e+08	     1.32768e+08	            0.66

Cumulative Process Counts:
Real usecs ...................................       2.5986e+09
Real cycles ..................................       6.7398e+12
Proc usecs ...................................      2.30264e+09
Proc cycles ..................................      5.98916e+12
I/O cycles ...................................                0
PAPI_L3_TCA ..................................      4.55952e+10
PAPI_L3_TCM ..................................      1.19491e+09

Event descriptions:
PAPI_L3_TCA                   : Level 3 total cache accesses
PAPI_L3_TCM                   : Level 3 cache misses

Derived event descriptions:
