papiex version                : 0.99rc9
Executable                    : /p/lscratchrza/rountree/single-node/bmarks/synthetic/scale-cpu/bmark1
Arguments                     : 
Processor                     : Intel(R) Xeon(R) CPU E5-2670 0 @ 2.60GHz
Clockrate                     : 2601.000000
Hostname                      : rzmerl138
Options                       : DIR,PAPI_L3_TCA,PAPI_L3_TCM,NO_MPI_GATHER,NO_MPI_PROF
Domain                        : User
Parent process id             : 60885
Process id                    : 60912
Num. of threads               : 15
Start                         : Sun Jan 13 09:01:40 2013
Finish                        : Sun Jan 13 09:02:02 2013

Derived Metrics:
CPU Utilization ..............................             0.93
I/O Cycles % .................................             0.00




Program Statistics:
                             min                     max                    mean      coef. of variation
Real usecs:	     2.18113e+07	     2.19263e+07	     2.18216e+07	            0.00
Real cycles:	     5.65702e+10	     5.68685e+10	     5.65969e+10	            0.00 
Proc usecs:	            1516	     2.17703e+07	     2.02891e+07	            0.27 
Proc cycles:	     3.94312e+06	     5.66246e+10	     5.27721e+10	            0.27 
I/O cycles:	               0	               0	               0	            -nan 
PAPI_L3_TCA:	            1323	           39100	            5259	            1.84
PAPI_L3_TCM:	              35	            4741	             476	            2.41

Cumulative Process Counts:
Real usecs ...................................      3.27324e+08
Real cycles ..................................      8.48953e+11
Proc usecs ...................................      3.04337e+08
Proc cycles ..................................      7.91581e+11
I/O cycles ...................................                0
PAPI_L3_TCA ..................................            78889
PAPI_L3_TCM ..................................             7141

Event descriptions:
PAPI_L3_TCA                   : Level 3 total cache accesses
PAPI_L3_TCM                   : Level 3 cache misses

Derived event descriptions:
