papiex version                : 0.99rc9
Executable                    : /p/lscratchrza/rountree/single-node/bmarks/synthetic/no-scale-cpu-comm/bmark2
Arguments                     : 
Processor                     : Intel(R) Xeon(R) CPU E5-2670 0 @ 2.60GHz
Clockrate                     : 2601.000000
Hostname                      : rzmerl85
Options                       : DIR,PAPI_L3_TCA,PAPI_L3_TCM,NO_MPI_GATHER,NO_MPI_PROF
Domain                        : User
Parent process id             : 14270
Process id                    : 14297
Num. of threads               : 9
Start                         : Sun Jan 13 09:48:58 2013
Finish                        : Sun Jan 13 09:49:42 2013

Derived Metrics:
CPU Utilization ..............................             0.89
I/O Cycles % .................................             0.00




Program Statistics:
                             min                     max                    mean      coef. of variation
Real usecs:	     4.37697e+07	     4.38916e+07	     4.37904e+07	            0.00
Real cycles:	     1.13523e+11	      1.1384e+11	     1.13577e+11	            0.00 
Proc usecs:	            4258	     4.36932e+07	     3.87302e+07	            0.35 
Proc cycles:	     1.10751e+07	     1.13646e+11	     1.00737e+11	            0.35 
I/O cycles:	               0	               0	               0	            -nan 
PAPI_L3_TCA:	            1561	     1.08164e+07	      1.2067e+06	            2.82
PAPI_L3_TCM:	              79	           11219	            1462	            2.36

Cumulative Process Counts:
Real usecs ...................................      3.94113e+08
Real cycles ..................................      1.02219e+12
Proc usecs ...................................      3.48572e+08
Proc cycles ..................................      9.06635e+11
I/O cycles ...................................                0
PAPI_L3_TCA ..................................      1.08603e+07
PAPI_L3_TCM ..................................            13166

Event descriptions:
PAPI_L3_TCA                   : Level 3 total cache accesses
PAPI_L3_TCM                   : Level 3 cache misses

Derived event descriptions:
