papiex version                : 0.99rc9
Executable                    : /p/lscratchrza/rountree/single-node/bmarks/synthetic/no-scale-mem-comm/bmark4
Arguments                     : 
Processor                     : Intel(R) Xeon(R) CPU E5-2670 0 @ 2.60GHz
Clockrate                     : 2601.000000
Hostname                      : rzmerl28
Options                       : DIR,PAPI_L3_TCA,PAPI_L3_TCM,NO_MPI_GATHER,NO_MPI_PROF
Domain                        : User
Parent process id             : 28582
Process id                    : 28609
Num. of threads               : 9
Start                         : Sun Jan 13 12:49:50 2013
Finish                        : Sun Jan 13 12:54:24 2013

Derived Metrics:
CPU Utilization ..............................             0.89
I/O Cycles % .................................             0.00




Program Statistics:
                             min                     max                    mean      coef. of variation
Real usecs:	     2.73766e+08	     2.73881e+08	     2.73779e+08	            0.00
Real cycles:	     7.10048e+11	     7.10346e+11	     7.10082e+11	            0.00 
Proc usecs:	           51218	     2.73174e+08	     2.42665e+08	            0.35 
Proc cycles:	     1.33215e+08	     7.10525e+11	     6.31171e+11	            0.35 
I/O cycles:	               0	               0	               0	            -nan 
PAPI_L3_TCA:	          182800	     5.83148e+09	     4.80503e+09	            0.36
PAPI_L3_TCM:	          179756	      2.7125e+08	     1.25805e+08	            0.66

Cumulative Process Counts:
Real usecs ...................................      2.46401e+09
Real cycles ..................................      6.39074e+12
Proc usecs ...................................      2.18398e+09
Proc cycles ..................................      5.68054e+12
I/O cycles ...................................                0
PAPI_L3_TCA ..................................      4.32453e+10
PAPI_L3_TCM ..................................      1.13225e+09

Event descriptions:
PAPI_L3_TCA                   : Level 3 total cache accesses
PAPI_L3_TCM                   : Level 3 cache misses

Derived event descriptions:
