papiex version                : 0.99rc9
Executable                    : /p/lscratchrza/rountree/single-node/bmarks/synthetic/no-scale-cpu-comm/bmark2
Arguments                     : 
Processor                     : Intel(R) Xeon(R) CPU E5-2670 0 @ 2.60GHz
Clockrate                     : 2601.000000
Hostname                      : rzmerl90
Options                       : DIR,PAPI_L3_TCA,PAPI_L3_TCM,NO_MPI_GATHER,NO_MPI_PROF
Domain                        : User
Parent process id             : 96230
Process id                    : 96257
Num. of threads               : 17
Start                         : Sun Jan 13 09:01:20 2013
Finish                        : Sun Jan 13 09:01:39 2013

Derived Metrics:
CPU Utilization ..............................             0.94
I/O Cycles % .................................             0.00




Program Statistics:
                             min                     max                    mean      coef. of variation
Real usecs:	     1.90244e+07	     1.91709e+07	     1.90438e+07	            0.00
Real cycles:	     4.93423e+10	     4.97222e+10	     4.93925e+10	            0.00 
Proc usecs:	             549	     1.90124e+07	     1.78396e+07	            0.25 
Proc cycles:	     1.42795e+06	     4.94513e+10	     4.64008e+10	            0.25 
I/O cycles:	               0	               0	               0	            -nan 
PAPI_L3_TCA:	            1253	     1.08411e+07	          639466	            3.99
PAPI_L3_TCM:	              22	           18531	            1228	            3.52

Cumulative Process Counts:
Real usecs ...................................      3.23744e+08
Real cycles ..................................      8.39672e+11
Proc usecs ...................................      3.03273e+08
Proc cycles ..................................      7.88814e+11
I/O cycles ...................................                0
PAPI_L3_TCA ..................................      1.08709e+07
PAPI_L3_TCM ..................................            20876

Event descriptions:
PAPI_L3_TCA                   : Level 3 total cache accesses
PAPI_L3_TCM                   : Level 3 cache misses

Derived event descriptions:
