papiex version                : 0.99rc9
Executable                    : /p/lscratchrza/rountree/single-node/bmarks/synthetic/scale-cpu/bmark1
Arguments                     : 
Processor                     : Intel(R) Xeon(R) CPU E5-2670 0 @ 2.60GHz
Clockrate                     : 2601.000000
Hostname                      : rzmerl138
Options                       : DIR,PAPI_L3_TCA,PAPI_L3_TCM,NO_MPI_GATHER,NO_MPI_PROF
Domain                        : User
Parent process id             : 65618
Process id                    : 65645
Num. of threads               : 15
Start                         : Sun Jan 13 09:37:22 2013
Finish                        : Sun Jan 13 09:37:47 2013

Derived Metrics:
CPU Utilization ..............................             0.93
I/O Cycles % .................................             0.00




Program Statistics:
                             min                     max                    mean      coef. of variation
Real usecs:	     2.51463e+07	     2.52638e+07	     2.51574e+07	            0.00
Real cycles:	       6.522e+10	     6.55245e+10	     6.52488e+10	            0.00 
Proc usecs:	            2030	     2.51023e+07	     2.34237e+07	            0.27 
Proc cycles:	     5.27483e+06	     6.52911e+10	     6.09251e+10	            0.27 
I/O cycles:	               0	               0	               0	            -nan 
PAPI_L3_TCA:	            1211	           38562	            5192	            1.87
PAPI_L3_TCM:	              17	            4820	             481	            2.42

Cumulative Process Counts:
Real usecs ...................................      3.77362e+08
Real cycles ..................................      9.78732e+11
Proc usecs ...................................      3.51356e+08
Proc cycles ..................................      9.13877e+11
I/O cycles ...................................                0
PAPI_L3_TCA ..................................            77888
PAPI_L3_TCM ..................................             7215

Event descriptions:
PAPI_L3_TCA                   : Level 3 total cache accesses
PAPI_L3_TCM                   : Level 3 cache misses

Derived event descriptions:
