papiex version                : 0.99rc9
Executable                    : /p/lscratchrza/rountree/single-node/bmarks/sphot/sphot
Arguments                     : 
Processor                     : Intel(R) Xeon(R) CPU E5-2670 0 @ 2.60GHz
Clockrate                     : 2601.000000
Hostname                      : rzmerl53
Options                       : DIR,PAPI_L3_TCA,PAPI_L3_TCM,NO_MPI_GATHER,NO_MPI_PROF
Domain                        : User
Parent process id             : 103605
Process id                    : 103632
Num. of threads               : 7
Start                         : Sun Jan 13 11:04:35 2013
Finish                        : Sun Jan 13 11:08:44 2013

Derived Metrics:
CPU Utilization ..............................             0.86
I/O Cycles % .................................             0.00




Program Statistics:
                             min                     max                    mean      coef. of variation
Real usecs:	     2.48552e+08	     2.48719e+08	     2.48576e+08	            0.00
Real cycles:	     6.44651e+11	     6.45082e+11	     6.44712e+11	            0.00 
Proc usecs:	           21710	     2.48037e+08	     2.12297e+08	            0.41 
Proc cycles:	     5.64651e+07	     6.45144e+11	     5.52184e+11	            0.41 
I/O cycles:	               0	               0	               0	            -nan 
PAPI_L3_TCA:	          166901	     5.67191e+08	       4.667e+08	            0.41
PAPI_L3_TCM:	            4018	     4.95274e+07	     4.01077e+07	            0.41

Cumulative Process Counts:
Real usecs ...................................      1.74003e+09
Real cycles ..................................      4.51299e+12
Proc usecs ...................................      1.48608e+09
Proc cycles ..................................      3.86529e+12
I/O cycles ...................................                0
PAPI_L3_TCA ..................................       3.2669e+09
PAPI_L3_TCM ..................................      2.80754e+08

Event descriptions:
PAPI_L3_TCA                   : Level 3 total cache accesses
PAPI_L3_TCM                   : Level 3 cache misses

Derived event descriptions:
