papiex version                : 0.99rc9
Executable                    : /p/lscratchrza/rountree/single-node/bmarks/synthetic/scale-mem/bmark3
Arguments                     : 
Processor                     : Intel(R) Xeon(R) CPU E5-2670 0 @ 2.60GHz
Clockrate                     : 2601.000000
Hostname                      : rzmerl33
Options                       : DIR,PAPI_L3_TCA,PAPI_L3_TCM,NO_MPI_GATHER,NO_MPI_PROF
Domain                        : User
Parent process id             : 17494
Process id                    : 17521
Num. of threads               : 9
Start                         : Sun Jan 13 11:47:04 2013
Finish                        : Sun Jan 13 11:52:02 2013

Derived Metrics:
CPU Utilization ..............................             0.89
I/O Cycles % .................................             0.00




Program Statistics:
                             min                     max                    mean      coef. of variation
Real usecs:	     2.98044e+08	     2.98175e+08	     2.98073e+08	            0.00
Real cycles:	     7.73017e+11	     7.73359e+11	     7.73094e+11	            0.00 
Proc usecs:	           53011	     2.97295e+08	     2.64149e+08	            0.35 
Proc cycles:	     1.37882e+08	     7.73263e+11	     6.87052e+11	            0.35 
I/O cycles:	               0	               0	               0	            -nan 
PAPI_L3_TCA:	          198182	      6.3672e+09	      5.1836e+09	            0.36
PAPI_L3_TCM:	          193088	     3.12766e+08	     1.43231e+08	            0.66

Cumulative Process Counts:
Real usecs ...................................      2.68266e+09
Real cycles ..................................      6.95784e+12
Proc usecs ...................................      2.37734e+09
Proc cycles ..................................      6.18346e+12
I/O cycles ...................................                0
PAPI_L3_TCA ..................................      4.66524e+10
PAPI_L3_TCM ..................................      1.28908e+09

Event descriptions:
PAPI_L3_TCA                   : Level 3 total cache accesses
PAPI_L3_TCM                   : Level 3 cache misses

Derived event descriptions:
