papiex version                : 0.99rc9
Executable                    : /p/lscratchrza/rountree/single-node/bmarks/synthetic/scale-cpu/bmark1
Arguments                     : 
Processor                     : Intel(R) Xeon(R) CPU E5-2670 0 @ 2.60GHz
Clockrate                     : 2601.000000
Hostname                      : rzmerl126
Options                       : DIR,PAPI_L3_TCA,PAPI_L3_TCM,NO_MPI_GATHER,NO_MPI_PROF
Domain                        : User
Parent process id             : 5188
Process id                    : 5215
Num. of threads               : 5
Start                         : Sun Jan 13 09:09:29 2013
Finish                        : Sun Jan 13 09:10:57 2013

Derived Metrics:
CPU Utilization ..............................             0.80
I/O Cycles % .................................             0.00




Program Statistics:
                             min                     max                    mean      coef. of variation
Real usecs:	     8.79074e+07	     8.80371e+07	     8.79335e+07	            0.00
Real cycles:	     2.27999e+11	     2.28335e+11	     2.28066e+11	            0.00 
Proc usecs:	            6424	     8.77253e+07	     6.98874e+07	            0.50 
Proc cycles:	     1.67088e+07	     2.28173e+11	     1.81777e+11	            0.50 
I/O cycles:	               0	               0	               0	            -nan 
PAPI_L3_TCA:	            2233	           58436	           20689	            1.11
PAPI_L3_TCM:	             307	            6092	            1658	            1.35

Cumulative Process Counts:
Real usecs ...................................      4.39667e+08
Real cycles ..................................      1.14033e+12
Proc usecs ...................................      3.49437e+08
Proc cycles ..................................      9.08886e+11
I/O cycles ...................................                0
PAPI_L3_TCA ..................................           103445
PAPI_L3_TCM ..................................             8293

Event descriptions:
PAPI_L3_TCA                   : Level 3 total cache accesses
PAPI_L3_TCM                   : Level 3 cache misses

Derived event descriptions:
