papiex version                : 0.99rc9
Executable                    : /p/lscratchrza/rountree/single-node/bmarks/sphot/sphot
Arguments                     : 
Processor                     : Intel(R) Xeon(R) CPU E5-2670 0 @ 2.60GHz
Clockrate                     : 2601.000000
Hostname                      : rzmerl69
Options                       : DIR,PAPI_L3_TCA,PAPI_L3_TCM,NO_MPI_GATHER,NO_MPI_PROF
Domain                        : User
Parent process id             : 94981
Process id                    : 95008
Num. of threads               : 5
Start                         : Sun Jan 13 12:15:44 2013
Finish                        : Sun Jan 13 12:21:54 2013

Derived Metrics:
CPU Utilization ..............................             0.80
I/O Cycles % .................................             0.00




Program Statistics:
                             min                     max                    mean      coef. of variation
Real usecs:	     3.70293e+08	     3.70434e+08	     3.70321e+08	            0.00
Real cycles:	     9.60412e+11	     9.60778e+11	     9.60485e+11	            0.00 
Proc usecs:	           33433	      3.6953e+08	     2.95055e+08	            0.50 
Proc cycles:	     8.69592e+07	     9.61148e+11	     7.67439e+11	            0.50 
I/O cycles:	               0	               0	               0	            -nan 
PAPI_L3_TCA:	          247203	     6.59304e+08	     5.21471e+08	            0.50
PAPI_L3_TCM:	            6211	     7.31749e+07	     5.41622e+07	            0.51

Cumulative Process Counts:
Real usecs ...................................      1.85161e+09
Real cycles ..................................      4.80242e+12
Proc usecs ...................................      1.47528e+09
Proc cycles ..................................      3.83719e+12
I/O cycles ...................................                0
PAPI_L3_TCA ..................................      2.60735e+09
PAPI_L3_TCM ..................................      2.70811e+08

Event descriptions:
PAPI_L3_TCA                   : Level 3 total cache accesses
PAPI_L3_TCM                   : Level 3 cache misses

Derived event descriptions:
