papiex version                : 0.99rc9
Executable                    : /p/lscratchrza/rountree/single-node/bmarks/synthetic/no-scale-cpu-comm/bmark2
Arguments                     : 
Processor                     : Intel(R) Xeon(R) CPU E5-2670 0 @ 2.60GHz
Clockrate                     : 2601.000000
Hostname                      : rzmerl129
Options                       : DIR,PAPI_L3_TCA,PAPI_L3_TCM,NO_MPI_GATHER,NO_MPI_PROF
Domain                        : User
Parent process id             : 108500
Process id                    : 108527
Num. of threads               : 13
Start                         : Sun Jan 13 09:52:58 2013
Finish                        : Sun Jan 13 09:53:27 2013

Derived Metrics:
CPU Utilization ..............................             0.92
I/O Cycles % .................................             0.00




Program Statistics:
                             min                     max                    mean      coef. of variation
Real usecs:	     2.92653e+07	     2.93834e+07	     2.92779e+07	            0.00
Real cycles:	     7.59031e+10	     7.62095e+10	      7.5936e+10	            0.00 
Proc usecs:	            2153	      2.9215e+07	     2.69138e+07	            0.29 
Proc cycles:	     5.59735e+06	     7.59883e+10	     7.00028e+10	            0.29 
I/O cycles:	               0	               0	               0	            -nan 
PAPI_L3_TCA:	            1523	     1.08198e+07	          835465	            3.45
PAPI_L3_TCM:	              16	            9670	             910	            2.78

Cumulative Process Counts:
Real usecs ...................................      3.80613e+08
Real cycles ..................................      9.87168e+11
Proc usecs ...................................      3.49879e+08
Proc cycles ..................................      9.10036e+11
I/O cycles ...................................                0
PAPI_L3_TCA ..................................       1.0861e+07
PAPI_L3_TCM ..................................            11831

Event descriptions:
PAPI_L3_TCA                   : Level 3 total cache accesses
PAPI_L3_TCM                   : Level 3 cache misses

Derived event descriptions:
