papiex version                : 0.99rc9
Executable                    : /p/lscratchrza/rountree/single-node/bmarks/synthetic/no-scale-cpu-comm/bmark2
Arguments                     : 
Processor                     : Intel(R) Xeon(R) CPU E5-2670 0 @ 2.60GHz
Clockrate                     : 2601.000000
Hostname                      : rzmerl85
Options                       : DIR,PAPI_L3_TCA,PAPI_L3_TCM,NO_MPI_GATHER,NO_MPI_PROF
Domain                        : User
Parent process id             : 13448
Process id                    : 13475
Num. of threads               : 13
Start                         : Sun Jan 13 09:42:46 2013
Finish                        : Sun Jan 13 09:43:15 2013

Derived Metrics:
CPU Utilization ..............................             0.92
I/O Cycles % .................................             0.00




Program Statistics:
                             min                     max                    mean      coef. of variation
Real usecs:	     2.92263e+07	     2.93406e+07	     2.92361e+07	            0.00
Real cycles:	     7.58029e+10	     7.60994e+10	     7.58284e+10	            0.00 
Proc usecs:	            2564	     2.91736e+07	      2.6913e+07	            0.29 
Proc cycles:	     6.66636e+06	     7.58804e+10	     7.00008e+10	            0.29 
I/O cycles:	               0	               0	               0	            -nan 
PAPI_L3_TCA:	            1320	     1.08182e+07	          835272	            3.45
PAPI_L3_TCM:	              39	           11417	            1059	            2.83

Cumulative Process Counts:
Real usecs ...................................       3.8007e+08
Real cycles ..................................      9.85769e+11
Proc usecs ...................................       3.4987e+08
Proc cycles ..................................      9.10011e+11
I/O cycles ...................................                0
PAPI_L3_TCA ..................................      1.08585e+07
PAPI_L3_TCM ..................................            13767

Event descriptions:
PAPI_L3_TCA                   : Level 3 total cache accesses
PAPI_L3_TCM                   : Level 3 cache misses

Derived event descriptions:
