papiex version                : 0.99rc9
Executable                    : /p/lscratchrza/rountree/single-node/bmarks/synthetic/no-scale-mem-comm/bmark4
Arguments                     : 
Processor                     : Intel(R) Xeon(R) CPU E5-2670 0 @ 2.60GHz
Clockrate                     : 2601.000000
Hostname                      : rzmerl107
Options                       : DIR,PAPI_L3_TCA,PAPI_L3_TCM,NO_MPI_GATHER,NO_MPI_PROF
Domain                        : User
Parent process id             : 81489
Process id                    : 81516
Num. of threads               : 7
Start                         : Sun Jan 13 15:00:42 2013
Finish                        : Sun Jan 13 15:06:07 2013

Derived Metrics:
CPU Utilization ..............................             0.86
I/O Cycles % .................................             0.00




Program Statistics:
                             min                     max                    mean      coef. of variation
Real usecs:	     3.23934e+08	     3.24047e+08	      3.2395e+08	            0.00
Real cycles:	     8.40171e+11	     8.40464e+11	     8.40213e+11	            0.00 
Proc usecs:	           60051	     3.23062e+08	     2.76809e+08	            0.41 
Proc cycles:	     1.56193e+08	     8.40283e+11	      7.1998e+11	            0.41 
I/O cycles:	               0	               0	               0	            -nan 
PAPI_L3_TCA:	          212819	     6.59414e+09	     5.39115e+09	            0.41
PAPI_L3_TCM:	          208253	     3.78442e+08	     2.11647e+08	            0.66

Cumulative Process Counts:
Real usecs ...................................      2.26765e+09
Real cycles ..................................      5.88149e+12
Proc usecs ...................................      1.93766e+09
Proc cycles ..................................      5.03986e+12
I/O cycles ...................................                0
PAPI_L3_TCA ..................................      3.77381e+10
PAPI_L3_TCM ..................................      1.48153e+09

Event descriptions:
PAPI_L3_TCA                   : Level 3 total cache accesses
PAPI_L3_TCM                   : Level 3 cache misses

Derived event descriptions:
