papiex version                : 0.99rc9
Executable                    : /p/lscratchrza/rountree/single-node/bmarks/synthetic/scale-cpu/bmark1
Arguments                     : 
Processor                     : Intel(R) Xeon(R) CPU E5-2670 0 @ 2.60GHz
Clockrate                     : 2601.000000
Hostname                      : rzmerl126
Options                       : DIR,PAPI_L3_TCA,PAPI_L3_TCM,NO_MPI_GATHER,NO_MPI_PROF
Domain                        : User
Parent process id             : 5280
Process id                    : 5309
Num. of threads               : 17
Start                         : Sun Jan 13 09:10:57 2013
Finish                        : Sun Jan 13 09:11:25 2013

Derived Metrics:
CPU Utilization ..............................             0.94
I/O Cycles % .................................             0.00




Program Statistics:
                             min                     max                    mean      coef. of variation
Real usecs:	     2.69437e+07	     2.70708e+07	      2.6955e+07	            0.00
Real cycles:	     6.98819e+10	     7.02116e+10	     6.99112e+10	            0.00 
Proc usecs:	             879	     2.68878e+07	     2.51433e+07	            0.25 
Proc cycles:	     2.28628e+06	     6.99353e+10	     6.53978e+10	            0.25 
I/O cycles:	               0	               0	               0	            -nan 
PAPI_L3_TCA:	            1570	           42829	            4593	            2.08
PAPI_L3_TCM:	              24	            5443	             478	            2.61

Cumulative Process Counts:
Real usecs ...................................      4.58235e+08
Real cycles ..................................      1.18849e+12
Proc usecs ...................................      4.27437e+08
Proc cycles ..................................      1.11176e+12
I/O cycles ...................................                0
PAPI_L3_TCA ..................................            78081
PAPI_L3_TCM ..................................             8131

Event descriptions:
PAPI_L3_TCA                   : Level 3 total cache accesses
PAPI_L3_TCM                   : Level 3 cache misses

Derived event descriptions:
