papiex version                : 0.99rc9
Executable                    : /p/lscratchrza/rountree/single-node/bmarks/synthetic/no-scale-mem-comm/bmark4
Arguments                     : 
Processor                     : Intel(R) Xeon(R) CPU E5-2670 0 @ 2.60GHz
Clockrate                     : 2601.000000
Hostname                      : rzmerl107
Options                       : DIR,PAPI_L3_TCA,PAPI_L3_TCM,NO_MPI_GATHER,NO_MPI_PROF
Domain                        : User
Parent process id             : 75368
Process id                    : 75395
Num. of threads               : 13
Start                         : Sun Jan 13 10:39:12 2013
Finish                        : Sun Jan 13 10:42:23 2013

Derived Metrics:
CPU Utilization ..............................             0.92
I/O Cycles % .................................             0.00




Program Statistics:
                             min                     max                    mean      coef. of variation
Real usecs:	     1.90352e+08	     1.90468e+08	     1.90362e+08	            0.00
Real cycles:	     4.93707e+11	     4.94008e+11	     4.93731e+11	            0.00 
Proc usecs:	           37392	     1.89804e+08	     1.75081e+08	            0.29 
Proc cycles:	     9.72566e+07	     4.93679e+11	     4.55384e+11	            0.29 
I/O cycles:	               0	               0	               0	            -nan 
PAPI_L3_TCA:	          125255	     3.40978e+09	     2.88941e+09	            0.29
PAPI_L3_TCM:	          122062	     1.30475e+08	     5.68721e+07	            0.64

Cumulative Process Counts:
Real usecs ...................................       2.4747e+09
Real cycles ..................................      6.41851e+12
Proc usecs ...................................      2.27605e+09
Proc cycles ..................................         5.92e+12
I/O cycles ...................................                0
PAPI_L3_TCA ..................................      3.75623e+10
PAPI_L3_TCM ..................................      7.39337e+08

Event descriptions:
PAPI_L3_TCA                   : Level 3 total cache accesses
PAPI_L3_TCM                   : Level 3 cache misses

Derived event descriptions:
