papiex version                : 0.99rc9
Executable                    : /p/lscratchrza/rountree/single-node/bmarks/synthetic/scale-mem/bmark3
Arguments                     : 
Processor                     : Intel(R) Xeon(R) CPU E5-2670 0 @ 2.60GHz
Clockrate                     : 2601.000000
Hostname                      : rzmerl33
Options                       : DIR,PAPI_L3_TCA,PAPI_L3_TCM,NO_MPI_GATHER,NO_MPI_PROF
Domain                        : User
Parent process id             : 15198
Process id                    : 15225
Num. of threads               : 11
Start                         : Sun Jan 13 10:08:14 2013
Finish                        : Sun Jan 13 10:11:59 2013

Derived Metrics:
CPU Utilization ..............................             0.91
I/O Cycles % .................................             0.00




Program Statistics:
                             min                     max                    mean      coef. of variation
Real usecs:	      2.2454e+08	     2.24655e+08	     2.24554e+08	            0.00
Real cycles:	     5.82376e+11	     5.82675e+11	     5.82411e+11	            0.00 
Proc usecs:	           41350	     2.23964e+08	     2.03544e+08	            0.32 
Proc cycles:	     1.07549e+08	     5.82531e+11	     5.29418e+11	            0.32 
I/O cycles:	               0	               0	               0	            -nan 
PAPI_L3_TCA:	          148724	     4.18526e+09	     3.50751e+09	            0.32
PAPI_L3_TCM:	          146064	     2.31643e+08	     1.00809e+08	            0.68

Cumulative Process Counts:
Real usecs ...................................      2.47009e+09
Real cycles ..................................      6.40653e+12
Proc usecs ...................................      2.23898e+09
Proc cycles ..................................      5.82359e+12
I/O cycles ...................................                0
PAPI_L3_TCA ..................................      3.85826e+10
PAPI_L3_TCM ..................................       1.1089e+09

Event descriptions:
PAPI_L3_TCA                   : Level 3 total cache accesses
PAPI_L3_TCM                   : Level 3 cache misses

Derived event descriptions:
