papiex version                : 0.99rc9
Executable                    : /p/lscratchrza/rountree/single-node/bmarks/synthetic/scale-mem/bmark3
Arguments                     : 
Processor                     : Intel(R) Xeon(R) CPU E5-2670 0 @ 2.60GHz
Clockrate                     : 2601.000000
Hostname                      : rzmerl58
Options                       : DIR,PAPI_L3_TCA,PAPI_L3_TCM,NO_MPI_GATHER,NO_MPI_PROF
Domain                        : User
Parent process id             : 15105
Process id                    : 15132
Num. of threads               : 11
Start                         : Sun Jan 13 10:08:27 2013
Finish                        : Sun Jan 13 10:12:08 2013

Derived Metrics:
CPU Utilization ..............................             0.91
I/O Cycles % .................................             0.00




Program Statistics:
                             min                     max                    mean      coef. of variation
Real usecs:	     2.20362e+08	     2.20477e+08	     2.20375e+08	            0.00
Real cycles:	     5.71541e+11	     5.71841e+11	     5.71576e+11	            0.00 
Proc usecs:	           41200	     2.19769e+08	     1.99721e+08	            0.32 
Proc cycles:	     1.07159e+08	      5.7162e+11	     5.19475e+11	            0.32 
I/O cycles:	               0	               0	               0	            -nan 
PAPI_L3_TCA:	          145776	     4.27095e+09	     3.44859e+09	            0.32
PAPI_L3_TCM:	          143596	      2.0826e+08	     8.72681e+07	            0.71

Cumulative Process Counts:
Real usecs ...................................      2.42413e+09
Real cycles ..................................      6.28734e+12
Proc usecs ...................................      2.19693e+09
Proc cycles ..................................      5.71423e+12
I/O cycles ...................................                0
PAPI_L3_TCA ..................................      3.79345e+10
PAPI_L3_TCM ..................................      9.59949e+08

Event descriptions:
PAPI_L3_TCA                   : Level 3 total cache accesses
PAPI_L3_TCM                   : Level 3 cache misses

Derived event descriptions:
