papiex version                : 0.99rc9
Executable                    : /p/lscratchrza/rountree/single-node/bmarks/sphot/sphot
Arguments                     : 
Processor                     : Intel(R) Xeon(R) CPU E5-2670 0 @ 2.60GHz
Clockrate                     : 2601.000000
Hostname                      : rzmerl69
Options                       : DIR,PAPI_L3_TCA,PAPI_L3_TCM,NO_MPI_GATHER,NO_MPI_PROF
Domain                        : User
Parent process id             : 89407
Process id                    : 89434
Num. of threads               : 15
Start                         : Sun Jan 13 09:22:23 2013
Finish                        : Sun Jan 13 09:24:45 2013

Derived Metrics:
CPU Utilization ..............................             0.91
I/O Cycles % .................................             0.00




Program Statistics:
                             min                     max                    mean      coef. of variation
Real usecs:	     1.42144e+08	     1.42291e+08	     1.42157e+08	            0.00
Real cycles:	     3.68672e+11	     3.69055e+11	     3.68706e+11	            0.00 
Proc usecs:	           10350	     1.41852e+08	     1.28419e+08	            0.27 
Proc cycles:	     2.69177e+07	     3.68957e+11	     3.34017e+11	            0.27 
I/O cycles:	               0	               0	               0	            -nan 
PAPI_L3_TCA:	           95489	     2.67161e+08	     2.36132e+08	            0.27
PAPI_L3_TCM:	            2474	     3.80206e+07	     3.38742e+07	            0.27

Cumulative Process Counts:
Real usecs ...................................      2.13235e+09
Real cycles ..................................      5.53058e+12
Proc usecs ...................................      1.92628e+09
Proc cycles ..................................      5.01026e+12
I/O cycles ...................................                0
PAPI_L3_TCA ..................................      3.54198e+09
PAPI_L3_TCM ..................................      5.08112e+08

Event descriptions:
PAPI_L3_TCA                   : Level 3 total cache accesses
PAPI_L3_TCM                   : Level 3 cache misses

Derived event descriptions:
