papiex version                : 0.99rc9
Executable                    : /p/lscratchrza/rountree/single-node/bmarks/synthetic/scale-cpu/bmark1
Arguments                     : 
Processor                     : Intel(R) Xeon(R) CPU E5-2670 0 @ 2.60GHz
Clockrate                     : 2601.000000
Hostname                      : rzmerl138
Options                       : DIR,PAPI_L3_TCA,PAPI_L3_TCM,NO_MPI_GATHER,NO_MPI_PROF
Domain                        : User
Parent process id             : 66717
Process id                    : 66744
Num. of threads               : 5
Start                         : Sun Jan 13 09:45:45 2013
Finish                        : Sun Jan 13 09:47:13 2013

Derived Metrics:
CPU Utilization ..............................             0.80
I/O Cycles % .................................             0.00




Program Statistics:
                             min                     max                    mean      coef. of variation
Real usecs:	     8.77998e+07	     8.79112e+07	     8.78221e+07	            0.00
Real cycles:	     2.27719e+11	     2.28008e+11	     2.27777e+11	            0.00 
Proc usecs:	            6017	     8.76171e+07	     6.98908e+07	            0.50 
Proc cycles:	     1.56502e+07	     2.27892e+11	     1.81786e+11	            0.50 
I/O cycles:	               0	               0	               0	            -nan 
PAPI_L3_TCA:	            2282	           59502	           20586	            1.13
PAPI_L3_TCM:	             181	            4620	            1425	            1.17

Cumulative Process Counts:
Real usecs ...................................      4.39111e+08
Real cycles ..................................      1.13888e+12
Proc usecs ...................................      3.49454e+08
Proc cycles ..................................       9.0893e+11
I/O cycles ...................................                0
PAPI_L3_TCA ..................................           102932
PAPI_L3_TCM ..................................             7129

Event descriptions:
PAPI_L3_TCA                   : Level 3 total cache accesses
PAPI_L3_TCM                   : Level 3 cache misses

Derived event descriptions:
