papiex version                : 0.99rc9
Executable                    : /p/lscratchrza/rountree/single-node/bmarks/synthetic/no-scale-mem-comm/bmark4
Arguments                     : 
Processor                     : Intel(R) Xeon(R) CPU E5-2670 0 @ 2.60GHz
Clockrate                     : 2601.000000
Hostname                      : rzmerl28
Options                       : DIR,PAPI_L3_TCA,PAPI_L3_TCM,NO_MPI_GATHER,NO_MPI_PROF
Domain                        : User
Parent process id             : 28963
Process id                    : 28990
Num. of threads               : 17
Start                         : Sun Jan 13 13:09:55 2013
Finish                        : Sun Jan 13 13:12:06 2013

Derived Metrics:
CPU Utilization ..............................             0.94
I/O Cycles % .................................             0.00




Program Statistics:
                             min                     max                    mean      coef. of variation
Real usecs:	     1.30999e+08	     1.31133e+08	     1.31008e+08	            0.00
Real cycles:	     3.39763e+11	      3.4011e+11	     3.39787e+11	            0.00 
Proc usecs:	           19246	     1.30557e+08	     1.22664e+08	            0.25 
Proc cycles:	     5.00588e+07	     3.39579e+11	     3.19049e+11	            0.25 
I/O cycles:	               0	               0	               0	            -nan 
PAPI_L3_TCA:	           62582	     2.39047e+09	     2.12585e+09	            0.25
PAPI_L3_TCM:	           61355	     8.18162e+07	     3.98607e+07	            0.56

Cumulative Process Counts:
Real usecs ...................................      2.22714e+09
Real cycles ..................................      5.77638e+12
Proc usecs ...................................      2.08528e+09
Proc cycles ..................................      5.42383e+12
I/O cycles ...................................                0
PAPI_L3_TCA ..................................      3.61394e+10
PAPI_L3_TCM ..................................      6.77631e+08

Event descriptions:
PAPI_L3_TCA                   : Level 3 total cache accesses
PAPI_L3_TCM                   : Level 3 cache misses

Derived event descriptions:
