papiex version                : 0.99rc9
Executable                    : /p/lscratchrza/rountree/single-node/bmarks/synthetic/scale-cpu/bmark1
Arguments                     : 
Processor                     : Intel(R) Xeon(R) CPU E5-2670 0 @ 2.60GHz
Clockrate                     : 2601.000000
Hostname                      : rzmerl20
Options                       : DIR,PAPI_L3_TCA,PAPI_L3_TCM,NO_MPI_GATHER,NO_MPI_PROF
Domain                        : User
Parent process id             : 34974
Process id                    : 35001
Num. of threads               : 5
Start                         : Sun Jan 13 09:09:29 2013
Finish                        : Sun Jan 13 09:10:57 2013

Derived Metrics:
CPU Utilization ..............................             0.80
I/O Cycles % .................................             0.00




Program Statistics:
                             min                     max                    mean      coef. of variation
Real usecs:	     8.78192e+07	     8.79306e+07	     8.78417e+07	            0.00
Real cycles:	      2.2777e+11	     2.28059e+11	     2.27828e+11	            0.00 
Proc usecs:	            6632	     8.76369e+07	     6.98743e+07	            0.50 
Proc cycles:	     1.72472e+07	     2.27944e+11	     1.81743e+11	            0.50 
I/O cycles:	               0	               0	               0	            -nan 
PAPI_L3_TCA:	            2571	           59726	           20948	            1.11
PAPI_L3_TCM:	             226	            7322	            1905	            1.43

Cumulative Process Counts:
Real usecs ...................................      4.39208e+08
Real cycles ..................................      1.13914e+12
Proc usecs ...................................      3.49372e+08
Proc cycles ..................................      9.08716e+11
I/O cycles ...................................                0
PAPI_L3_TCA ..................................           104740
PAPI_L3_TCM ..................................             9525

Event descriptions:
PAPI_L3_TCA                   : Level 3 total cache accesses
PAPI_L3_TCM                   : Level 3 cache misses

Derived event descriptions:
