papiex version                : 0.99rc9
Executable                    : /p/lscratchrza/rountree/single-node/bmarks/synthetic/no-scale-mem-comm/bmark4
Arguments                     : 
Processor                     : Intel(R) Xeon(R) CPU E5-2670 0 @ 2.60GHz
Clockrate                     : 2601.000000
Hostname                      : rzmerl107
Options                       : DIR,PAPI_L3_TCA,PAPI_L3_TCM,NO_MPI_GATHER,NO_MPI_PROF
Domain                        : User
Parent process id             : 81209
Process id                    : 81236
Num. of threads               : 13
Start                         : Sun Jan 13 14:49:35 2013
Finish                        : Sun Jan 13 14:52:34 2013

Derived Metrics:
CPU Utilization ..............................             0.92
I/O Cycles % .................................             0.00




Program Statistics:
                             min                     max                    mean      coef. of variation
Real usecs:	     1.79358e+08	     1.79474e+08	     1.79368e+08	            0.00
Real cycles:	     4.65193e+11	     4.65493e+11	     4.65219e+11	            0.00 
Proc usecs:	           35202	     1.78923e+08	     1.64876e+08	            0.29 
Proc cycles:	     9.15604e+07	     4.65379e+11	     4.28841e+11	            0.29 
I/O cycles:	               0	               0	               0	            -nan 
PAPI_L3_TCA:	          117725	     3.52639e+09	     3.00122e+09	            0.29
PAPI_L3_TCM:	          115290	     1.73305e+08	     8.19683e+07	            0.60

Cumulative Process Counts:
Real usecs ...................................      2.33179e+09
Real cycles ..................................      6.04785e+12
Proc usecs ...................................      2.14338e+09
Proc cycles ..................................      5.57494e+12
I/O cycles ...................................                0
PAPI_L3_TCA ..................................      3.90159e+10
PAPI_L3_TCM ..................................      1.06559e+09

Event descriptions:
PAPI_L3_TCA                   : Level 3 total cache accesses
PAPI_L3_TCM                   : Level 3 cache misses

Derived event descriptions:
