papiex version                : 0.99rc9
Executable                    : /p/lscratchrza/rountree/single-node/bmarks/synthetic/scale-mem/bmark3
Arguments                     : 
Processor                     : Intel(R) Xeon(R) CPU E5-2670 0 @ 2.60GHz
Clockrate                     : 2601.000000
Hostname                      : rzmerl33
Options                       : DIR,PAPI_L3_TCA,PAPI_L3_TCM,NO_MPI_GATHER,NO_MPI_PROF
Domain                        : User
Parent process id             : 13868
Process id                    : 13895
Num. of threads               : 7
Start                         : Sun Jan 13 09:14:59 2013
Finish                        : Sun Jan 13 09:19:24 2013

Derived Metrics:
CPU Utilization ..............................             0.86
I/O Cycles % .................................             0.00




Program Statistics:
                             min                     max                    mean      coef. of variation
Real usecs:	     2.64485e+08	       2.646e+08	     2.64502e+08	            0.00
Real cycles:	     6.85979e+11	     6.86277e+11	     6.86022e+11	            0.00 
Proc usecs:	           45059	     2.63883e+08	     2.26103e+08	            0.41 
Proc cycles:	     1.17198e+08	     6.86361e+11	     5.88093e+11	            0.41 
I/O cycles:	               0	               0	               0	            -nan 
PAPI_L3_TCA:	          173335	     6.80826e+09	     5.54349e+09	            0.41
PAPI_L3_TCM:	          169263	     4.01403e+08	     2.34423e+08	            0.65

Cumulative Process Counts:
Real usecs ...................................      1.85151e+09
Real cycles ..................................      4.80215e+12
Proc usecs ...................................      1.58272e+09
Proc cycles ..................................      4.11665e+12
I/O cycles ...................................                0
PAPI_L3_TCA ..................................      3.88044e+10
PAPI_L3_TCM ..................................      1.64096e+09

Event descriptions:
PAPI_L3_TCA                   : Level 3 total cache accesses
PAPI_L3_TCM                   : Level 3 cache misses

Derived event descriptions:
