papiex version                : 0.99rc9
Executable                    : /p/lscratchrza/rountree/single-node/bmarks/synthetic/scale-mem/bmark3
Arguments                     : 
Processor                     : Intel(R) Xeon(R) CPU E5-2670 0 @ 2.60GHz
Clockrate                     : 2601.000000
Hostname                      : rzmerl109
Options                       : DIR,PAPI_L3_TCA,PAPI_L3_TCM,NO_MPI_GATHER,NO_MPI_PROF
Domain                        : User
Parent process id             : 34158
Process id                    : 34185
Num. of threads               : 7
Start                         : Sun Jan 13 12:24:01 2013
Finish                        : Sun Jan 13 12:29:32 2013

Derived Metrics:
CPU Utilization ..............................             0.86
I/O Cycles % .................................             0.00




Program Statistics:
                             min                     max                    mean      coef. of variation
Real usecs:	       3.313e+08	     3.31415e+08	     3.31319e+08	            0.00
Real cycles:	     8.59277e+11	     8.59575e+11	     8.59327e+11	            0.00 
Proc usecs:	           61800	     3.30505e+08	     2.83206e+08	            0.41 
Proc cycles:	     1.60739e+08	     8.59644e+11	     7.36618e+11	            0.41 
I/O cycles:	               0	               0	               0	            -nan 
PAPI_L3_TCA:	          218763	     6.72728e+09	     5.49652e+09	            0.41
PAPI_L3_TCM:	          213192	     4.06149e+08	     2.40826e+08	            0.63

Cumulative Process Counts:
Real usecs ...................................      2.31923e+09
Real cycles ..................................      6.01529e+12
Proc usecs ...................................      1.98244e+09
Proc cycles ..................................      5.15633e+12
I/O cycles ...................................                0
PAPI_L3_TCA ..................................      3.84756e+10
PAPI_L3_TCM ..................................      1.68578e+09

Event descriptions:
PAPI_L3_TCA                   : Level 3 total cache accesses
PAPI_L3_TCM                   : Level 3 cache misses

Derived event descriptions:
