papiex version                : 0.99rc9
Executable                    : /p/lscratchrza/rountree/single-node/bmarks/synthetic/scale-mem/bmark3
Arguments                     : 
Processor                     : Intel(R) Xeon(R) CPU E5-2670 0 @ 2.60GHz
Clockrate                     : 2601.000000
Hostname                      : rzmerl109
Options                       : DIR,PAPI_L3_TCA,PAPI_L3_TCM,NO_MPI_GATHER,NO_MPI_PROF
Domain                        : User
Parent process id             : 30144
Process id                    : 30171
Num. of threads               : 11
Start                         : Sun Jan 13 09:36:26 2013
Finish                        : Sun Jan 13 09:40:17 2013

Derived Metrics:
CPU Utilization ..............................             0.91
I/O Cycles % .................................             0.00




Program Statistics:
                             min                     max                    mean      coef. of variation
Real usecs:	     2.31699e+08	     2.31831e+08	     2.31727e+08	            0.00
Real cycles:	     6.00948e+11	      6.0129e+11	     6.01018e+11	            0.00 
Proc usecs:	           46665	     2.31159e+08	      2.1008e+08	            0.32 
Proc cycles:	     1.21376e+08	     6.01243e+11	     5.46419e+11	            0.32 
I/O cycles:	               0	               0	               0	            -nan 
PAPI_L3_TCA:	          152697	     3.94563e+09	     3.25464e+09	            0.32
PAPI_L3_TCM:	          150199	     2.38493e+08	     9.81128e+07	            0.68

Cumulative Process Counts:
Real usecs ...................................      2.54899e+09
Real cycles ..................................       6.6112e+12
Proc usecs ...................................      2.31088e+09
Proc cycles ..................................      6.01061e+12
I/O cycles ...................................                0
PAPI_L3_TCA ..................................      3.58011e+10
PAPI_L3_TCM ..................................      1.07924e+09

Event descriptions:
PAPI_L3_TCA                   : Level 3 total cache accesses
PAPI_L3_TCM                   : Level 3 cache misses

Derived event descriptions:
