papiex version                : 0.99rc9
Executable                    : /p/lscratchrza/rountree/single-node/bmarks/synthetic/scale-mem/bmark3
Arguments                     : 
Processor                     : Intel(R) Xeon(R) CPU E5-2670 0 @ 2.60GHz
Clockrate                     : 2601.000000
Hostname                      : rzmerl109
Options                       : DIR,PAPI_L3_TCA,PAPI_L3_TCM,NO_MPI_GATHER,NO_MPI_PROF
Domain                        : User
Parent process id             : 31324
Process id                    : 31351
Num. of threads               : 17
Start                         : Sun Jan 13 10:32:40 2013
Finish                        : Sun Jan 13 10:35:12 2013

Derived Metrics:
CPU Utilization ..............................             0.94
I/O Cycles % .................................             0.00




Program Statistics:
                             min                     max                    mean      coef. of variation
Real usecs:	     1.52073e+08	     1.52188e+08	     1.52081e+08	            0.00
Real cycles:	     3.94425e+11	     3.94723e+11	     3.94445e+11	            0.00 
Proc usecs:	           25892	     1.51625e+08	     1.42633e+08	            0.25 
Proc cycles:	     6.73425e+07	     3.94377e+11	     3.70987e+11	            0.25 
I/O cycles:	               0	               0	               0	            -nan 
PAPI_L3_TCA:	           76794	     2.10439e+09	     1.85472e+09	            0.25
PAPI_L3_TCM:	           75586	     7.77087e+07	     3.54266e+07	            0.60

Cumulative Process Counts:
Real usecs ...................................      2.58538e+09
Real cycles ..................................      6.70557e+12
Proc usecs ...................................      2.42475e+09
Proc cycles ..................................      6.30679e+12
I/O cycles ...................................                0
PAPI_L3_TCA ..................................      3.15303e+10
PAPI_L3_TCM ..................................      6.02252e+08

Event descriptions:
PAPI_L3_TCA                   : Level 3 total cache accesses
PAPI_L3_TCM                   : Level 3 cache misses

Derived event descriptions:
