papiex version                : 0.99rc9
Executable                    : /p/lscratchrza/rountree/single-node/bmarks/synthetic/scale-cpu/bmark1
Arguments                     : 
Processor                     : Intel(R) Xeon(R) CPU E5-2670 0 @ 2.60GHz
Clockrate                     : 2601.000000
Hostname                      : rzmerl138
Options                       : DIR,PAPI_L3_TCA,PAPI_L3_TCM,NO_MPI_GATHER,NO_MPI_PROF
Domain                        : User
Parent process id             : 68648
Process id                    : 68675
Num. of threads               : 5
Start                         : Sun Jan 13 10:01:09 2013
Finish                        : Sun Jan 13 10:02:36 2013

Derived Metrics:
CPU Utilization ..............................             0.80
I/O Cycles % .................................             0.00




Program Statistics:
                             min                     max                    mean      coef. of variation
Real usecs:	     8.78782e+07	     8.79884e+07	     8.79002e+07	            0.00
Real cycles:	     2.27922e+11	     2.28208e+11	      2.2798e+11	            0.00 
Proc usecs:	            6628	     8.76957e+07	     6.99583e+07	            0.50 
Proc cycles:	     1.72368e+07	     2.28097e+11	     1.81962e+11	            0.50 
I/O cycles:	               0	               0	               0	            -nan 
PAPI_L3_TCA:	            2332	           60273	           20791	            1.14
PAPI_L3_TCM:	             283	            6724	            1790	            1.39

Cumulative Process Counts:
Real usecs ...................................      4.39501e+08
Real cycles ..................................       1.1399e+12
Proc usecs ...................................      3.49792e+08
Proc cycles ..................................      9.09808e+11
I/O cycles ...................................                0
PAPI_L3_TCA ..................................           103957
PAPI_L3_TCM ..................................             8950

Event descriptions:
PAPI_L3_TCA                   : Level 3 total cache accesses
PAPI_L3_TCM                   : Level 3 cache misses

Derived event descriptions:
