papiex version                : 0.99rc9
Executable                    : /p/lscratchrza/rountree/single-node/bmarks/synthetic/no-scale-mem-comm/bmark4
Arguments                     : 
Processor                     : Intel(R) Xeon(R) CPU E5-2670 0 @ 2.60GHz
Clockrate                     : 2601.000000
Hostname                      : rzmerl107
Options                       : DIR,PAPI_L3_TCA,PAPI_L3_TCM,NO_MPI_GATHER,NO_MPI_PROF
Domain                        : User
Parent process id             : 81113
Process id                    : 81140
Num. of threads               : 15
Start                         : Sun Jan 13 14:47:03 2013
Finish                        : Sun Jan 13 14:49:34 2013

Derived Metrics:
CPU Utilization ..............................             0.93
I/O Cycles % .................................             0.00




Program Statistics:
                             min                     max                    mean      coef. of variation
Real usecs:	     1.50704e+08	     1.50821e+08	     1.50713e+08	            0.00
Real cycles:	     3.90872e+11	     3.91176e+11	     3.90898e+11	            0.00 
Proc usecs:	           27944	     1.50336e+08	     1.40138e+08	            0.27 
Proc cycles:	     7.26797e+07	     3.91023e+11	     3.64498e+11	            0.27 
I/O cycles:	               0	               0	               0	            -nan 
PAPI_L3_TCA:	           99062	     2.82282e+09	     2.44474e+09	            0.27
PAPI_L3_TCM:	           96942	     1.19988e+08	     5.14221e+07	            0.62

Cumulative Process Counts:
Real usecs ...................................       2.2607e+09
Real cycles ..................................      5.86347e+12
Proc usecs ...................................      2.10207e+09
Proc cycles ..................................      5.46748e+12
I/O cycles ...................................                0
PAPI_L3_TCA ..................................      3.66711e+10
PAPI_L3_TCM ..................................      7.71331e+08

Event descriptions:
PAPI_L3_TCA                   : Level 3 total cache accesses
PAPI_L3_TCM                   : Level 3 cache misses

Derived event descriptions:
