papiex version                : 0.99rc9
Executable                    : /p/lscratchrza/rountree/single-node/bmarks/synthetic/scale-cpu/bmark1
Arguments                     : 
Processor                     : Intel(R) Xeon(R) CPU E5-2670 0 @ 2.60GHz
Clockrate                     : 2601.000000
Hostname                      : rzmerl126
Options                       : DIR,PAPI_L3_TCA,PAPI_L3_TCM,NO_MPI_GATHER,NO_MPI_PROF
Domain                        : User
Parent process id             : 5414
Process id                    : 5441
Num. of threads               : 15
Start                         : Sun Jan 13 09:11:25 2013
Finish                        : Sun Jan 13 09:11:54 2013

Derived Metrics:
CPU Utilization ..............................             0.93
I/O Cycles % .................................             0.00




Program Statistics:
                             min                     max                    mean      coef. of variation
Real usecs:	     2.84385e+07	     2.85857e+07	     2.84665e+07	            0.00
Real cycles:	     7.37588e+10	     7.41404e+10	     7.38314e+10	            0.00 
Proc usecs:	            2435	     2.84001e+07	     2.64777e+07	            0.27 
Proc cycles:	     6.33344e+06	     7.38685e+10	     6.88684e+10	            0.27 
I/O cycles:	               0	               0	               0	            -nan 
PAPI_L3_TCA:	            1435	           40210	            5718	            1.79
PAPI_L3_TCM:	              66	            5027	             496	            2.45

Cumulative Process Counts:
Real usecs ...................................      4.26998e+08
Real cycles ..................................      1.10747e+12
Proc usecs ...................................      3.97165e+08
Proc cycles ..................................      1.03303e+12
I/O cycles ...................................                0
PAPI_L3_TCA ..................................            85784
PAPI_L3_TCM ..................................             7451

Event descriptions:
PAPI_L3_TCA                   : Level 3 total cache accesses
PAPI_L3_TCM                   : Level 3 cache misses

Derived event descriptions:
