papiex version                : 0.99rc9
Executable                    : /p/lscratchrza/rountree/single-node/bmarks/synthetic/no-scale-mem-comm/bmark4
Arguments                     : 
Processor                     : Intel(R) Xeon(R) CPU E5-2670 0 @ 2.60GHz
Clockrate                     : 2601.000000
Hostname                      : rzmerl28
Options                       : DIR,PAPI_L3_TCA,PAPI_L3_TCM,NO_MPI_GATHER,NO_MPI_PROF
Domain                        : User
Parent process id             : 30579
Process id                    : 30606
Num. of threads               : 13
Start                         : Sun Jan 13 14:15:55 2013
Finish                        : Sun Jan 13 14:18:54 2013

Derived Metrics:
CPU Utilization ..............................             0.92
I/O Cycles % .................................             0.00




Program Statistics:
                             min                     max                    mean      coef. of variation
Real usecs:	     1.79328e+08	     1.79445e+08	     1.79338e+08	            0.00
Real cycles:	      4.6511e+11	     4.65414e+11	     4.65136e+11	            0.00 
Proc usecs:	           34854	     1.78914e+08	     1.64939e+08	            0.29 
Proc cycles:	     9.06527e+07	     4.65356e+11	     4.29007e+11	            0.29 
I/O cycles:	               0	               0	               0	            -nan 
PAPI_L3_TCA:	          118792	      3.6025e+09	     3.00213e+09	            0.29
PAPI_L3_TCM:	          116778	     1.59846e+08	     7.53845e+07	            0.58

Cumulative Process Counts:
Real usecs ...................................      2.33139e+09
Real cycles ..................................      6.04677e+12
Proc usecs ...................................      2.14421e+09
Proc cycles ..................................      5.57709e+12
I/O cycles ...................................                0
PAPI_L3_TCA ..................................      3.90277e+10
PAPI_L3_TCM ..................................      9.79998e+08

Event descriptions:
PAPI_L3_TCA                   : Level 3 total cache accesses
PAPI_L3_TCM                   : Level 3 cache misses

Derived event descriptions:
