papiex version                : 0.99rc9
Executable                    : /p/lscratchrza/rountree/single-node/bmarks/synthetic/scale-mem/bmark3
Arguments                     : 
Processor                     : Intel(R) Xeon(R) CPU E5-2670 0 @ 2.60GHz
Clockrate                     : 2601.000000
Hostname                      : rzmerl109
Options                       : DIR,PAPI_L3_TCA,PAPI_L3_TCM,NO_MPI_GATHER,NO_MPI_PROF
Domain                        : User
Parent process id             : 29074
Process id                    : 29101
Num. of threads               : 17
Start                         : Sun Jan 13 09:01:20 2013
Finish                        : Sun Jan 13 09:03:16 2013

Derived Metrics:
CPU Utilization ..............................             0.94
I/O Cycles % .................................             0.00




Program Statistics:
                             min                     max                    mean      coef. of variation
Real usecs:	      1.1537e+08	     1.15515e+08	     1.15389e+08	            0.00
Real cycles:	     2.99229e+11	     2.99607e+11	     2.99279e+11	            0.00 
Proc usecs:	           16947	     1.15039e+08	     1.08159e+08	            0.25 
Proc cycles:	     4.40765e+07	     2.99217e+11	     2.81321e+11	            0.25 
I/O cycles:	               0	               0	               0	            -nan 
PAPI_L3_TCA:	           54289	     2.46325e+09	     2.13888e+09	            0.25
PAPI_L3_TCM:	           53403	     9.83912e+07	     4.85801e+07	            0.54

Cumulative Process Counts:
Real usecs ...................................      1.96161e+09
Real cycles ..................................      5.08774e+12
Proc usecs ...................................       1.8387e+09
Proc cycles ..................................      4.78245e+12
I/O cycles ...................................                0
PAPI_L3_TCA ..................................      3.63609e+10
PAPI_L3_TCM ..................................      8.25862e+08

Event descriptions:
PAPI_L3_TCA                   : Level 3 total cache accesses
PAPI_L3_TCM                   : Level 3 cache misses

Derived event descriptions:
