papiex version                : 0.99rc9
Executable                    : /p/lscratchrza/rountree/single-node/bmarks/synthetic/scale-cpu/bmark1
Arguments                     : 
Processor                     : Intel(R) Xeon(R) CPU E5-2670 0 @ 2.60GHz
Clockrate                     : 2601.000000
Hostname                      : rzmerl20
Options                       : DIR,PAPI_L3_TCA,PAPI_L3_TCM,NO_MPI_GATHER,NO_MPI_PROF
Domain                        : User
Parent process id             : 40593
Process id                    : 40620
Num. of threads               : 11
Start                         : Sun Jan 13 09:53:36 2013
Finish                        : Sun Jan 13 09:54:12 2013

Derived Metrics:
CPU Utilization ..............................             0.91
I/O Cycles % .................................             0.00




Program Statistics:
                             min                     max                    mean      coef. of variation
Real usecs:	      3.5216e+07	     3.53288e+07	      3.5228e+07	            0.00
Real cycles:	      9.1337e+10	     9.16294e+10	     9.13681e+10	            0.00 
Proc usecs:	            2608	     3.51449e+07	     3.19133e+07	            0.32 
Proc cycles:	     6.78081e+06	      9.1412e+10	     8.30065e+10	            0.32 
I/O cycles:	               0	               0	               0	            -nan 
PAPI_L3_TCA:	            1795	           40337	            7574	            1.59
PAPI_L3_TCM:	             115	            6868	             848	            2.25

Cumulative Process Counts:
Real usecs ...................................      3.87508e+08
Real cycles ..................................      1.00505e+12
Proc usecs ...................................      3.51046e+08
Proc cycles ..................................      9.13071e+11
I/O cycles ...................................                0
PAPI_L3_TCA ..................................            83321
PAPI_L3_TCM ..................................             9328

Event descriptions:
PAPI_L3_TCA                   : Level 3 total cache accesses
PAPI_L3_TCM                   : Level 3 cache misses

Derived event descriptions:
