papiex version                : 0.99rc9
Executable                    : /p/lscratchrza/rountree/single-node/bmarks/synthetic/scale-cpu/bmark1
Arguments                     : 
Processor                     : Intel(R) Xeon(R) CPU E5-2670 0 @ 2.60GHz
Clockrate                     : 2601.000000
Hostname                      : rzmerl20
Options                       : DIR,PAPI_L3_TCA,PAPI_L3_TCM,NO_MPI_GATHER,NO_MPI_PROF
Domain                        : User
Parent process id             : 40500
Process id                    : 40527
Num. of threads               : 13
Start                         : Sun Jan 13 09:53:06 2013
Finish                        : Sun Jan 13 09:53:36 2013

Derived Metrics:
CPU Utilization ..............................             0.92
I/O Cycles % .................................             0.00




Program Statistics:
                             min                     max                    mean      coef. of variation
Real usecs:	     2.93929e+07	     2.95325e+07	     2.94066e+07	            0.00
Real cycles:	     7.62341e+10	     7.65961e+10	     7.62696e+10	            0.00 
Proc usecs:	            1987	     2.93393e+07	     2.70784e+07	            0.29 
Proc cycles:	     5.16559e+06	     7.63115e+10	     7.04308e+10	            0.29 
I/O cycles:	               0	               0	               0	            -nan 
PAPI_L3_TCA:	            1504	           38632	            6041	            1.75
PAPI_L3_TCM:	              48	            5099	             579	            2.27

Cumulative Process Counts:
Real usecs ...................................      3.82286e+08
Real cycles ..................................      9.91505e+11
Proc usecs ...................................      3.52019e+08
Proc cycles ..................................        9.156e+11
I/O cycles ...................................                0
PAPI_L3_TCA ..................................            78541
PAPI_L3_TCM ..................................             7529

Event descriptions:
PAPI_L3_TCA                   : Level 3 total cache accesses
PAPI_L3_TCM                   : Level 3 cache misses

Derived event descriptions:
