papiex version                : 0.99rc9
Executable                    : /p/lscratchrza/rountree/single-node/bmarks/synthetic/no-scale-cpu-comm/bmark2
Arguments                     : 
Processor                     : Intel(R) Xeon(R) CPU E5-2670 0 @ 2.60GHz
Clockrate                     : 2601.000000
Hostname                      : rzmerl85
Options                       : DIR,PAPI_L3_TCA,PAPI_L3_TCM,NO_MPI_GATHER,NO_MPI_PROF
Domain                        : User
Parent process id             : 13170
Process id                    : 13197
Num. of threads               : 5
Start                         : Sun Jan 13 09:40:28 2013
Finish                        : Sun Jan 13 09:41:56 2013

Derived Metrics:
CPU Utilization ..............................             0.80
I/O Cycles % .................................             0.00




Program Statistics:
                             min                     max                    mean      coef. of variation
Real usecs:	     8.76596e+07	     8.77819e+07	     8.76904e+07	            0.00
Real cycles:	     2.27359e+11	     2.27676e+11	     2.27439e+11	            0.00 
Proc usecs:	            6976	     8.74901e+07	     6.97661e+07	            0.50 
Proc cycles:	      1.8142e+07	     2.27562e+11	     1.81462e+11	            0.50 
I/O cycles:	               0	               0	               0	            -nan 
PAPI_L3_TCA:	            2173	     1.08195e+07	     2.17741e+06	            1.98
PAPI_L3_TCM:	             161	           12093	            2804	            1.66

Cumulative Process Counts:
Real usecs ...................................      4.38452e+08
Real cycles ..................................      1.13719e+12
Proc usecs ...................................      3.48831e+08
Proc cycles ..................................      9.07308e+11
I/O cycles ...................................                0
PAPI_L3_TCA ..................................       1.0887e+07
PAPI_L3_TCM ..................................            14021

Event descriptions:
PAPI_L3_TCA                   : Level 3 total cache accesses
PAPI_L3_TCM                   : Level 3 cache misses

Derived event descriptions:
