papiex version                : 0.99rc9
Executable                    : /p/lscratchrza/rountree/single-node/bmarks/synthetic/no-scale-mem-comm/bmark4
Arguments                     : 
Processor                     : Intel(R) Xeon(R) CPU E5-2670 0 @ 2.60GHz
Clockrate                     : 2601.000000
Hostname                      : rzmerl62
Options                       : DIR,PAPI_L3_TCA,PAPI_L3_TCM,NO_MPI_GATHER,NO_MPI_PROF
Domain                        : User
Parent process id             : 7118
Process id                    : 7145
Num. of threads               : 5
Start                         : Sun Jan 13 11:27:50 2013
Finish                        : Sun Jan 13 11:37:39 2013

Derived Metrics:
CPU Utilization ..............................             0.80
I/O Cycles % .................................             0.00




Program Statistics:
                             min                     max                    mean      coef. of variation
Real usecs:	     5.89035e+08	     5.89148e+08	     5.89058e+08	            0.00
Real cycles:	     1.52773e+12	     1.52802e+12	     1.52779e+12	            0.00 
Proc usecs:	          114601	     5.87638e+08	     4.70126e+08	            0.50 
Proc cycles:	     2.98077e+08	     1.52845e+12	      1.2228e+12	            0.50 
I/O cycles:	               0	               0	               0	            -nan 
PAPI_L3_TCA:	          395793	     1.44224e+10	       1.101e+10	            0.50
PAPI_L3_TCM:	          390396	     9.47079e+08	     5.00561e+08	            0.65

Cumulative Process Counts:
Real usecs ...................................      2.94529e+09
Real cycles ..................................      7.63893e+12
Proc usecs ...................................      2.35063e+09
Proc cycles ..................................      6.11399e+12
I/O cycles ...................................                0
PAPI_L3_TCA ..................................        5.505e+10
PAPI_L3_TCM ..................................      2.50281e+09

Event descriptions:
PAPI_L3_TCA                   : Level 3 total cache accesses
PAPI_L3_TCM                   : Level 3 cache misses

Derived event descriptions:
