papiex version                : 0.99rc9
Executable                    : /p/lscratchrza/rountree/single-node/bmarks/sphot/sphot
Arguments                     : 
Processor                     : Intel(R) Xeon(R) CPU E5-2670 0 @ 2.60GHz
Clockrate                     : 2601.000000
Hostname                      : rzmerl69
Options                       : DIR,PAPI_L3_TCA,PAPI_L3_TCM,NO_MPI_GATHER,NO_MPI_PROF
Domain                        : User
Parent process id             : 90234
Process id                    : 90261
Num. of threads               : 13
Start                         : Sun Jan 13 09:47:46 2013
Finish                        : Sun Jan 13 09:50:03 2013

Derived Metrics:
CPU Utilization ..............................             0.91
I/O Cycles % .................................             0.00




Program Statistics:
                             min                     max                    mean      coef. of variation
Real usecs:	     1.37359e+08	     1.37504e+08	     1.37373e+08	            0.00
Real cycles:	     3.56261e+11	     3.56636e+11	     3.56297e+11	            0.00 
Proc usecs:	            9657	     1.37076e+08	     1.24166e+08	            0.29 
Proc cycles:	     2.51127e+07	     3.56534e+11	     3.22957e+11	            0.29 
I/O cycles:	               0	               0	               0	            -nan 
PAPI_L3_TCA:	           94267	     2.68196e+08	     2.39995e+08	            0.29
PAPI_L3_TCM:	            2391	     3.54259e+07	     3.09226e+07	            0.29

Cumulative Process Counts:
Real usecs ...................................      1.78584e+09
Real cycles ..................................      4.63186e+12
Proc usecs ...................................      1.61416e+09
Proc cycles ..................................      4.19844e+12
I/O cycles ...................................                0
PAPI_L3_TCA ..................................      3.11993e+09
PAPI_L3_TCM ..................................      4.01994e+08

Event descriptions:
PAPI_L3_TCA                   : Level 3 total cache accesses
PAPI_L3_TCM                   : Level 3 cache misses

Derived event descriptions:
