papiex version                : 0.99rc9
Executable                    : /p/lscratchrza/rountree/single-node/bmarks/synthetic/scale-mem/bmark3
Arguments                     : 
Processor                     : Intel(R) Xeon(R) CPU E5-2670 0 @ 2.60GHz
Clockrate                     : 2601.000000
Hostname                      : rzmerl109
Options                       : DIR,PAPI_L3_TCA,PAPI_L3_TCM,NO_MPI_GATHER,NO_MPI_PROF
Domain                        : User
Parent process id             : 35997
Process id                    : 36024
Num. of threads               : 13
Start                         : Sun Jan 13 13:46:47 2013
Finish                        : Sun Jan 13 13:49:44 2013

Derived Metrics:
CPU Utilization ..............................             0.92
I/O Cycles % .................................             0.00




Program Statistics:
                             min                     max                    mean      coef. of variation
Real usecs:	      1.7656e+08	     1.76675e+08	      1.7657e+08	            0.00
Real cycles:	     4.57936e+11	     4.58233e+11	     4.57962e+11	            0.00 
Proc usecs:	           35053	     1.76181e+08	      1.6252e+08	            0.29 
Proc cycles:	     9.11703e+07	     4.58246e+11	     4.22714e+11	            0.29 
I/O cycles:	               0	               0	               0	            -nan 
PAPI_L3_TCA:	          116134	     3.50324e+09	     2.93354e+09	            0.29
PAPI_L3_TCM:	          113938	      1.7046e+08	     8.49877e+07	            0.55

Cumulative Process Counts:
Real usecs ...................................      2.29541e+09
Real cycles ..................................       5.9535e+12
Proc usecs ...................................      2.11276e+09
Proc cycles ..................................      5.49529e+12
I/O cycles ...................................                0
PAPI_L3_TCA ..................................      3.81361e+10
PAPI_L3_TCM ..................................      1.10484e+09

Event descriptions:
PAPI_L3_TCA                   : Level 3 total cache accesses
PAPI_L3_TCM                   : Level 3 cache misses

Derived event descriptions:
