papiex version                : 0.99rc9
Executable                    : /p/lscratchrza/rountree/single-node/bmarks/synthetic/scale-mem/bmark3
Arguments                     : 
Processor                     : Intel(R) Xeon(R) CPU E5-2670 0 @ 2.60GHz
Clockrate                     : 2601.000000
Hostname                      : rzmerl33
Options                       : DIR,PAPI_L3_TCA,PAPI_L3_TCM,NO_MPI_GATHER,NO_MPI_PROF
Domain                        : User
Parent process id             : 18384
Process id                    : 18411
Num. of threads               : 7
Start                         : Sun Jan 13 12:23:32 2013
Finish                        : Sun Jan 13 12:29:00 2013

Derived Metrics:
CPU Utilization ..............................             0.86
I/O Cycles % .................................             0.00




Program Statistics:
                             min                     max                    mean      coef. of variation
Real usecs:	      3.2797e+08	     3.28082e+08	     3.27986e+08	            0.00
Real cycles:	     8.50635e+11	     8.50927e+11	     8.50677e+11	            0.00 
Proc usecs:	           60867	      3.2718e+08	     2.80403e+08	            0.41 
Proc cycles:	     1.58312e+08	     8.50996e+11	     7.29328e+11	            0.41 
I/O cycles:	               0	               0	               0	            -nan 
PAPI_L3_TCA:	          213621	     6.69562e+09	     5.44418e+09	            0.41
PAPI_L3_TCM:	          210669	     4.13257e+08	     2.38244e+08	            0.65

Cumulative Process Counts:
Real usecs ...................................       2.2959e+09
Real cycles ..................................      5.95474e+12
Proc usecs ...................................      1.96282e+09
Proc cycles ..................................      5.10529e+12
I/O cycles ...................................                0
PAPI_L3_TCA ..................................      3.81093e+10
PAPI_L3_TCM ..................................      1.66771e+09

Event descriptions:
PAPI_L3_TCA                   : Level 3 total cache accesses
PAPI_L3_TCM                   : Level 3 cache misses

Derived event descriptions:
