papiex version                : 0.99rc9
Executable                    : /p/lscratchrza/rountree/single-node/bmarks/synthetic/no-scale-mem-comm/bmark4
Arguments                     : 
Processor                     : Intel(R) Xeon(R) CPU E5-2670 0 @ 2.60GHz
Clockrate                     : 2601.000000
Hostname                      : rzmerl62
Options                       : DIR,PAPI_L3_TCA,PAPI_L3_TCM,NO_MPI_GATHER,NO_MPI_PROF
Domain                        : User
Parent process id             : 5183
Process id                    : 5210
Num. of threads               : 11
Start                         : Sun Jan 13 10:08:30 2013
Finish                        : Sun Jan 13 10:12:12 2013

Derived Metrics:
CPU Utilization ..............................             0.91
I/O Cycles % .................................             0.00




Program Statistics:
                             min                     max                    mean      coef. of variation
Real usecs:	     2.21267e+08	     2.21414e+08	     2.21296e+08	            0.00
Real cycles:	     5.73879e+11	     5.74261e+11	     5.73954e+11	            0.00 
Proc usecs:	           43298	     2.20672e+08	     2.00313e+08	            0.32 
Proc cycles:	     1.12618e+08	     5.73967e+11	     5.21014e+11	            0.32 
I/O cycles:	               0	               0	               0	            -nan 
PAPI_L3_TCA:	          148680	     4.13462e+09	     3.45742e+09	            0.32
PAPI_L3_TCM:	          145499	      2.1024e+08	     9.33751e+07	            0.67

Cumulative Process Counts:
Real usecs ...................................      2.43425e+09
Real cycles ..................................       6.3135e+12
Proc usecs ...................................      2.20344e+09
Proc cycles ..................................      5.73115e+12
I/O cycles ...................................                0
PAPI_L3_TCA ..................................      3.80316e+10
PAPI_L3_TCM ..................................      1.02713e+09

Event descriptions:
PAPI_L3_TCA                   : Level 3 total cache accesses
PAPI_L3_TCM                   : Level 3 cache misses

Derived event descriptions:
