papiex version                : 0.99rc9
Executable                    : /p/lscratchrza/rountree/single-node/bmarks/synthetic/scale-mem/bmark3
Arguments                     : 
Processor                     : Intel(R) Xeon(R) CPU E5-2670 0 @ 2.60GHz
Clockrate                     : 2601.000000
Hostname                      : rzmerl58
Options                       : DIR,PAPI_L3_TCA,PAPI_L3_TCM,NO_MPI_GATHER,NO_MPI_PROF
Domain                        : User
Parent process id             : 14372
Process id                    : 14399
Num. of threads               : 9
Start                         : Sun Jan 13 09:39:11 2013
Finish                        : Sun Jan 13 09:43:45 2013

Derived Metrics:
CPU Utilization ..............................             0.89
I/O Cycles % .................................             0.00




Program Statistics:
                             min                     max                    mean      coef. of variation
Real usecs:	     2.74449e+08	     2.74563e+08	     2.74464e+08	            0.00
Real cycles:	     7.11823e+11	      7.1212e+11	     7.11864e+11	            0.00 
Proc usecs:	           50850	     2.73864e+08	     2.43361e+08	            0.35 
Proc cycles:	     1.32258e+08	     7.12321e+11	     6.32982e+11	            0.35 
I/O cycles:	               0	               0	               0	            -nan 
PAPI_L3_TCA:	          178915	     5.82392e+09	     4.74263e+09	            0.36
PAPI_L3_TCM:	          176241	     3.07065e+08	      1.4375e+08	            0.65

Cumulative Process Counts:
Real usecs ...................................      2.47018e+09
Real cycles ..................................      6.40678e+12
Proc usecs ...................................      2.19025e+09
Proc cycles ..................................      5.69684e+12
I/O cycles ...................................                0
PAPI_L3_TCA ..................................      4.26837e+10
PAPI_L3_TCM ..................................      1.29375e+09

Event descriptions:
PAPI_L3_TCA                   : Level 3 total cache accesses
PAPI_L3_TCM                   : Level 3 cache misses

Derived event descriptions:
