papiex version                : 0.99rc9
Executable                    : /p/lscratchrza/rountree/single-node/bmarks/synthetic/no-scale-mem-comm/bmark4
Arguments                     : 
Processor                     : Intel(R) Xeon(R) CPU E5-2670 0 @ 2.60GHz
Clockrate                     : 2601.000000
Hostname                      : rzmerl107
Options                       : DIR,PAPI_L3_TCA,PAPI_L3_TCM,NO_MPI_GATHER,NO_MPI_PROF
Domain                        : User
Parent process id             : 78558
Process id                    : 78585
Num. of threads               : 9
Start                         : Sun Jan 13 12:51:28 2013
Finish                        : Sun Jan 13 12:56:17 2013

Derived Metrics:
CPU Utilization ..............................             0.89
I/O Cycles % .................................             0.00




Program Statistics:
                             min                     max                    mean      coef. of variation
Real usecs:	     2.89089e+08	     2.89223e+08	      2.8912e+08	            0.00
Real cycles:	     7.49795e+11	     7.50143e+11	     7.49875e+11	            0.00 
Proc usecs:	           53695	     2.88461e+08	     2.56209e+08	            0.35 
Proc cycles:	     1.39661e+08	     7.50287e+11	     6.66401e+11	            0.35 
I/O cycles:	               0	               0	               0	            -nan 
PAPI_L3_TCA:	          191660	     6.26293e+09	     5.15384e+09	            0.36
PAPI_L3_TCM:	          187037	     2.97542e+08	     1.48613e+08	            0.61

Cumulative Process Counts:
Real usecs ...................................      2.60208e+09
Real cycles ..................................      6.74888e+12
Proc usecs ...................................      2.30588e+09
Proc cycles ..................................      5.99761e+12
I/O cycles ...................................                0
PAPI_L3_TCA ..................................      4.63845e+10
PAPI_L3_TCM ..................................      1.33751e+09

Event descriptions:
PAPI_L3_TCA                   : Level 3 total cache accesses
PAPI_L3_TCM                   : Level 3 cache misses

Derived event descriptions:
