papiex version                : 0.99rc9
Executable                    : /p/lscratchrza/rountree/single-node/bmarks/synthetic/scale-mem/bmark3
Arguments                     : 
Processor                     : Intel(R) Xeon(R) CPU E5-2670 0 @ 2.60GHz
Clockrate                     : 2601.000000
Hostname                      : rzmerl33
Options                       : DIR,PAPI_L3_TCA,PAPI_L3_TCM,NO_MPI_GATHER,NO_MPI_PROF
Domain                        : User
Parent process id             : 19163
Process id                    : 19190
Num. of threads               : 5
Start                         : Sun Jan 13 13:00:34 2013
Finish                        : Sun Jan 13 13:10:30 2013

Derived Metrics:
CPU Utilization ..............................             0.80
I/O Cycles % .................................             0.00




Program Statistics:
                             min                     max                    mean      coef. of variation
Real usecs:	      5.9571e+08	     5.95821e+08	     5.95732e+08	            0.00
Real cycles:	     1.54506e+12	     1.54534e+12	     1.54511e+12	            0.00 
Proc usecs:	          110039	     5.94363e+08	     4.75446e+08	            0.50 
Proc cycles:	     2.86211e+08	     1.54594e+12	     1.23663e+12	            0.50 
I/O cycles:	               0	               0	               0	            -nan 
PAPI_L3_TCA:	          390754	     1.45709e+10	     1.11481e+10	            0.50
PAPI_L3_TCM:	          383977	     1.01112e+09	     5.22672e+08	            0.65

Cumulative Process Counts:
Real usecs ...................................      2.97866e+09
Real cycles ..................................      7.72557e+12
Proc usecs ...................................      2.37723e+09
Proc cycles ..................................      6.18317e+12
I/O cycles ...................................                0
PAPI_L3_TCA ..................................      5.57405e+10
PAPI_L3_TCM ..................................      2.61336e+09

Event descriptions:
PAPI_L3_TCA                   : Level 3 total cache accesses
PAPI_L3_TCM                   : Level 3 cache misses

Derived event descriptions:
