papiex version                : 0.99rc9
Executable                    : /p/lscratchrza/rountree/single-node/bmarks/synthetic/scale-cpu/bmark1
Arguments                     : 
Processor                     : Intel(R) Xeon(R) CPU E5-2670 0 @ 2.60GHz
Clockrate                     : 2601.000000
Hostname                      : rzmerl20
Options                       : DIR,PAPI_L3_TCA,PAPI_L3_TCM,NO_MPI_GATHER,NO_MPI_PROF
Domain                        : User
Parent process id             : 37075
Process id                    : 37102
Num. of threads               : 17
Start                         : Sun Jan 13 09:26:38 2013
Finish                        : Sun Jan 13 09:27:01 2013

Derived Metrics:
CPU Utilization ..............................             0.94
I/O Cycles % .................................             0.00




Program Statistics:
                             min                     max                    mean      coef. of variation
Real usecs:	     2.28643e+07	     2.29811e+07	      2.2873e+07	            0.00
Real cycles:	     5.93014e+10	     5.96042e+10	     5.93238e+10	            0.00 
Proc usecs:	             787	     2.28135e+07	     2.13541e+07	            0.25 
Proc cycles:	     2.04699e+06	      5.9338e+10	     5.55421e+10	            0.25 
I/O cycles:	               0	               0	               0	            -nan 
PAPI_L3_TCA:	            1634	           45150	            4731	            2.14
PAPI_L3_TCM:	              43	            7125	             586	            2.79

Cumulative Process Counts:
Real usecs ...................................       3.8884e+08
Real cycles ..................................      1.00851e+12
Proc usecs ...................................       3.6302e+08
Proc cycles ..................................      9.44215e+11
I/O cycles ...................................                0
PAPI_L3_TCA ..................................            80430
PAPI_L3_TCM ..................................             9971

Event descriptions:
PAPI_L3_TCA                   : Level 3 total cache accesses
PAPI_L3_TCM                   : Level 3 cache misses

Derived event descriptions:
