papiex version                : 0.99rc9
Executable                    : /p/lscratchrza/rountree/single-node/bmarks/synthetic/scale-cpu/bmark1
Arguments                     : 
Processor                     : Intel(R) Xeon(R) CPU E5-2670 0 @ 2.60GHz
Clockrate                     : 2601.000000
Hostname                      : rzmerl138
Options                       : DIR,PAPI_L3_TCA,PAPI_L3_TCM,NO_MPI_GATHER,NO_MPI_PROF
Domain                        : User
Parent process id             : 64038
Process id                    : 64065
Num. of threads               : 7
Start                         : Sun Jan 13 09:24:15 2013
Finish                        : Sun Jan 13 09:25:14 2013

Derived Metrics:
CPU Utilization ..............................             0.85
I/O Cycles % .................................             0.00




Program Statistics:
                             min                     max                    mean      coef. of variation
Real usecs:	     5.86043e+07	     5.87172e+07	     5.86205e+07	            0.00
Real cycles:	     1.51997e+11	      1.5229e+11	     1.52039e+11	            0.00 
Proc usecs:	            4855	     5.84828e+07	     4.99653e+07	            0.41 
Proc cycles:	     1.26253e+07	     1.52114e+11	      1.2996e+11	            0.41 
I/O cycles:	               0	               0	               0	            -nan 
PAPI_L3_TCA:	            1931	           39552	           12536	            1.29
PAPI_L3_TCM:	             190	            6532	            1250	            1.73

Cumulative Process Counts:
Real usecs ...................................      4.10343e+08
Real cycles ..................................      1.06427e+12
Proc usecs ...................................      3.49757e+08
Proc cycles ..................................      9.09719e+11
I/O cycles ...................................                0
PAPI_L3_TCA ..................................            87753
PAPI_L3_TCM ..................................             8756

Event descriptions:
PAPI_L3_TCA                   : Level 3 total cache accesses
PAPI_L3_TCM                   : Level 3 cache misses

Derived event descriptions:
