papiex version                : 0.99rc9
Executable                    : /p/lscratchrza/rountree/single-node/bmarks/synthetic/no-scale-cpu-comm/bmark2
Arguments                     : 
Processor                     : Intel(R) Xeon(R) CPU E5-2670 0 @ 2.60GHz
Clockrate                     : 2601.000000
Hostname                      : rzmerl90
Options                       : DIR,PAPI_L3_TCA,PAPI_L3_TCM,NO_MPI_GATHER,NO_MPI_PROF
Domain                        : User
Parent process id             : 99191
Process id                    : 99218
Num. of threads               : 13
Start                         : Sun Jan 13 09:22:23 2013
Finish                        : Sun Jan 13 09:22:53 2013

Derived Metrics:
CPU Utilization ..............................             0.92
I/O Cycles % .................................             0.00




Program Statistics:
                             min                     max                    mean      coef. of variation
Real usecs:	     2.92261e+07	     2.93393e+07	      2.9236e+07	            0.00
Real cycles:	     7.58015e+10	     7.60952e+10	     7.58274e+10	            0.00 
Proc usecs:	            2563	     2.91729e+07	     2.69122e+07	            0.29 
Proc cycles:	     6.66376e+06	     7.58786e+10	     6.99988e+10	            0.29 
I/O cycles:	               0	               0	               0	            -nan 
PAPI_L3_TCA:	            1465	      1.0818e+07	          835311	            3.45
PAPI_L3_TCM:	              61	            7563	             786	            2.50

Cumulative Process Counts:
Real usecs ...................................      3.80069e+08
Real cycles ..................................      9.85756e+11
Proc usecs ...................................      3.49859e+08
Proc cycles ..................................      9.09984e+11
I/O cycles ...................................                0
PAPI_L3_TCA ..................................      1.08591e+07
PAPI_L3_TCM ..................................            10228

Event descriptions:
PAPI_L3_TCA                   : Level 3 total cache accesses
PAPI_L3_TCM                   : Level 3 cache misses

Derived event descriptions:
