papiex version                : 0.99rc9
Executable                    : /p/lscratchrza/rountree/single-node/bmarks/synthetic/no-scale-cpu-comm/bmark2
Arguments                     : 
Processor                     : Intel(R) Xeon(R) CPU E5-2670 0 @ 2.60GHz
Clockrate                     : 2601.000000
Hostname                      : rzmerl129
Options                       : DIR,PAPI_L3_TCA,PAPI_L3_TCM,NO_MPI_GATHER,NO_MPI_PROF
Domain                        : User
Parent process id             : 101846
Process id                    : 101873
Num. of threads               : 15
Start                         : Sun Jan 13 09:01:36 2013
Finish                        : Sun Jan 13 09:01:57 2013

Derived Metrics:
CPU Utilization ..............................             0.93
I/O Cycles % .................................             0.00




Program Statistics:
                             min                     max                    mean      coef. of variation
Real usecs:	     2.18293e+07	     2.19457e+07	     2.18391e+07	            0.00
Real cycles:	     5.66171e+10	     5.69188e+10	     5.66425e+10	            0.00 
Proc usecs:	            1315	     2.17925e+07	     2.03116e+07	            0.27 
Proc cycles:	     3.42032e+06	     5.66822e+10	     5.28305e+10	            0.27 
I/O cycles:	               0	               0	               0	            -nan 
PAPI_L3_TCA:	            1515	     1.08304e+07	          724622	            3.73
PAPI_L3_TCM:	              53	            8603	             741	            2.84

Cumulative Process Counts:
Real usecs ...................................      3.27587e+08
Real cycles ..................................      8.49637e+11
Proc usecs ...................................      3.04674e+08
Proc cycles ..................................      7.92458e+11
I/O cycles ...................................                0
PAPI_L3_TCA ..................................      1.08693e+07
PAPI_L3_TCM ..................................            11116

Event descriptions:
PAPI_L3_TCA                   : Level 3 total cache accesses
PAPI_L3_TCM                   : Level 3 cache misses

Derived event descriptions:
