papiex version                : 0.99rc9
Executable                    : /p/lscratchrza/rountree/single-node/bmarks/synthetic/scale-mem/bmark3
Arguments                     : 
Processor                     : Intel(R) Xeon(R) CPU E5-2670 0 @ 2.60GHz
Clockrate                     : 2601.000000
Hostname                      : rzmerl109
Options                       : DIR,PAPI_L3_TCA,PAPI_L3_TCM,NO_MPI_GATHER,NO_MPI_PROF
Domain                        : User
Parent process id             : 30050
Process id                    : 30077
Num. of threads               : 13
Start                         : Sun Jan 13 09:33:03 2013
Finish                        : Sun Jan 13 09:36:25 2013

Derived Metrics:
CPU Utilization ..............................             0.92
I/O Cycles % .................................             0.00




Program Statistics:
                             min                     max                    mean      coef. of variation
Real usecs:	     2.01513e+08	     2.01629e+08	     2.01524e+08	            0.00
Real cycles:	     5.22655e+11	     5.22956e+11	     5.22685e+11	            0.00 
Proc usecs:	           43079	     2.00981e+08	     1.85414e+08	            0.29 
Proc cycles:	     1.12046e+08	     5.22752e+11	     4.82263e+11	            0.29 
I/O cycles:	               0	               0	               0	            -nan 
PAPI_L3_TCA:	          132567	     3.10106e+09	     2.55382e+09	            0.30
PAPI_L3_TCM:	          130624	     1.42773e+08	     6.37387e+07	            0.63

Cumulative Process Counts:
Real usecs ...................................      2.61982e+09
Real cycles ..................................       6.7949e+12
Proc usecs ...................................      2.41039e+09
Proc cycles ..................................      6.26941e+12
I/O cycles ...................................                0
PAPI_L3_TCA ..................................      3.31996e+10
PAPI_L3_TCM ..................................      8.28603e+08

Event descriptions:
PAPI_L3_TCA                   : Level 3 total cache accesses
PAPI_L3_TCM                   : Level 3 cache misses

Derived event descriptions:
