papiex version                : 0.99rc9
Executable                    : /p/lscratchrza/rountree/single-node/bmarks/synthetic/scale-cpu/bmark1
Arguments                     : 
Processor                     : Intel(R) Xeon(R) CPU E5-2670 0 @ 2.60GHz
Clockrate                     : 2601.000000
Hostname                      : rzmerl138
Options                       : DIR,PAPI_L3_TCA,PAPI_L3_TCM,NO_MPI_GATHER,NO_MPI_PROF
Domain                        : User
Parent process id             : 68549
Process id                    : 68576
Num. of threads               : 7
Start                         : Sun Jan 13 10:00:09 2013
Finish                        : Sun Jan 13 10:01:08 2013

Derived Metrics:
CPU Utilization ..............................             0.86
I/O Cycles % .................................             0.00




Program Statistics:
                             min                     max                    mean      coef. of variation
Real usecs:	     5.86395e+07	     5.87511e+07	     5.86556e+07	            0.00
Real cycles:	     1.52088e+11	     1.52378e+11	      1.5213e+11	            0.00 
Proc usecs:	            4565	     5.85179e+07	     5.00594e+07	            0.41 
Proc cycles:	      1.1871e+07	     1.52205e+11	     1.30205e+11	            0.41 
I/O cycles:	               0	               0	               0	            -nan 
PAPI_L3_TCA:	            1743	           39581	           12557	            1.30
PAPI_L3_TCM:	             182	            7348	            1353	            1.82

Cumulative Process Counts:
Real usecs ...................................      4.10589e+08
Real cycles ..................................      1.06491e+12
Proc usecs ...................................      3.50416e+08
Proc cycles ..................................      9.11432e+11
I/O cycles ...................................                0
PAPI_L3_TCA ..................................            87902
PAPI_L3_TCM ..................................             9472

Event descriptions:
PAPI_L3_TCA                   : Level 3 total cache accesses
PAPI_L3_TCM                   : Level 3 cache misses

Derived event descriptions:
