papiex version                : 0.99rc9
Executable                    : /p/lscratchrza/rountree/single-node/bmarks/sphot/sphot
Arguments                     : 
Processor                     : Intel(R) Xeon(R) CPU E5-2670 0 @ 2.60GHz
Clockrate                     : 2601.000000
Hostname                      : rzmerl53
Options                       : DIR,PAPI_L3_TCA,PAPI_L3_TCM,NO_MPI_GATHER,NO_MPI_PROF
Domain                        : User
Parent process id             : 102990
Process id                    : 103017
Num. of threads               : 5
Start                         : Sun Jan 13 10:46:10 2013
Finish                        : Sun Jan 13 10:52:19 2013

Derived Metrics:
CPU Utilization ..............................             0.80
I/O Cycles % .................................             0.00




Program Statistics:
                             min                     max                    mean      coef. of variation
Real usecs:	     3.68984e+08	     3.69146e+08	     3.69017e+08	            0.00
Real cycles:	     9.57006e+11	     9.57425e+11	      9.5709e+11	            0.00 
Proc usecs:	           34050	     3.68219e+08	     2.94349e+08	            0.50 
Proc cycles:	      8.8564e+07	     9.57739e+11	     7.65601e+11	            0.50 
I/O cycles:	               0	               0	               0	            -nan 
PAPI_L3_TCA:	          247851	     7.45146e+08	     5.81594e+08	            0.50
PAPI_L3_TCM:	            6127	     6.85576e+07	     5.20177e+07	            0.50

Cumulative Process Counts:
Real usecs ...................................      1.84508e+09
Real cycles ..................................      4.78545e+12
Proc usecs ...................................      1.47174e+09
Proc cycles ..................................      3.82801e+12
I/O cycles ...................................                0
PAPI_L3_TCA ..................................      2.90797e+09
PAPI_L3_TCM ..................................      2.60088e+08

Event descriptions:
PAPI_L3_TCA                   : Level 3 total cache accesses
PAPI_L3_TCM                   : Level 3 cache misses

Derived event descriptions:
