papiex version                : 0.99rc9
Executable                    : /p/lscratchrza/rountree/single-node/bmarks/sphot/sphot
Arguments                     : 
Processor                     : Intel(R) Xeon(R) CPU E5-2670 0 @ 2.60GHz
Clockrate                     : 2601.000000
Hostname                      : rzmerl18
Options                       : DIR,PAPI_L3_TCA,PAPI_L3_TCM,NO_MPI_GATHER,NO_MPI_PROF
Domain                        : User
Parent process id             : 4480
Process id                    : 4507
Num. of threads               : 9
Start                         : Sun Jan 13 11:01:22 2013
Finish                        : Sun Jan 13 11:04:33 2013

Derived Metrics:
CPU Utilization ..............................             0.89
I/O Cycles % .................................             0.00




Program Statistics:
                             min                     max                    mean      coef. of variation
Real usecs:	      1.9024e+08	     1.90385e+08	     1.90257e+08	            0.00
Real cycles:	     4.93409e+11	     4.93783e+11	     4.93451e+11	            0.00 
Proc usecs:	           11556	     1.89845e+08	     1.67946e+08	            0.35 
Proc cycles:	     3.00546e+07	     4.93787e+11	     4.36827e+11	            0.35 
I/O cycles:	               0	               0	               0	            -nan 
PAPI_L3_TCA:	          129273	      6.8622e+08	     5.88091e+08	            0.35
PAPI_L3_TCM:	            1369	     4.47924e+07	     3.55093e+07	            0.36

Cumulative Process Counts:
Real usecs ...................................      1.71231e+09
Real cycles ..................................      4.44106e+12
Proc usecs ...................................      1.51151e+09
Proc cycles ..................................      3.93144e+12
I/O cycles ...................................                0
PAPI_L3_TCA ..................................      5.29282e+09
PAPI_L3_TCM ..................................      3.19584e+08

Event descriptions:
PAPI_L3_TCA                   : Level 3 total cache accesses
PAPI_L3_TCM                   : Level 3 cache misses

Derived event descriptions:
