papiex version                : 0.99rc9
Executable                    : /p/lscratchrza/rountree/single-node/bmarks/sphot/sphot
Arguments                     : 
Processor                     : Intel(R) Xeon(R) CPU E5-2670 0 @ 2.60GHz
Clockrate                     : 2601.000000
Hostname                      : rzmerl53
Options                       : DIR,PAPI_L3_TCA,PAPI_L3_TCM,NO_MPI_GATHER,NO_MPI_PROF
Domain                        : User
Parent process id             : 104648
Process id                    : 104675
Num. of threads               : 15
Start                         : Sun Jan 13 11:39:29 2013
Finish                        : Sun Jan 13 11:41:35 2013

Derived Metrics:
CPU Utilization ..............................             0.92
I/O Cycles % .................................             0.00




Program Statistics:
                             min                     max                    mean      coef. of variation
Real usecs:	     1.25602e+08	     1.25758e+08	     1.25626e+08	            0.00
Real cycles:	     3.25763e+11	     3.26169e+11	     3.25826e+11	            0.00 
Proc usecs:	           11211	     1.25357e+08	     1.14739e+08	            0.27 
Proc cycles:	     2.91572e+07	     3.26054e+11	     2.98435e+11	            0.27 
I/O cycles:	               0	               0	               0	            -nan 
PAPI_L3_TCA:	           84251	     3.22264e+08	     2.84489e+08	            0.27
PAPI_L3_TCM:	            2422	     4.35947e+07	     3.64939e+07	            0.27

Cumulative Process Counts:
Real usecs ...................................      1.88439e+09
Real cycles ..................................      4.88739e+12
Proc usecs ...................................      1.72108e+09
Proc cycles ..................................      4.47653e+12
I/O cycles ...................................                0
PAPI_L3_TCA ..................................      4.26734e+09
PAPI_L3_TCM ..................................      5.47409e+08

Event descriptions:
PAPI_L3_TCA                   : Level 3 total cache accesses
PAPI_L3_TCM                   : Level 3 cache misses

Derived event descriptions:
