papiex version                : 0.99rc9
Executable                    : /p/lscratchrza/rountree/single-node/bmarks/synthetic/scale-mem/bmark3
Arguments                     : 
Processor                     : Intel(R) Xeon(R) CPU E5-2670 0 @ 2.60GHz
Clockrate                     : 2601.000000
Hostname                      : rzmerl58
Options                       : DIR,PAPI_L3_TCA,PAPI_L3_TCM,NO_MPI_GATHER,NO_MPI_PROF
Domain                        : User
Parent process id             : 13495
Process id                    : 13522
Num. of threads               : 13
Start                         : Sun Jan 13 09:05:27 2013
Finish                        : Sun Jan 13 09:08:00 2013

Derived Metrics:
CPU Utilization ..............................             0.92
I/O Cycles % .................................             0.00




Program Statistics:
                             min                     max                    mean      coef. of variation
Real usecs:	     1.52999e+08	     1.53117e+08	     1.53012e+08	            0.00
Real cycles:	     3.96825e+11	     3.97131e+11	      3.9686e+11	            0.00 
Proc usecs:	           28517	     1.52653e+08	     1.40875e+08	            0.29 
Proc cycles:	     7.41727e+07	      3.9705e+11	     3.66415e+11	            0.29 
I/O cycles:	               0	               0	               0	            -nan 
PAPI_L3_TCA:	          100413	      3.8662e+09	     3.14861e+09	            0.30
PAPI_L3_TCM:	           97686	     1.58286e+08	     7.90858e+07	            0.57

Cumulative Process Counts:
Real usecs ...................................      1.98916e+09
Real cycles ..................................      5.15918e+12
Proc usecs ...................................      1.83137e+09
Proc cycles ..................................      4.76339e+12
I/O cycles ...................................                0
PAPI_L3_TCA ..................................       4.0932e+10
PAPI_L3_TCM ..................................      1.02812e+09

Event descriptions:
PAPI_L3_TCA                   : Level 3 total cache accesses
PAPI_L3_TCM                   : Level 3 cache misses

Derived event descriptions:
