papiex version                : 0.99rc9
Executable                    : /p/lscratchrza/rountree/single-node/bmarks/synthetic/no-scale-mem-comm/bmark4
Arguments                     : 
Processor                     : Intel(R) Xeon(R) CPU E5-2670 0 @ 2.60GHz
Clockrate                     : 2601.000000
Hostname                      : rzmerl107
Options                       : DIR,PAPI_L3_TCA,PAPI_L3_TCM,NO_MPI_GATHER,NO_MPI_PROF
Domain                        : User
Parent process id             : 73261
Process id                    : 73288
Num. of threads               : 11
Start                         : Sun Jan 13 09:08:15 2013
Finish                        : Sun Jan 13 09:11:23 2013

Derived Metrics:
CPU Utilization ..............................             0.91
I/O Cycles % .................................             0.00




Program Statistics:
                             min                     max                    mean      coef. of variation
Real usecs:	     1.88731e+08	     1.88846e+08	     1.88742e+08	            0.00
Real cycles:	     4.89503e+11	       4.898e+11	     4.89531e+11	            0.00 
Proc usecs:	           33614	     1.88202e+08	     1.71003e+08	            0.32 
Proc cycles:	     8.74326e+07	     4.89512e+11	      4.4478e+11	            0.32 
I/O cycles:	               0	               0	               0	            -nan 
PAPI_L3_TCA:	          124630	      4.6534e+09	     3.86516e+09	            0.32
PAPI_L3_TCM:	          121005	     2.29733e+08	      1.0319e+08	            0.63

Cumulative Process Counts:
Real usecs ...................................      2.07617e+09
Real cycles ..................................      5.38485e+12
Proc usecs ...................................      1.88104e+09
Proc cycles ..................................      4.89258e+12
I/O cycles ...................................                0
PAPI_L3_TCA ..................................      4.25167e+10
PAPI_L3_TCM ..................................      1.13509e+09

Event descriptions:
PAPI_L3_TCA                   : Level 3 total cache accesses
PAPI_L3_TCM                   : Level 3 cache misses

Derived event descriptions:
