papiex version                : 0.99rc9
Executable                    : /p/lscratchrza/rountree/single-node/bmarks/synthetic/scale-cpu/bmark1
Arguments                     : 
Processor                     : Intel(R) Xeon(R) CPU E5-2670 0 @ 2.60GHz
Clockrate                     : 2601.000000
Hostname                      : rzmerl126
Options                       : DIR,PAPI_L3_TCA,PAPI_L3_TCM,NO_MPI_GATHER,NO_MPI_PROF
Domain                        : User
Parent process id             : 10365
Process id                    : 10392
Num. of threads               : 9
Start                         : Sun Jan 13 09:49:02 2013
Finish                        : Sun Jan 13 09:49:46 2013

Derived Metrics:
CPU Utilization ..............................             0.89
I/O Cycles % .................................             0.00




Program Statistics:
                             min                     max                    mean      coef. of variation
Real usecs:	     4.39246e+07	     4.40364e+07	     4.39374e+07	            0.00
Real cycles:	     1.13924e+11	     1.14214e+11	     1.13957e+11	            0.00 
Proc usecs:	            3525	     4.38366e+07	     3.88741e+07	            0.35 
Proc cycles:	     9.17113e+06	     1.14019e+11	     1.01111e+11	            0.35 
I/O cycles:	               0	               0	               0	            -nan 
PAPI_L3_TCA:	            1759	           39226	            9367	            1.43
PAPI_L3_TCM:	             100	            6605	             930	            2.16

Cumulative Process Counts:
Real usecs ...................................      3.95437e+08
Real cycles ..................................      1.02561e+12
Proc usecs ...................................      3.49867e+08
Proc cycles ..................................      9.10003e+11
I/O cycles ...................................                0
PAPI_L3_TCA ..................................            84303
PAPI_L3_TCM ..................................             8376

Event descriptions:
PAPI_L3_TCA                   : Level 3 total cache accesses
PAPI_L3_TCM                   : Level 3 cache misses

Derived event descriptions:
