papiex version                : 0.99rc9
Executable                    : /p/lscratchrza/rountree/single-node/bmarks/synthetic/scale-mem/bmark3
Arguments                     : 
Processor                     : Intel(R) Xeon(R) CPU E5-2670 0 @ 2.60GHz
Clockrate                     : 2601.000000
Hostname                      : rzmerl58
Options                       : DIR,PAPI_L3_TCA,PAPI_L3_TCM,NO_MPI_GATHER,NO_MPI_PROF
Domain                        : User
Parent process id             : 14086
Process id                    : 14113
Num. of threads               : 15
Start                         : Sun Jan 13 09:29:11 2013
Finish                        : Sun Jan 13 09:32:06 2013

Derived Metrics:
CPU Utilization ..............................             0.93
I/O Cycles % .................................             0.00




Program Statistics:
                             min                     max                    mean      coef. of variation
Real usecs:	      1.7536e+08	     1.75476e+08	     1.75369e+08	            0.00
Real cycles:	     4.54821e+11	     4.55123e+11	     4.54845e+11	            0.00 
Proc usecs:	           36001	     1.74921e+08	     1.63129e+08	            0.27 
Proc cycles:	      9.3636e+07	     4.54971e+11	     4.24299e+11	            0.27 
I/O cycles:	               0	               0	               0	            -nan 
PAPI_L3_TCA:	          114341	      2.3586e+09	     1.95632e+09	            0.28
PAPI_L3_TCM:	          111588	     1.02339e+08	      4.0776e+07	            0.67

Cumulative Process Counts:
Real usecs ...................................      2.63053e+09
Real cycles ..................................      6.82268e+12
Proc usecs ...................................      2.44694e+09
Proc cycles ..................................      6.36449e+12
I/O cycles ...................................                0
PAPI_L3_TCA ..................................      2.93448e+10
PAPI_L3_TCM ..................................      6.11639e+08

Event descriptions:
PAPI_L3_TCA                   : Level 3 total cache accesses
PAPI_L3_TCM                   : Level 3 cache misses

Derived event descriptions:
