papiex version                : 0.99rc9
Executable                    : /p/lscratchrza/rountree/single-node/bmarks/synthetic/no-scale-mem-comm/bmark4
Arguments                     : 
Processor                     : Intel(R) Xeon(R) CPU E5-2670 0 @ 2.60GHz
Clockrate                     : 2601.000000
Hostname                      : rzmerl107
Options                       : DIR,PAPI_L3_TCA,PAPI_L3_TCM,NO_MPI_GATHER,NO_MPI_PROF
Domain                        : User
Parent process id             : 73533
Process id                    : 73560
Num. of threads               : 5
Start                         : Sun Jan 13 09:20:00 2013
Finish                        : Sun Jan 13 09:27:05 2013

Derived Metrics:
CPU Utilization ..............................             0.80
I/O Cycles % .................................             0.00




Program Statistics:
                             min                     max                    mean      coef. of variation
Real usecs:	     4.25286e+08	     4.25399e+08	     4.25308e+08	            0.00
Real cycles:	     1.10304e+12	     1.10334e+12	      1.1031e+12	            0.00 
Proc usecs:	           77372	     4.24267e+08	     3.39391e+08	            0.50 
Proc cycles:	     2.01245e+08	     1.10352e+12	     8.82756e+11	            0.50 
I/O cycles:	               0	               0	               0	            -nan 
PAPI_L3_TCA:	          279714	      1.3552e+10	     1.03421e+10	            0.50
PAPI_L3_TCM:	          275189	     8.86376e+08	     4.73033e+08	            0.64

Cumulative Process Counts:
Real usecs ...................................      2.12654e+09
Real cycles ..................................       5.5155e+12
Proc usecs ...................................      1.69696e+09
Proc cycles ..................................      4.41378e+12
I/O cycles ...................................                0
PAPI_L3_TCA ..................................      5.17105e+10
PAPI_L3_TCM ..................................      2.36516e+09

Event descriptions:
PAPI_L3_TCA                   : Level 3 total cache accesses
PAPI_L3_TCM                   : Level 3 cache misses

Derived event descriptions:
