papiex version                : 0.99rc9
Executable                    : /p/lscratchrza/rountree/single-node/bmarks/synthetic/no-scale-mem-comm/bmark4
Arguments                     : 
Processor                     : Intel(R) Xeon(R) CPU E5-2670 0 @ 2.60GHz
Clockrate                     : 2601.000000
Hostname                      : rzmerl107
Options                       : DIR,PAPI_L3_TCA,PAPI_L3_TCM,NO_MPI_GATHER,NO_MPI_PROF
Domain                        : User
Parent process id             : 75969
Process id                    : 75996
Num. of threads               : 17
Start                         : Sun Jan 13 11:06:05 2013
Finish                        : Sun Jan 13 11:08:33 2013

Derived Metrics:
CPU Utilization ..............................             0.94
I/O Cycles % .................................             0.00




Program Statistics:
                             min                     max                    mean      coef. of variation
Real usecs:	     1.48172e+08	       1.483e+08	     1.48181e+08	            0.00
Real cycles:	     3.84307e+11	     3.84638e+11	     3.84329e+11	            0.00 
Proc usecs:	          163148	     1.47591e+08	     1.38716e+08	            0.25 
Proc cycles:	     4.24345e+08	     3.83885e+11	       3.608e+11	            0.25 
I/O cycles:	               0	               0	               0	            -nan 
PAPI_L3_TCA:	           73967	     2.24369e+09	     1.97108e+09	            0.25
PAPI_L3_TCM:	           72937	     7.17219e+07	     3.40333e+07	            0.63

Cumulative Process Counts:
Real usecs ...................................      2.51908e+09
Real cycles ..................................       6.5336e+12
Proc usecs ...................................      2.35817e+09
Proc cycles ..................................      6.13361e+12
I/O cycles ...................................                0
PAPI_L3_TCA ..................................      3.35084e+10
PAPI_L3_TCM ..................................      5.78566e+08

Event descriptions:
PAPI_L3_TCA                   : Level 3 total cache accesses
PAPI_L3_TCM                   : Level 3 cache misses

Derived event descriptions:
