papiex version                : 0.99rc9
Executable                    : /p/lscratchrza/rountree/single-node/bmarks/synthetic/scale-mem/bmark3
Arguments                     : 
Processor                     : Intel(R) Xeon(R) CPU E5-2670 0 @ 2.60GHz
Clockrate                     : 2601.000000
Hostname                      : rzmerl109
Options                       : DIR,PAPI_L3_TCA,PAPI_L3_TCM,NO_MPI_GATHER,NO_MPI_PROF
Domain                        : User
Parent process id             : 35902
Process id                    : 35929
Num. of threads               : 15
Start                         : Sun Jan 13 13:44:16 2013
Finish                        : Sun Jan 13 13:46:46 2013

Derived Metrics:
CPU Utilization ..............................             0.93
I/O Cycles % .................................             0.00




Program Statistics:
                             min                     max                    mean      coef. of variation
Real usecs:	      1.5033e+08	     1.50445e+08	     1.50339e+08	            0.00
Real cycles:	     3.89904e+11	     3.90201e+11	     3.89927e+11	            0.00 
Proc usecs:	           28690	     1.49935e+08	     1.39862e+08	            0.27 
Proc cycles:	     7.46201e+07	     3.89982e+11	     3.63781e+11	            0.27 
I/O cycles:	               0	               0	               0	            -nan 
PAPI_L3_TCA:	           98591	     2.81523e+09	     2.41862e+09	            0.27
PAPI_L3_TCM:	           95898	      1.3197e+08	     5.45882e+07	            0.60

Cumulative Process Counts:
Real usecs ...................................      2.25508e+09
Real cycles ..................................       5.8489e+12
Proc usecs ...................................      2.09793e+09
Proc cycles ..................................      5.45671e+12
I/O cycles ...................................                0
PAPI_L3_TCA ..................................      3.62793e+10
PAPI_L3_TCM ..................................      8.18822e+08

Event descriptions:
PAPI_L3_TCA                   : Level 3 total cache accesses
PAPI_L3_TCM                   : Level 3 cache misses

Derived event descriptions:
