papiex version                : 0.99rc9
Executable                    : /p/lscratchrza/rountree/single-node/bmarks/synthetic/scale-mem/bmark3
Arguments                     : 
Processor                     : Intel(R) Xeon(R) CPU E5-2670 0 @ 2.60GHz
Clockrate                     : 2601.000000
Hostname                      : rzmerl109
Options                       : DIR,PAPI_L3_TCA,PAPI_L3_TCM,NO_MPI_GATHER,NO_MPI_PROF
Domain                        : User
Parent process id             : 34847
Process id                    : 34874
Num. of threads               : 7
Start                         : Sun Jan 13 12:55:23 2013
Finish                        : Sun Jan 13 13:00:53 2013

Derived Metrics:
CPU Utilization ..............................             0.86
I/O Cycles % .................................             0.00




Program Statistics:
                             min                     max                    mean      coef. of variation
Real usecs:	     3.29493e+08	     3.29605e+08	     3.29509e+08	            0.00
Real cycles:	      8.5459e+11	      8.5488e+11	     8.54631e+11	            0.00 
Proc usecs:	           62173	     3.28703e+08	     2.81701e+08	            0.41 
Proc cycles:	     1.61715e+08	     8.54956e+11	     7.32703e+11	            0.41 
I/O cycles:	               0	               0	               0	            -nan 
PAPI_L3_TCA:	          217048	      6.7193e+09	     5.46594e+09	            0.41
PAPI_L3_TCM:	          212229	     4.06704e+08	     2.38777e+08	            0.64

Cumulative Process Counts:
Real usecs ...................................      2.30656e+09
Real cycles ..................................      5.98242e+12
Proc usecs ...................................       1.9719e+09
Proc cycles ..................................      5.12892e+12
I/O cycles ...................................                0
PAPI_L3_TCA ..................................      3.82616e+10
PAPI_L3_TCM ..................................      1.67144e+09

Event descriptions:
PAPI_L3_TCA                   : Level 3 total cache accesses
PAPI_L3_TCM                   : Level 3 cache misses

Derived event descriptions:
