papiex version                : 0.99rc9
Executable                    : /p/lscratchrza/rountree/single-node/bmarks/synthetic/scale-cpu/bmark1
Arguments                     : 
Processor                     : Intel(R) Xeon(R) CPU E5-2670 0 @ 2.60GHz
Clockrate                     : 2601.000000
Hostname                      : rzmerl126
Options                       : DIR,PAPI_L3_TCA,PAPI_L3_TCM,NO_MPI_GATHER,NO_MPI_PROF
Domain                        : User
Parent process id             : 8445
Process id                    : 8472
Num. of threads               : 9
Start                         : Sun Jan 13 09:33:39 2013
Finish                        : Sun Jan 13 09:34:23 2013

Derived Metrics:
CPU Utilization ..............................             0.89
I/O Cycles % .................................             0.00




Program Statistics:
                             min                     max                    mean      coef. of variation
Real usecs:	     4.40216e+07	     4.41346e+07	     4.40353e+07	            0.00
Real cycles:	     1.14175e+11	     1.14469e+11	     1.14211e+11	            0.00 
Proc usecs:	            4119	     4.39315e+07	      3.8971e+07	            0.35 
Proc cycles:	     1.07135e+07	     1.14266e+11	     1.01364e+11	            0.35 
I/O cycles:	               0	               0	               0	            -nan 
PAPI_L3_TCA:	            1637	           37462	            9292	            1.41
PAPI_L3_TCM:	              94	            6760	             985	            2.08

Cumulative Process Counts:
Real usecs ...................................      3.96318e+08
Real cycles ..................................       1.0279e+12
Proc usecs ...................................      3.50739e+08
Proc cycles ..................................      9.12273e+11
I/O cycles ...................................                0
PAPI_L3_TCA ..................................            83636
PAPI_L3_TCM ..................................             8868

Event descriptions:
PAPI_L3_TCA                   : Level 3 total cache accesses
PAPI_L3_TCM                   : Level 3 cache misses

Derived event descriptions:
