papiex version                : 0.99rc9
Executable                    : /p/lscratchrza/rountree/single-node/bmarks/synthetic/scale-mem/bmark3
Arguments                     : 
Processor                     : Intel(R) Xeon(R) CPU E5-2670 0 @ 2.60GHz
Clockrate                     : 2601.000000
Hostname                      : rzmerl109
Options                       : DIR,PAPI_L3_TCA,PAPI_L3_TCM,NO_MPI_GATHER,NO_MPI_PROF
Domain                        : User
Parent process id             : 33784
Process id                    : 33811
Num. of threads               : 15
Start                         : Sun Jan 13 12:10:17 2013
Finish                        : Sun Jan 13 12:12:45 2013

Derived Metrics:
CPU Utilization ..............................             0.93
I/O Cycles % .................................             0.00




Program Statistics:
                             min                     max                    mean      coef. of variation
Real usecs:	     1.48208e+08	     1.48323e+08	     1.48217e+08	            0.00
Real cycles:	     3.84401e+11	       3.847e+11	     3.84425e+11	            0.00 
Proc usecs:	           28635	     1.47804e+08	     1.37873e+08	            0.27 
Proc cycles:	      7.4477e+07	     3.84439e+11	     3.58607e+11	            0.27 
I/O cycles:	               0	               0	               0	            -nan 
PAPI_L3_TCA:	           97123	     2.70303e+09	     2.36751e+09	            0.27
PAPI_L3_TCM:	           94323	     1.28206e+08	     5.57797e+07	            0.60

Cumulative Process Counts:
Real usecs ...................................      2.22326e+09
Real cycles ..................................      5.76637e+12
Proc usecs ...................................      2.06809e+09
Proc cycles ..................................       5.3791e+12
I/O cycles ...................................                0
PAPI_L3_TCA ..................................      3.55126e+10
PAPI_L3_TCM ..................................      8.36695e+08

Event descriptions:
PAPI_L3_TCA                   : Level 3 total cache accesses
PAPI_L3_TCM                   : Level 3 cache misses

Derived event descriptions:
