papiex version                : 0.99rc9
Executable                    : /p/lscratchrza/rountree/single-node/bmarks/synthetic/no-scale-mem-comm/bmark4
Arguments                     : 
Processor                     : Intel(R) Xeon(R) CPU E5-2670 0 @ 2.60GHz
Clockrate                     : 2601.000000
Hostname                      : rzmerl28
Options                       : DIR,PAPI_L3_TCA,PAPI_L3_TCM,NO_MPI_GATHER,NO_MPI_PROF
Domain                        : User
Parent process id             : 31514
Process id                    : 31541
Num. of threads               : 7
Start                         : Sun Jan 13 14:58:24 2013
Finish                        : Sun Jan 13 15:04:01 2013

Derived Metrics:
CPU Utilization ..............................             0.86
I/O Cycles % .................................             0.00




Program Statistics:
                             min                     max                    mean      coef. of variation
Real usecs:	     3.36393e+08	     3.36507e+08	      3.3641e+08	            0.00
Real cycles:	      8.7248e+11	     8.72775e+11	     8.72523e+11	            0.00 
Proc usecs:	           61213	     3.35673e+08	     2.87529e+08	            0.41 
Proc cycles:	     1.59215e+08	     8.73086e+11	     7.47864e+11	            0.41 
I/O cycles:	               0	               0	               0	            -nan 
PAPI_L3_TCA:	          220582	     6.83605e+09	     5.60139e+09	            0.41
PAPI_L3_TCM:	          216607	      3.9557e+08	     2.20662e+08	            0.67

Cumulative Process Counts:
Real usecs ...................................      2.35487e+09
Real cycles ..................................      6.10766e+12
Proc usecs ...................................      2.01271e+09
Proc cycles ..................................      5.23505e+12
I/O cycles ...................................                0
PAPI_L3_TCA ..................................      3.92097e+10
PAPI_L3_TCM ..................................      1.54464e+09

Event descriptions:
PAPI_L3_TCA                   : Level 3 total cache accesses
PAPI_L3_TCM                   : Level 3 cache misses

Derived event descriptions:
