papiex version                : 0.99rc9
Executable                    : /p/lscratchrza/rountree/single-node/bmarks/sphot/sphot
Arguments                     : 
Processor                     : Intel(R) Xeon(R) CPU E5-2670 0 @ 2.60GHz
Clockrate                     : 2601.000000
Hostname                      : rzmerl69
Options                       : DIR,PAPI_L3_TCA,PAPI_L3_TCM,NO_MPI_GATHER,NO_MPI_PROF
Domain                        : User
Parent process id             : 92880
Process id                    : 92907
Num. of threads               : 5
Start                         : Sun Jan 13 11:07:57 2013
Finish                        : Sun Jan 13 11:14:08 2013

Derived Metrics:
CPU Utilization ..............................             0.80
I/O Cycles % .................................             0.00




Program Statistics:
                             min                     max                    mean      coef. of variation
Real usecs:	      3.7045e+08	     3.70589e+08	     3.70478e+08	            0.00
Real cycles:	     9.60819e+11	     9.61179e+11	     9.60891e+11	            0.00 
Proc usecs:	           28998	     3.69684e+08	      2.9547e+08	            0.50 
Proc cycles:	     7.54212e+07	     9.61548e+11	     7.68518e+11	            0.50 
I/O cycles:	               0	               0	               0	            -nan 
PAPI_L3_TCA:	          247344	      8.6632e+08	     6.85881e+08	            0.50
PAPI_L3_TCM:	            6641	     6.97892e+07	      5.4738e+07	            0.50

Cumulative Process Counts:
Real usecs ...................................      1.85239e+09
Real cycles ..................................      4.80446e+12
Proc usecs ...................................      1.47735e+09
Proc cycles ..................................      3.84259e+12
I/O cycles ...................................                0
PAPI_L3_TCA ..................................       3.4294e+09
PAPI_L3_TCM ..................................       2.7369e+08

Event descriptions:
PAPI_L3_TCA                   : Level 3 total cache accesses
PAPI_L3_TCM                   : Level 3 cache misses

Derived event descriptions:
