papiex version                : 0.99rc9
Executable                    : /p/lscratchrza/rountree/single-node/bmarks/synthetic/scale-cpu/bmark1
Arguments                     : 
Processor                     : Intel(R) Xeon(R) CPU E5-2670 0 @ 2.60GHz
Clockrate                     : 2601.000000
Hostname                      : rzmerl138
Options                       : DIR,PAPI_L3_TCA,PAPI_L3_TCM,NO_MPI_GATHER,NO_MPI_PROF
Domain                        : User
Parent process id             : 67728
Process id                    : 67755
Num. of threads               : 11
Start                         : Sun Jan 13 09:53:41 2013
Finish                        : Sun Jan 13 09:54:16 2013

Derived Metrics:
CPU Utilization ..............................             0.91
I/O Cycles % .................................             0.00




Program Statistics:
                             min                     max                    mean      coef. of variation
Real usecs:	     3.53142e+07	     3.54499e+07	     3.53284e+07	            0.00
Real cycles:	     9.15915e+10	     9.19435e+10	     9.16284e+10	            0.00 
Proc usecs:	            2610	     3.52433e+07	     3.19588e+07	            0.32 
Proc cycles:	     6.78601e+06	     9.16677e+10	     8.31247e+10	            0.32 
I/O cycles:	               0	               0	               0	            -nan 
PAPI_L3_TCA:	            1472	           38679	            7333	            1.62
PAPI_L3_TCM:	              27	            6045	             728	            2.31

Cumulative Process Counts:
Real usecs ...................................      3.88613e+08
Real cycles ..................................      1.00791e+12
Proc usecs ...................................      3.51546e+08
Proc cycles ..................................      9.14372e+11
I/O cycles ...................................                0
PAPI_L3_TCA ..................................            80665
PAPI_L3_TCM ..................................             8018

Event descriptions:
PAPI_L3_TCA                   : Level 3 total cache accesses
PAPI_L3_TCM                   : Level 3 cache misses

Derived event descriptions:
