papiex version                : 0.99rc9
Executable                    : /p/lscratchrza/rountree/single-node/bmarks/synthetic/scale-cpu/bmark1
Arguments                     : 
Processor                     : Intel(R) Xeon(R) CPU E5-2670 0 @ 2.60GHz
Clockrate                     : 2601.000000
Hostname                      : rzmerl126
Options                       : DIR,PAPI_L3_TCA,PAPI_L3_TCM,NO_MPI_GATHER,NO_MPI_PROF
Domain                        : User
Parent process id             : 9635
Process id                    : 9662
Num. of threads               : 11
Start                         : Sun Jan 13 09:43:18 2013
Finish                        : Sun Jan 13 09:43:54 2013

Derived Metrics:
CPU Utilization ..............................             0.91
I/O Cycles % .................................             0.00




Program Statistics:
                             min                     max                    mean      coef. of variation
Real usecs:	     3.52541e+07	     3.53654e+07	     3.52653e+07	            0.00
Real cycles:	     9.14359e+10	     9.17246e+10	     9.14648e+10	            0.00 
Proc usecs:	            3517	     3.51819e+07	     3.19075e+07	            0.32 
Proc cycles:	     9.14772e+06	     9.15082e+10	     8.29915e+10	            0.32 
I/O cycles:	               0	               0	               0	            -nan 
PAPI_L3_TCA:	            1672	           38288	            7268	            1.60
PAPI_L3_TCM:	              86	            4989	             650	            2.12

Cumulative Process Counts:
Real usecs ...................................      3.87918e+08
Real cycles ..................................      1.00611e+12
Proc usecs ...................................      3.50983e+08
Proc cycles ..................................      9.12907e+11
I/O cycles ...................................                0
PAPI_L3_TCA ..................................            79958
PAPI_L3_TCM ..................................             7153

Event descriptions:
PAPI_L3_TCA                   : Level 3 total cache accesses
PAPI_L3_TCM                   : Level 3 cache misses

Derived event descriptions:
