papiex version                : 0.99rc9
Executable                    : /p/lscratchrza/rountree/single-node/bmarks/sphot/sphot
Arguments                     : 
Processor                     : Intel(R) Xeon(R) CPU E5-2670 0 @ 2.60GHz
Clockrate                     : 2601.000000
Hostname                      : rzmerl18
Options                       : DIR,PAPI_L3_TCA,PAPI_L3_TCM,NO_MPI_GATHER,NO_MPI_PROF
Domain                        : User
Parent process id             : 6808
Process id                    : 6835
Num. of threads               : 9
Start                         : Sun Jan 13 12:08:59 2013
Finish                        : Sun Jan 13 12:12:10 2013

Derived Metrics:
CPU Utilization ..............................             0.88
I/O Cycles % .................................             0.00




Program Statistics:
                             min                     max                    mean      coef. of variation
Real usecs:	     1.90732e+08	     1.90887e+08	      1.9075e+08	            0.00
Real cycles:	     4.94685e+11	     4.95086e+11	      4.9473e+11	            0.00 
Proc usecs:	           15481	     1.90336e+08	     1.68252e+08	            0.35 
Proc cycles:	     4.02635e+07	     4.95064e+11	     4.37624e+11	            0.35 
I/O cycles:	               0	               0	               0	            -nan 
PAPI_L3_TCA:	          128266	     4.07247e+08	      3.4192e+08	            0.36
PAPI_L3_TCM:	            3118	     4.00249e+07	      3.2423e+07	            0.36

Cumulative Process Counts:
Real usecs ...................................      1.71675e+09
Real cycles ..................................      4.45257e+12
Proc usecs ...................................      1.51427e+09
Proc cycles ..................................      3.93861e+12
I/O cycles ...................................                0
PAPI_L3_TCA ..................................      3.07728e+09
PAPI_L3_TCM ..................................      2.91807e+08

Event descriptions:
PAPI_L3_TCA                   : Level 3 total cache accesses
PAPI_L3_TCM                   : Level 3 cache misses

Derived event descriptions:
