papiex version                : 0.99rc9
Executable                    : /p/lscratchrza/rountree/single-node/bmarks/synthetic/scale-cpu/bmark1
Arguments                     : 
Processor                     : Intel(R) Xeon(R) CPU E5-2670 0 @ 2.60GHz
Clockrate                     : 2601.000000
Hostname                      : rzmerl20
Options                       : DIR,PAPI_L3_TCA,PAPI_L3_TCM,NO_MPI_GATHER,NO_MPI_PROF
Domain                        : User
Parent process id             : 36629
Process id                    : 36656
Num. of threads               : 13
Start                         : Sun Jan 13 09:22:20 2013
Finish                        : Sun Jan 13 09:22:49 2013

Derived Metrics:
CPU Utilization ..............................             0.92
I/O Cycles % .................................             0.00




Program Statistics:
                             min                     max                    mean      coef. of variation
Real usecs:	     2.93568e+07	     2.94835e+07	     2.93691e+07	            0.00
Real cycles:	     7.61405e+10	     7.64691e+10	     7.61724e+10	            0.00 
Proc usecs:	            2431	     2.93005e+07	     2.70444e+07	            0.29 
Proc cycles:	     6.32303e+06	     7.62106e+10	     7.03426e+10	            0.29 
I/O cycles:	               0	               0	               0	            -nan 
PAPI_L3_TCA:	            1411	           40102	            6255	            1.75
PAPI_L3_TCM:	              54	            5004	             591	            2.18

Cumulative Process Counts:
Real usecs ...................................      3.81799e+08
Real cycles ..................................      9.90242e+11
Proc usecs ...................................      3.51578e+08
Proc cycles ..................................      9.14454e+11
I/O cycles ...................................                0
PAPI_L3_TCA ..................................            81320
PAPI_L3_TCM ..................................             7689

Event descriptions:
PAPI_L3_TCA                   : Level 3 total cache accesses
PAPI_L3_TCM                   : Level 3 cache misses

Derived event descriptions:
