papiex version                : 0.99rc9
Executable                    : /p/lscratchrza/rountree/single-node/bmarks/sphot/sphot
Arguments                     : 
Processor                     : Intel(R) Xeon(R) CPU E5-2670 0 @ 2.60GHz
Clockrate                     : 2601.000000
Hostname                      : rzmerl69
Options                       : DIR,PAPI_L3_TCA,PAPI_L3_TCM,NO_MPI_GATHER,NO_MPI_PROF
Domain                        : User
Parent process id             : 89505
Process id                    : 89532
Num. of threads               : 13
Start                         : Sun Jan 13 09:24:46 2013
Finish                        : Sun Jan 13 09:27:10 2013

Derived Metrics:
CPU Utilization ..............................             0.91
I/O Cycles % .................................             0.00




Program Statistics:
                             min                     max                    mean      coef. of variation
Real usecs:	     1.43684e+08	     1.43824e+08	     1.43695e+08	            0.00
Real cycles:	     3.72665e+11	      3.7303e+11	     3.72696e+11	            0.00 
Proc usecs:	           13256	     1.43388e+08	     1.30662e+08	            0.29 
Proc cycles:	     3.44763e+07	     3.72953e+11	     3.39853e+11	            0.29 
I/O cycles:	               0	               0	               0	            -nan 
PAPI_L3_TCA:	           96934	     3.11247e+08	     2.69876e+08	            0.29
PAPI_L3_TCM:	             979	     3.51595e+07	        3.07e+07	            0.29

Cumulative Process Counts:
Real usecs ...................................      1.86804e+09
Real cycles ..................................      4.84504e+12
Proc usecs ...................................      1.69861e+09
Proc cycles ..................................      4.41808e+12
I/O cycles ...................................                0
PAPI_L3_TCA ..................................      3.50839e+09
PAPI_L3_TCM ..................................        3.991e+08

Event descriptions:
PAPI_L3_TCA                   : Level 3 total cache accesses
PAPI_L3_TCM                   : Level 3 cache misses

Derived event descriptions:
