papiex version                : 0.99rc9
Executable                    : /p/lscratchrza/rountree/single-node/bmarks/synthetic/no-scale-mem-comm/bmark4
Arguments                     : 
Processor                     : Intel(R) Xeon(R) CPU E5-2670 0 @ 2.60GHz
Clockrate                     : 2601.000000
Hostname                      : rzmerl107
Options                       : DIR,PAPI_L3_TCA,PAPI_L3_TCM,NO_MPI_GATHER,NO_MPI_PROF
Domain                        : User
Parent process id             : 78159
Process id                    : 78186
Num. of threads               : 17
Start                         : Sun Jan 13 12:40:08 2013
Finish                        : Sun Jan 13 12:42:22 2013

Derived Metrics:
CPU Utilization ..............................             0.94
I/O Cycles % .................................             0.00




Program Statistics:
                             min                     max                    mean      coef. of variation
Real usecs:	      1.3363e+08	     1.33777e+08	     1.33643e+08	            0.00
Real cycles:	      3.4659e+11	     3.46972e+11	     3.46622e+11	            0.00 
Proc usecs:	           19778	     1.33115e+08	     1.25086e+08	            0.25 
Proc cycles:	       5.144e+07	     3.46232e+11	     3.25348e+11	            0.25 
I/O cycles:	               0	               0	               0	            -nan 
PAPI_L3_TCA:	           63867	     2.38991e+09	     2.12571e+09	            0.25
PAPI_L3_TCM:	           61962	     7.61262e+07	     3.59721e+07	            0.57

Cumulative Process Counts:
Real usecs ...................................      2.27192e+09
Real cycles ..................................      5.89258e+12
Proc usecs ...................................      2.12646e+09
Proc cycles ..................................      5.53091e+12
I/O cycles ...................................                0
PAPI_L3_TCA ..................................      3.61371e+10
PAPI_L3_TCM ..................................      6.11525e+08

Event descriptions:
PAPI_L3_TCA                   : Level 3 total cache accesses
PAPI_L3_TCM                   : Level 3 cache misses

Derived event descriptions:
