papiex version                : 0.99rc9
Executable                    : /p/lscratchrza/rountree/single-node/bmarks/synthetic/no-scale-cpu-comm/bmark2
Arguments                     : 
Processor                     : Intel(R) Xeon(R) CPU E5-2670 0 @ 2.60GHz
Clockrate                     : 2601.000000
Hostname                      : rzmerl85
Options                       : DIR,PAPI_L3_TCA,PAPI_L3_TCM,NO_MPI_GATHER,NO_MPI_PROF
Domain                        : User
Parent process id             : 15173
Process id                    : 15200
Num. of threads               : 17
Start                         : Sun Jan 13 09:57:17 2013
Finish                        : Sun Jan 13 09:57:40 2013

Derived Metrics:
CPU Utilization ..............................             0.94
I/O Cycles % .................................             0.00




Program Statistics:
                             min                     max                    mean      coef. of variation
Real usecs:	     2.19631e+07	     2.20792e+07	      2.1971e+07	            0.00
Real cycles:	     5.69646e+10	     5.72659e+10	     5.69853e+10	            0.00 
Proc usecs:	             816	     2.19242e+07	     2.06288e+07	            0.25 
Proc cycles:	     2.12242e+06	     5.70247e+10	     5.36556e+10	            0.25 
I/O cycles:	               0	               0	               0	            -nan 
PAPI_L3_TCA:	            1292	     1.08282e+07	          638707	            3.99
PAPI_L3_TCM:	              77	            8809	             665	            3.06

Cumulative Process Counts:
Real usecs ...................................      3.73508e+08
Real cycles ..................................       9.6875e+11
Proc usecs ...................................       3.5069e+08
Proc cycles ..................................      9.12145e+11
I/O cycles ...................................                0
PAPI_L3_TCA ..................................       1.0858e+07
PAPI_L3_TCM ..................................            11313

Event descriptions:
PAPI_L3_TCA                   : Level 3 total cache accesses
PAPI_L3_TCM                   : Level 3 cache misses

Derived event descriptions:
