papiex version                : 0.99rc9
Executable                    : /p/lscratchrza/rountree/single-node/bmarks/synthetic/no-scale-cpu-comm/bmark2
Arguments                     : 
Processor                     : Intel(R) Xeon(R) CPU E5-2670 0 @ 2.60GHz
Clockrate                     : 2601.000000
Hostname                      : rzmerl85
Options                       : DIR,PAPI_L3_TCA,PAPI_L3_TCM,NO_MPI_GATHER,NO_MPI_PROF
Domain                        : User
Parent process id             : 9729
Process id                    : 9756
Num. of threads               : 9
Start                         : Sun Jan 13 09:13:02 2013
Finish                        : Sun Jan 13 09:13:46 2013

Derived Metrics:
CPU Utilization ..............................             0.89
I/O Cycles % .................................             0.00




Program Statistics:
                             min                     max                    mean      coef. of variation
Real usecs:	     4.39593e+07	     4.40729e+07	     4.39721e+07	            0.00
Real cycles:	     1.14015e+11	      1.1431e+11	     1.14048e+11	            0.00 
Proc usecs:	            3577	     4.38735e+07	     3.88669e+07	            0.35 
Proc cycles:	     9.30118e+06	     1.14115e+11	     1.01093e+11	            0.35 
I/O cycles:	               0	               0	               0	            -nan 
PAPI_L3_TCA:	            1981	     1.08175e+07	     1.20725e+06	            2.81
PAPI_L3_TCM:	             138	           10969	            1467	            2.29

Cumulative Process Counts:
Real usecs ...................................      3.95749e+08
Real cycles ..................................      1.02644e+12
Proc usecs ...................................      3.49802e+08
Proc cycles ..................................      9.09835e+11
I/O cycles ...................................                0
PAPI_L3_TCA ..................................      1.08653e+07
PAPI_L3_TCM ..................................            13204

Event descriptions:
PAPI_L3_TCA                   : Level 3 total cache accesses
PAPI_L3_TCM                   : Level 3 cache misses

Derived event descriptions:
