papiex version                : 0.99rc9
Executable                    : /p/lscratchrza/rountree/single-node/bmarks/synthetic/scale-mem/bmark3
Arguments                     : 
Processor                     : Intel(R) Xeon(R) CPU E5-2670 0 @ 2.60GHz
Clockrate                     : 2601.000000
Hostname                      : rzmerl33
Options                       : DIR,PAPI_L3_TCA,PAPI_L3_TCM,NO_MPI_GATHER,NO_MPI_PROF
Domain                        : User
Parent process id             : 18006
Process id                    : 18033
Num. of threads               : 15
Start                         : Sun Jan 13 12:09:43 2013
Finish                        : Sun Jan 13 12:12:11 2013

Derived Metrics:
CPU Utilization ..............................             0.93
I/O Cycles % .................................             0.00




Program Statistics:
                             min                     max                    mean      coef. of variation
Real usecs:	     1.48625e+08	     1.48748e+08	     1.48639e+08	            0.00
Real cycles:	      3.8548e+11	       3.858e+11	     3.85516e+11	            0.00 
Proc usecs:	           27936	     1.48208e+08	     1.38268e+08	            0.27 
Proc cycles:	     7.26615e+07	     3.85488e+11	     3.59635e+11	            0.27 
I/O cycles:	               0	               0	               0	            -nan 
PAPI_L3_TCA:	           98133	     2.74577e+09	     2.37373e+09	            0.27
PAPI_L3_TCM:	           96431	     1.30004e+08	     5.52273e+07	            0.61

Cumulative Process Counts:
Real usecs ...................................      2.22958e+09
Real cycles ..................................      5.78273e+12
Proc usecs ...................................      2.07402e+09
Proc cycles ..................................      5.39452e+12
I/O cycles ...................................                0
PAPI_L3_TCA ..................................       3.5606e+10
PAPI_L3_TCM ..................................       8.2841e+08

Event descriptions:
PAPI_L3_TCA                   : Level 3 total cache accesses
PAPI_L3_TCM                   : Level 3 cache misses

Derived event descriptions:
