papiex version                : 0.99rc9
Executable                    : /p/lscratchrza/rountree/single-node/bmarks/sphot/sphot
Arguments                     : 
Processor                     : Intel(R) Xeon(R) CPU E5-2670 0 @ 2.60GHz
Clockrate                     : 2601.000000
Hostname                      : rzmerl53
Options                       : DIR,PAPI_L3_TCA,PAPI_L3_TCM,NO_MPI_GATHER,NO_MPI_PROF
Domain                        : User
Parent process id             : 100968
Process id                    : 100995
Num. of threads               : 15
Start                         : Sun Jan 13 09:46:04 2013
Finish                        : Sun Jan 13 09:48:23 2013

Derived Metrics:
CPU Utilization ..............................             0.92
I/O Cycles % .................................             0.00




Program Statistics:
                             min                     max                    mean      coef. of variation
Real usecs:	     1.39111e+08	     1.39256e+08	     1.39125e+08	            0.00
Real cycles:	     3.60802e+11	     3.61178e+11	     3.60837e+11	            0.00 
Proc usecs:	            9632	     1.38823e+08	     1.27398e+08	            0.27 
Proc cycles:	     2.50502e+07	     3.61079e+11	     3.31363e+11	            0.27 
I/O cycles:	               0	               0	               0	            -nan 
PAPI_L3_TCA:	           93328	     3.16686e+08	     2.82611e+08	            0.27
PAPI_L3_TCM:	            2497	     4.30063e+07	     3.57817e+07	            0.27

Cumulative Process Counts:
Real usecs ...................................      2.08687e+09
Real cycles ..................................      5.41256e+12
Proc usecs ...................................      1.91098e+09
Proc cycles ..................................      4.97045e+12
I/O cycles ...................................                0
PAPI_L3_TCA ..................................      4.23917e+09
PAPI_L3_TCM ..................................      5.36725e+08

Event descriptions:
PAPI_L3_TCA                   : Level 3 total cache accesses
PAPI_L3_TCM                   : Level 3 cache misses

Derived event descriptions:
