papiex version                : 0.99rc9
Executable                    : /p/lscratchrza/rountree/single-node/bmarks/synthetic/no-scale-mem-comm/bmark4
Arguments                     : 
Processor                     : Intel(R) Xeon(R) CPU E5-2670 0 @ 2.60GHz
Clockrate                     : 2601.000000
Hostname                      : rzmerl107
Options                       : DIR,PAPI_L3_TCA,PAPI_L3_TCM,NO_MPI_GATHER,NO_MPI_PROF
Domain                        : User
Parent process id             : 80359
Process id                    : 80386
Num. of threads               : 17
Start                         : Sun Jan 13 14:14:39 2013
Finish                        : Sun Jan 13 14:16:51 2013

Derived Metrics:
CPU Utilization ..............................             0.94
I/O Cycles % .................................             0.00




Program Statistics:
                             min                     max                    mean      coef. of variation
Real usecs:	      1.3263e+08	     1.32777e+08	      1.3266e+08	            0.00
Real cycles:	     3.43995e+11	     3.44378e+11	     3.44073e+11	            0.00 
Proc usecs:	           19510	     1.32336e+08	     1.24391e+08	            0.25 
Proc cycles:	     5.07715e+07	     3.44205e+11	     3.23542e+11	            0.25 
I/O cycles:	               0	               0	               0	            -nan 
PAPI_L3_TCA:	           63127	     2.42516e+09	      2.1435e+09	            0.25
PAPI_L3_TCM:	           61766	     8.35935e+07	     4.45321e+07	            0.53

Cumulative Process Counts:
Real usecs ...................................      2.25521e+09
Real cycles ..................................      5.84923e+12
Proc usecs ...................................      2.11465e+09
Proc cycles ..................................      5.50021e+12
I/O cycles ...................................                0
PAPI_L3_TCA ..................................      3.64394e+10
PAPI_L3_TCM ..................................      7.57045e+08

Event descriptions:
PAPI_L3_TCA                   : Level 3 total cache accesses
PAPI_L3_TCM                   : Level 3 cache misses

Derived event descriptions:
