papiex version                : 0.99rc9
Executable                    : /p/lscratchrza/rountree/single-node/bmarks/sphot/sphot
Arguments                     : 
Processor                     : Intel(R) Xeon(R) CPU E5-2670 0 @ 2.60GHz
Clockrate                     : 2601.000000
Hostname                      : rzmerl18
Options                       : DIR,PAPI_L3_TCA,PAPI_L3_TCM,NO_MPI_GATHER,NO_MPI_PROF
Domain                        : User
Parent process id             : 6992
Process id                    : 7019
Num. of threads               : 5
Start                         : Sun Jan 13 12:16:20 2013
Finish                        : Sun Jan 13 12:22:30 2013

Derived Metrics:
CPU Utilization ..............................             0.80
I/O Cycles % .................................             0.00




Program Statistics:
                             min                     max                    mean      coef. of variation
Real usecs:	     3.70014e+08	     3.70156e+08	     3.70043e+08	            0.00
Real cycles:	     9.59672e+11	     9.60041e+11	     9.59746e+11	            0.00 
Proc usecs:	           22220	     3.69246e+08	     2.94923e+08	            0.50 
Proc cycles:	     5.77942e+07	     9.60408e+11	     7.67094e+11	            0.50 
I/O cycles:	               0	               0	               0	            -nan 
PAPI_L3_TCA:	          244932	     5.87075e+08	     4.61199e+08	            0.50
PAPI_L3_TCM:	            2300	     7.27824e+07	     5.36257e+07	            0.51

Cumulative Process Counts:
Real usecs ...................................      1.85021e+09
Real cycles ..................................      4.79873e+12
Proc usecs ...................................      1.47461e+09
Proc cycles ..................................      3.83547e+12
I/O cycles ...................................                0
PAPI_L3_TCA ..................................        2.306e+09
PAPI_L3_TCM ..................................      2.68128e+08

Event descriptions:
PAPI_L3_TCA                   : Level 3 total cache accesses
PAPI_L3_TCM                   : Level 3 cache misses

Derived event descriptions:
