papiex version                : 0.99rc9
Executable                    : /p/lscratchrza/rountree/single-node/bmarks/synthetic/no-scale-cpu-comm/bmark2
Arguments                     : 
Processor                     : Intel(R) Xeon(R) CPU E5-2670 0 @ 2.60GHz
Clockrate                     : 2601.000000
Hostname                      : rzmerl85
Options                       : DIR,PAPI_L3_TCA,PAPI_L3_TCM,NO_MPI_GATHER,NO_MPI_PROF
Domain                        : User
Parent process id             : 12991
Process id                    : 13018
Num. of threads               : 9
Start                         : Sun Jan 13 09:38:44 2013
Finish                        : Sun Jan 13 09:39:28 2013

Derived Metrics:
CPU Utilization ..............................             0.89
I/O Cycles % .................................             0.00




Program Statistics:
                             min                     max                    mean      coef. of variation
Real usecs:	     4.39324e+07	     4.40662e+07	     4.39636e+07	            0.00
Real cycles:	     1.13946e+11	     1.14292e+11	     1.14026e+11	            0.00 
Proc usecs:	            3704	     4.38674e+07	     3.88859e+07	            0.35 
Proc cycles:	      9.6315e+06	     1.14099e+11	     1.01142e+11	            0.35 
I/O cycles:	               0	               0	               0	            -nan 
PAPI_L3_TCA:	            1574	     1.08191e+07	     1.20693e+06	            2.82
PAPI_L3_TCM:	              58	           11648	            1488	            2.42

Cumulative Process Counts:
Real usecs ...................................      3.95672e+08
Real cycles ..................................      1.02624e+12
Proc usecs ...................................      3.49974e+08
Proc cycles ..................................      9.10281e+11
I/O cycles ...................................                0
PAPI_L3_TCA ..................................      1.08623e+07
PAPI_L3_TCM ..................................            13392

Event descriptions:
PAPI_L3_TCA                   : Level 3 total cache accesses
PAPI_L3_TCM                   : Level 3 cache misses

Derived event descriptions:
