papiex version                : 0.99rc9
Executable                    : /p/lscratchrza/rountree/single-node/bmarks/synthetic/scale-mem/bmark3
Arguments                     : 
Processor                     : Intel(R) Xeon(R) CPU E5-2670 0 @ 2.60GHz
Clockrate                     : 2601.000000
Hostname                      : rzmerl58
Options                       : DIR,PAPI_L3_TCA,PAPI_L3_TCM,NO_MPI_GATHER,NO_MPI_PROF
Domain                        : User
Parent process id             : 14496
Process id                    : 14523
Num. of threads               : 7
Start                         : Sun Jan 13 09:43:46 2013
Finish                        : Sun Jan 13 09:49:27 2013

Derived Metrics:
CPU Utilization ..............................             0.86
I/O Cycles % .................................             0.00




Program Statistics:
                             min                     max                    mean      coef. of variation
Real usecs:	     3.41563e+08	     3.41674e+08	     3.41579e+08	            0.00
Real cycles:	     8.85894e+11	     8.86183e+11	     8.85936e+11	            0.00 
Proc usecs:	           63124	      3.4075e+08	     2.92058e+08	            0.41 
Proc cycles:	     1.64186e+08	     8.86289e+11	     7.59643e+11	            0.41 
I/O cycles:	               0	               0	               0	            -nan 
PAPI_L3_TCA:	          225481	     6.94685e+09	     5.66049e+09	            0.41
PAPI_L3_TCM:	          222252	     4.24497e+08	     2.44885e+08	            0.65

Cumulative Process Counts:
Real usecs ...................................      2.39105e+09
Real cycles ..................................      6.20155e+12
Proc usecs ...................................      2.04441e+09
Proc cycles ..................................       5.3175e+12
I/O cycles ...................................                0
PAPI_L3_TCA ..................................      3.96234e+10
PAPI_L3_TCM ..................................       1.7142e+09

Event descriptions:
PAPI_L3_TCA                   : Level 3 total cache accesses
PAPI_L3_TCM                   : Level 3 cache misses

Derived event descriptions:
