papiex version                : 0.99rc9
Executable                    : /p/lscratchrza/rountree/single-node/bmarks/synthetic/scale-cpu/bmark1
Arguments                     : 
Processor                     : Intel(R) Xeon(R) CPU E5-2670 0 @ 2.60GHz
Clockrate                     : 2601.000000
Hostname                      : rzmerl20
Options                       : DIR,PAPI_L3_TCA,PAPI_L3_TCM,NO_MPI_GATHER,NO_MPI_PROF
Domain                        : User
Parent process id             : 34887
Process id                    : 34914
Num. of threads               : 7
Start                         : Sun Jan 13 09:08:30 2013
Finish                        : Sun Jan 13 09:09:29 2013

Derived Metrics:
CPU Utilization ..............................             0.86
I/O Cycles % .................................             0.00




Program Statistics:
                             min                     max                    mean      coef. of variation
Real usecs:	     5.86647e+07	     5.87776e+07	     5.86815e+07	            0.00
Real cycles:	     1.52154e+11	     1.52447e+11	     1.52198e+11	            0.00 
Proc usecs:	            4521	     5.85437e+07	     5.00508e+07	            0.41 
Proc cycles:	     1.17565e+07	     1.52272e+11	     1.30182e+11	            0.41 
I/O cycles:	               0	               0	               0	            -nan 
PAPI_L3_TCA:	            1759	           39114	           12641	            1.27
PAPI_L3_TCM:	             177	            5045	            1089	            1.50

Cumulative Process Counts:
Real usecs ...................................       4.1077e+08
Real cycles ..................................      1.06538e+12
Proc usecs ...................................      3.50356e+08
Proc cycles ..................................      9.11275e+11
I/O cycles ...................................                0
PAPI_L3_TCA ..................................            88488
PAPI_L3_TCM ..................................             7629

Event descriptions:
PAPI_L3_TCA                   : Level 3 total cache accesses
PAPI_L3_TCM                   : Level 3 cache misses

Derived event descriptions:
