papiex version                : 0.99rc9
Executable                    : /p/lscratchrza/rountree/single-node/bmarks/synthetic/scale-mem/bmark3
Arguments                     : 
Processor                     : Intel(R) Xeon(R) CPU E5-2670 0 @ 2.60GHz
Clockrate                     : 2601.000000
Hostname                      : rzmerl58
Options                       : DIR,PAPI_L3_TCA,PAPI_L3_TCM,NO_MPI_GATHER,NO_MPI_PROF
Domain                        : User
Parent process id             : 15398
Process id                    : 15425
Num. of threads               : 5
Start                         : Sun Jan 13 10:22:27 2013
Finish                        : Sun Jan 13 10:32:43 2013

Derived Metrics:
CPU Utilization ..............................             0.80
I/O Cycles % .................................             0.00




Program Statistics:
                             min                     max                    mean      coef. of variation
Real usecs:	     6.15849e+08	      6.1596e+08	     6.15871e+08	            0.00
Real cycles:	      1.5973e+12	     1.59759e+12	     1.59735e+12	            0.00 
Proc usecs:	          114806	     6.14487e+08	     4.91581e+08	            0.50 
Proc cycles:	     2.98608e+08	     1.59828e+12	      1.2786e+12	            0.50 
I/O cycles:	               0	               0	               0	            -nan 
PAPI_L3_TCA:	          399648	     1.50825e+10	     1.15188e+10	            0.50
PAPI_L3_TCM:	          391905	     1.04493e+09	     5.41139e+08	            0.65

Cumulative Process Counts:
Real usecs ...................................      3.07936e+09
Real cycles ..................................      7.98677e+12
Proc usecs ...................................      2.45791e+09
Proc cycles ..................................      6.39302e+12
I/O cycles ...................................                0
PAPI_L3_TCA ..................................      5.75942e+10
PAPI_L3_TCM ..................................       2.7057e+09

Event descriptions:
PAPI_L3_TCA                   : Level 3 total cache accesses
PAPI_L3_TCM                   : Level 3 cache misses

Derived event descriptions:
