papiex version                : 0.99rc9
Executable                    : /p/lscratchrza/rountree/single-node/bmarks/sphot/sphot
Arguments                     : 
Processor                     : Intel(R) Xeon(R) CPU E5-2670 0 @ 2.60GHz
Clockrate                     : 2601.000000
Hostname                      : rzmerl53
Options                       : DIR,PAPI_L3_TCA,PAPI_L3_TCM,NO_MPI_GATHER,NO_MPI_PROF
Domain                        : User
Parent process id             : 102803
Process id                    : 102830
Num. of threads               : 9
Start                         : Sun Jan 13 10:38:50 2013
Finish                        : Sun Jan 13 10:42:01 2013

Derived Metrics:
CPU Utilization ..............................             0.88
I/O Cycles % .................................             0.00




Program Statistics:
                             min                     max                    mean      coef. of variation
Real usecs:	      1.9056e+08	     1.90726e+08	     1.90579e+08	            0.00
Real cycles:	     4.94241e+11	      4.9467e+11	      4.9429e+11	            0.00 
Proc usecs:	           11707	     1.90166e+08	     1.67913e+08	            0.35 
Proc cycles:	     3.04499e+07	     4.94621e+11	     4.36742e+11	            0.35 
I/O cycles:	               0	               0	               0	            -nan 
PAPI_L3_TCA:	          126107	     3.40601e+08	     2.86045e+08	            0.35
PAPI_L3_TCM:	            3067	     4.07806e+07	     3.36742e+07	            0.36

Cumulative Process Counts:
Real usecs ...................................      1.71521e+09
Real cycles ..................................      4.44861e+12
Proc usecs ...................................      1.51122e+09
Proc cycles ..................................      3.93068e+12
I/O cycles ...................................                0
PAPI_L3_TCA ..................................       2.5744e+09
PAPI_L3_TCM ..................................      3.03068e+08

Event descriptions:
PAPI_L3_TCA                   : Level 3 total cache accesses
PAPI_L3_TCM                   : Level 3 cache misses

Derived event descriptions:
