papiex version                : 0.99rc9
Executable                    : /p/lscratchrza/rountree/single-node/bmarks/synthetic/no-scale-mem-comm/bmark4
Arguments                     : 
Processor                     : Intel(R) Xeon(R) CPU E5-2670 0 @ 2.60GHz
Clockrate                     : 2601.000000
Hostname                      : rzmerl28
Options                       : DIR,PAPI_L3_TCA,PAPI_L3_TCM,NO_MPI_GATHER,NO_MPI_PROF
Domain                        : User
Parent process id             : 29909
Process id                    : 29936
Num. of threads               : 11
Start                         : Sun Jan 13 13:47:29 2013
Finish                        : Sun Jan 13 13:50:59 2013

Derived Metrics:
CPU Utilization ..............................             0.91
I/O Cycles % .................................             0.00




Program Statistics:
                             min                     max                    mean      coef. of variation
Real usecs:	     2.10293e+08	      2.1041e+08	     2.10306e+08	            0.00
Real cycles:	     5.45423e+11	     5.45726e+11	     5.45457e+11	            0.00 
Proc usecs:	           41108	      2.0977e+08	     1.90503e+08	            0.32 
Proc cycles:	     1.06919e+08	     5.45611e+11	     4.95499e+11	            0.32 
I/O cycles:	               0	               0	               0	            -nan 
PAPI_L3_TCA:	          138637	      4.1358e+09	      3.5149e+09	            0.32
PAPI_L3_TCM:	          136142	     2.33982e+08	     1.09016e+08	            0.61

Cumulative Process Counts:
Real usecs ...................................      2.31337e+09
Real cycles ..................................      6.00003e+12
Proc usecs ...................................      2.09554e+09
Proc cycles ..................................      5.45049e+12
I/O cycles ...................................                0
PAPI_L3_TCA ..................................       3.8664e+10
PAPI_L3_TCM ..................................      1.19918e+09

Event descriptions:
PAPI_L3_TCA                   : Level 3 total cache accesses
PAPI_L3_TCM                   : Level 3 cache misses

Derived event descriptions:
