papiex version                : 0.99rc9
Executable                    : /p/lscratchrza/rountree/single-node/bmarks/synthetic/no-scale-cpu-comm/bmark2
Arguments                     : 
Processor                     : Intel(R) Xeon(R) CPU E5-2670 0 @ 2.60GHz
Clockrate                     : 2601.000000
Hostname                      : rzmerl85
Options                       : DIR,PAPI_L3_TCA,PAPI_L3_TCM,NO_MPI_GATHER,NO_MPI_PROF
Domain                        : User
Parent process id             : 14534
Process id                    : 14561
Num. of threads               : 17
Start                         : Sun Jan 13 09:52:10 2013
Finish                        : Sun Jan 13 09:52:32 2013

Derived Metrics:
CPU Utilization ..............................             0.94
I/O Cycles % .................................             0.00




Program Statistics:
                             min                     max                    mean      coef. of variation
Real usecs:	       2.197e+07	     2.21056e+07	     2.19885e+07	            0.00
Real cycles:	     5.69825e+10	     5.73342e+10	     5.70305e+10	            0.00 
Proc usecs:	             635	      2.1947e+07	     2.06426e+07	            0.25 
Proc cycles:	     1.64903e+06	     5.70843e+10	     5.36915e+10	            0.25 
I/O cycles:	               0	               0	               0	            -nan 
PAPI_L3_TCA:	            1350	     1.08252e+07	          638512	            3.99
PAPI_L3_TCM:	              92	            9255	             713	            3.00

Cumulative Process Counts:
Real usecs ...................................      3.73804e+08
Real cycles ..................................      9.69518e+11
Proc usecs ...................................      3.50925e+08
Proc cycles ..................................      9.12755e+11
I/O cycles ...................................                0
PAPI_L3_TCA ..................................      1.08547e+07
PAPI_L3_TCM ..................................            12127

Event descriptions:
PAPI_L3_TCA                   : Level 3 total cache accesses
PAPI_L3_TCM                   : Level 3 cache misses

Derived event descriptions:
