papiex version                : 0.99rc9
Executable                    : /p/lscratchrza/rountree/single-node/bmarks/synthetic/no-scale-mem-comm/bmark4
Arguments                     : 
Processor                     : Intel(R) Xeon(R) CPU E5-2670 0 @ 2.60GHz
Clockrate                     : 2601.000000
Hostname                      : rzmerl28
Options                       : DIR,PAPI_L3_TCA,PAPI_L3_TCM,NO_MPI_GATHER,NO_MPI_PROF
Domain                        : User
Parent process id             : 27908
Process id                    : 27935
Num. of threads               : 9
Start                         : Sun Jan 13 12:19:14 2013
Finish                        : Sun Jan 13 12:24:02 2013

Derived Metrics:
CPU Utilization ..............................             0.89
I/O Cycles % .................................             0.00




Program Statistics:
                             min                     max                    mean      coef. of variation
Real usecs:	     2.87911e+08	     2.88045e+08	     2.87926e+08	            0.00
Real cycles:	     7.46734e+11	     7.47083e+11	     7.46774e+11	            0.00 
Proc usecs:	           53122	     2.87088e+08	     2.55105e+08	            0.35 
Proc cycles:	      1.3817e+08	     7.46717e+11	     6.63528e+11	            0.35 
I/O cycles:	               0	               0	               0	            -nan 
PAPI_L3_TCA:	          188290	     6.12249e+09	     5.04356e+09	            0.36
PAPI_L3_TCM:	          183920	     2.90187e+08	     1.39477e+08	            0.61

Cumulative Process Counts:
Real usecs ...................................      2.59133e+09
Real cycles ..................................      6.72096e+12
Proc usecs ...................................      2.29595e+09
Proc cycles ..................................      5.97176e+12
I/O cycles ...................................                0
PAPI_L3_TCA ..................................       4.5392e+10
PAPI_L3_TCM ..................................      1.25529e+09

Event descriptions:
PAPI_L3_TCA                   : Level 3 total cache accesses
PAPI_L3_TCM                   : Level 3 cache misses

Derived event descriptions:
