papiex version                : 0.99rc9
Executable                    : /p/lscratchrza/rountree/single-node/bmarks/synthetic/scale-cpu/bmark1
Arguments                     : 
Processor                     : Intel(R) Xeon(R) CPU E5-2670 0 @ 2.60GHz
Clockrate                     : 2601.000000
Hostname                      : rzmerl20
Options                       : DIR,PAPI_L3_TCA,PAPI_L3_TCM,NO_MPI_GATHER,NO_MPI_PROF
Domain                        : User
Parent process id             : 38124
Process id                    : 38151
Num. of threads               : 9
Start                         : Sun Jan 13 09:33:42 2013
Finish                        : Sun Jan 13 09:34:26 2013

Derived Metrics:
CPU Utilization ..............................             0.89
I/O Cycles % .................................             0.00




Program Statistics:
                             min                     max                    mean      coef. of variation
Real usecs:	     4.40103e+07	     4.41259e+07	     4.40267e+07	            0.00
Real cycles:	     1.14146e+11	     1.14446e+11	     1.14189e+11	            0.00 
Proc usecs:	            4031	     4.39235e+07	     3.89499e+07	            0.35 
Proc cycles:	     1.04846e+07	     1.14245e+11	     1.01309e+11	            0.35 
I/O cycles:	               0	               0	               0	            -nan 
PAPI_L3_TCA:	            1781	           37255	            8979	            1.42
PAPI_L3_TCM:	             148	            4911	             799	            1.83

Cumulative Process Counts:
Real usecs ...................................       3.9624e+08
Real cycles ..................................       1.0277e+12
Proc usecs ...................................      3.50549e+08
Proc cycles ..................................      9.11778e+11
I/O cycles ...................................                0
PAPI_L3_TCA ..................................            80818
PAPI_L3_TCM ..................................             7194

Event descriptions:
PAPI_L3_TCA                   : Level 3 total cache accesses
PAPI_L3_TCM                   : Level 3 cache misses

Derived event descriptions:
