papiex version                : 0.99rc9
Executable                    : /p/lscratchrza/rountree/single-node/bmarks/synthetic/no-scale-mem-comm/bmark4
Arguments                     : 
Processor                     : Intel(R) Xeon(R) CPU E5-2670 0 @ 2.60GHz
Clockrate                     : 2601.000000
Hostname                      : rzmerl62
Options                       : DIR,PAPI_L3_TCA,PAPI_L3_TCM,NO_MPI_GATHER,NO_MPI_PROF
Domain                        : User
Parent process id             : 7718
Process id                    : 7745
Num. of threads               : 7
Start                         : Sun Jan 13 11:53:53 2013
Finish                        : Sun Jan 13 11:59:30 2013

Derived Metrics:
CPU Utilization ..............................             0.86
I/O Cycles % .................................             0.00




Program Statistics:
                             min                     max                    mean      coef. of variation
Real usecs:	     3.36367e+08	      3.3653e+08	     3.36405e+08	            0.00
Real cycles:	     8.72404e+11	     8.72827e+11	     8.72503e+11	            0.00 
Proc usecs:	           63761	     3.35438e+08	     2.87421e+08	            0.41 
Proc cycles:	     1.65842e+08	     8.72474e+11	     7.47583e+11	            0.41 
I/O cycles:	               0	               0	               0	            -nan 
PAPI_L3_TCA:	          224281	     6.82873e+09	     5.60721e+09	            0.41
PAPI_L3_TCM:	          219297	     3.90741e+08	     2.22135e+08	            0.66

Cumulative Process Counts:
Real usecs ...................................      2.35484e+09
Real cycles ..................................      6.10752e+12
Proc usecs ...................................      2.01195e+09
Proc cycles ..................................      5.23308e+12
I/O cycles ...................................                0
PAPI_L3_TCA ..................................      3.92505e+10
PAPI_L3_TCM ..................................      1.55494e+09

Event descriptions:
PAPI_L3_TCA                   : Level 3 total cache accesses
PAPI_L3_TCM                   : Level 3 cache misses

Derived event descriptions:
