papiex version                : 0.99rc9
Executable                    : /p/lscratchrza/rountree/single-node/bmarks/sphot/sphot
Arguments                     : 
Processor                     : Intel(R) Xeon(R) CPU E5-2670 0 @ 2.60GHz
Clockrate                     : 2601.000000
Hostname                      : rzmerl53
Options                       : DIR,PAPI_L3_TCA,PAPI_L3_TCM,NO_MPI_GATHER,NO_MPI_PROF
Domain                        : User
Parent process id             : 107994
Process id                    : 108021
Num. of threads               : 5
Start                         : Sun Jan 13 13:24:09 2013
Finish                        : Sun Jan 13 13:30:20 2013

Derived Metrics:
CPU Utilization ..............................             0.80
I/O Cycles % .................................             0.00




Program Statistics:
                             min                     max                    mean      coef. of variation
Real usecs:	     3.70295e+08	     3.70477e+08	     3.70331e+08	            0.00
Real cycles:	     9.60404e+11	     9.60878e+11	     9.60499e+11	            0.00 
Proc usecs:	           31581	     3.69526e+08	      2.9518e+08	            0.50 
Proc cycles:	     8.21396e+07	     9.61136e+11	     7.67764e+11	            0.50 
I/O cycles:	               0	               0	               0	            -nan 
PAPI_L3_TCA:	          248926	     8.52695e+08	     6.63226e+08	            0.50
PAPI_L3_TCM:	            2380	     6.50927e+07	     4.97508e+07	            0.50

Cumulative Process Counts:
Real usecs ...................................      1.85166e+09
Real cycles ..................................       4.8025e+12
Proc usecs ...................................       1.4759e+09
Proc cycles ..................................      3.83882e+12
I/O cycles ...................................                0
PAPI_L3_TCA ..................................      3.31613e+09
PAPI_L3_TCM ..................................      2.48754e+08

Event descriptions:
PAPI_L3_TCA                   : Level 3 total cache accesses
PAPI_L3_TCM                   : Level 3 cache misses

Derived event descriptions:
