papiex version                : 0.99rc9
Executable                    : /p/lscratchrza/rountree/single-node/bmarks/sphot/sphot
Arguments                     : 
Processor                     : Intel(R) Xeon(R) CPU E5-2670 0 @ 2.60GHz
Clockrate                     : 2601.000000
Hostname                      : rzmerl69
Options                       : DIR,PAPI_L3_TCA,PAPI_L3_TCM,NO_MPI_GATHER,NO_MPI_PROF
Domain                        : User
Parent process id             : 89185
Process id                    : 89212
Num. of threads               : 5
Start                         : Sun Jan 13 09:15:09 2013
Finish                        : Sun Jan 13 09:20:02 2013

Derived Metrics:
CPU Utilization ..............................             0.80
I/O Cycles % .................................             0.00




Program Statistics:
                             min                     max                    mean      coef. of variation
Real usecs:	     2.92799e+08	     2.92936e+08	     2.92826e+08	            0.00
Real cycles:	     7.59417e+11	     7.59774e+11	     7.59489e+11	            0.00 
Proc usecs:	           20704	     2.92195e+08	     2.33449e+08	            0.50 
Proc cycles:	     5.38485e+07	         7.6e+11	     6.07201e+11	            0.50 
I/O cycles:	               0	               0	               0	            -nan 
PAPI_L3_TCA:	          195610	     9.82418e+08	     7.57711e+08	            0.50
PAPI_L3_TCM:	            4783	     6.95073e+07	     5.24377e+07	            0.50

Cumulative Process Counts:
Real usecs ...................................      1.46413e+09
Real cycles ..................................      3.79744e+12
Proc usecs ...................................      1.16725e+09
Proc cycles ..................................      3.03601e+12
I/O cycles ...................................                0
PAPI_L3_TCA ..................................      3.78855e+09
PAPI_L3_TCM ..................................      2.62188e+08

Event descriptions:
PAPI_L3_TCA                   : Level 3 total cache accesses
PAPI_L3_TCM                   : Level 3 cache misses

Derived event descriptions:
