papiex version                : 0.99rc9
Executable                    : /p/lscratchrza/rountree/single-node/bmarks/synthetic/no-scale-mem-comm/bmark4
Arguments                     : 
Processor                     : Intel(R) Xeon(R) CPU E5-2670 0 @ 2.60GHz
Clockrate                     : 2601.000000
Hostname                      : rzmerl28
Options                       : DIR,PAPI_L3_TCA,PAPI_L3_TCM,NO_MPI_GATHER,NO_MPI_PROF
Domain                        : User
Parent process id             : 26606
Process id                    : 26633
Num. of threads               : 5
Start                         : Sun Jan 13 11:26:34 2013
Finish                        : Sun Jan 13 11:36:36 2013

Derived Metrics:
CPU Utilization ..............................             0.80
I/O Cycles % .................................             0.00




Program Statistics:
                             min                     max                    mean      coef. of variation
Real usecs:	     6.02426e+08	     6.02564e+08	     6.02453e+08	            0.00
Real cycles:	     1.56247e+12	     1.56283e+12	     1.56254e+12	            0.00 
Proc usecs:	          116010	     6.01131e+08	     4.80859e+08	            0.50 
Proc cycles:	     3.01742e+08	     1.56354e+12	     1.25071e+12	            0.50 
I/O cycles:	               0	               0	               0	            -nan 
PAPI_L3_TCA:	          395202	     1.47379e+10	     1.12593e+10	            0.50
PAPI_L3_TCM:	          389912	     9.72408e+08	     5.08229e+08	            0.66

Cumulative Process Counts:
Real usecs ...................................      3.01227e+09
Real cycles ..................................      7.81272e+12
Proc usecs ...................................      2.40429e+09
Proc cycles ..................................      6.25357e+12
I/O cycles ...................................                0
PAPI_L3_TCA ..................................      5.62965e+10
PAPI_L3_TCM ..................................      2.54115e+09

Event descriptions:
PAPI_L3_TCA                   : Level 3 total cache accesses
PAPI_L3_TCM                   : Level 3 cache misses

Derived event descriptions:
