papiex version                : 0.99rc9
Executable                    : /p/lscratchrza/rountree/single-node/bmarks/synthetic/no-scale-cpu-comm/bmark2
Arguments                     : 
Processor                     : Intel(R) Xeon(R) CPU E5-2670 0 @ 2.60GHz
Clockrate                     : 2601.000000
Hostname                      : rzmerl85
Options                       : DIR,PAPI_L3_TCA,PAPI_L3_TCM,NO_MPI_GATHER,NO_MPI_PROF
Domain                        : User
Parent process id             : 7926
Process id                    : 7953
Num. of threads               : 17
Start                         : Sun Jan 13 09:01:20 2013
Finish                        : Sun Jan 13 09:01:39 2013

Derived Metrics:
CPU Utilization ..............................             0.94
I/O Cycles % .................................             0.00




Program Statistics:
                             min                     max                    mean      coef. of variation
Real usecs:	     1.90449e+07	     1.91719e+07	     1.90536e+07	            0.00
Real cycles:	     4.93959e+10	     4.97255e+10	     4.94187e+10	            0.00 
Proc usecs:	             555	     1.90126e+07	     1.78493e+07	            0.25 
Proc cycles:	     1.44356e+06	     4.94516e+10	      4.6426e+10	            0.25 
I/O cycles:	               0	               0	               0	            -nan 
PAPI_L3_TCA:	            1497	     1.08344e+07	          639043	            3.99
PAPI_L3_TCM:	              55	            8068	             623	            2.99

Cumulative Process Counts:
Real usecs ...................................      3.23912e+08
Real cycles ..................................      8.40117e+11
Proc usecs ...................................      3.03438e+08
Proc cycles ..................................      7.89243e+11
I/O cycles ...................................                0
PAPI_L3_TCA ..................................      1.08637e+07
PAPI_L3_TCM ..................................            10595

Event descriptions:
PAPI_L3_TCA                   : Level 3 total cache accesses
PAPI_L3_TCM                   : Level 3 cache misses

Derived event descriptions:
