papiex version                : 0.99rc9
Executable                    : /p/lscratchrza/rountree/single-node/bmarks/synthetic/scale-mem/bmark3
Arguments                     : 
Processor                     : Intel(R) Xeon(R) CPU E5-2670 0 @ 2.60GHz
Clockrate                     : 2601.000000
Hostname                      : rzmerl33
Options                       : DIR,PAPI_L3_TCA,PAPI_L3_TCM,NO_MPI_GATHER,NO_MPI_PROF
Domain                        : User
Parent process id             : 15292
Process id                    : 15319
Num. of threads               : 9
Start                         : Sun Jan 13 10:12:00 2013
Finish                        : Sun Jan 13 10:16:42 2013

Derived Metrics:
CPU Utilization ..............................             0.89
I/O Cycles % .................................             0.00




Program Statistics:
                             min                     max                    mean      coef. of variation
Real usecs:	     2.82544e+08	     2.82656e+08	     2.82557e+08	            0.00
Real cycles:	     7.32817e+11	     7.33106e+11	      7.3285e+11	            0.00 
Proc usecs:	           49996	     2.81849e+08	     2.50474e+08	            0.35 
Proc cycles:	      1.3004e+08	      7.3309e+11	     6.51484e+11	            0.35 
I/O cycles:	               0	               0	               0	            -nan 
PAPI_L3_TCA:	          188492	     6.01855e+09	     4.89185e+09	            0.36
PAPI_L3_TCM:	          183978	      3.0187e+08	     1.43284e+08	            0.65

Cumulative Process Counts:
Real usecs ...................................      2.54301e+09
Real cycles ..................................      6.59565e+12
Proc usecs ...................................      2.25427e+09
Proc cycles ..................................      5.86335e+12
I/O cycles ...................................                0
PAPI_L3_TCA ..................................      4.40267e+10
PAPI_L3_TCM ..................................      1.28955e+09

Event descriptions:
PAPI_L3_TCA                   : Level 3 total cache accesses
PAPI_L3_TCM                   : Level 3 cache misses

Derived event descriptions:
