papiex version                : 0.99rc9
Executable                    : /p/lscratchrza/rountree/single-node/bmarks/synthetic/no-scale-mem-comm/bmark4
Arguments                     : 
Processor                     : Intel(R) Xeon(R) CPU E5-2670 0 @ 2.60GHz
Clockrate                     : 2601.000000
Hostname                      : rzmerl28
Options                       : DIR,PAPI_L3_TCA,PAPI_L3_TCM,NO_MPI_GATHER,NO_MPI_PROF
Domain                        : User
Parent process id             : 25181
Process id                    : 25208
Num. of threads               : 17
Start                         : Sun Jan 13 10:32:00 2013
Finish                        : Sun Jan 13 10:34:33 2013

Derived Metrics:
CPU Utilization ..............................             0.94
I/O Cycles % .................................             0.00




Program Statistics:
                             min                     max                    mean      coef. of variation
Real usecs:	     1.52813e+08	     1.52954e+08	     1.52823e+08	            0.00
Real cycles:	     3.96342e+11	     3.96706e+11	     3.96367e+11	            0.00 
Proc usecs:	           25815	     1.52226e+08	     1.43116e+08	            0.25 
Proc cycles:	     6.71474e+07	      3.9594e+11	     3.72245e+11	            0.25 
I/O cycles:	               0	               0	               0	            -nan 
PAPI_L3_TCA:	           76683	      2.1623e+09	     1.89515e+09	            0.25
PAPI_L3_TCM:	           74844	      7.1255e+07	     3.06524e+07	            0.65

Cumulative Process Counts:
Real usecs ...................................      2.59799e+09
Real cycles ..................................      6.73825e+12
Proc usecs ...................................      2.43298e+09
Proc cycles ..................................      6.32817e+12
I/O cycles ...................................                0
PAPI_L3_TCA ..................................      3.22176e+10
PAPI_L3_TCM ..................................      5.21092e+08

Event descriptions:
PAPI_L3_TCA                   : Level 3 total cache accesses
PAPI_L3_TCM                   : Level 3 cache misses

Derived event descriptions:
