papiex version                : 0.99rc9
Executable                    : /p/lscratchrza/rountree/single-node/bmarks/synthetic/scale-mem/bmark3
Arguments                     : 
Processor                     : Intel(R) Xeon(R) CPU E5-2670 0 @ 2.60GHz
Clockrate                     : 2601.000000
Hostname                      : rzmerl33
Options                       : DIR,PAPI_L3_TCA,PAPI_L3_TCM,NO_MPI_GATHER,NO_MPI_PROF
Domain                        : User
Parent process id             : 15006
Process id                    : 15033
Num. of threads               : 13
Start                         : Sun Jan 13 10:04:56 2013
Finish                        : Sun Jan 13 10:08:14 2013

Derived Metrics:
CPU Utilization ..............................             0.92
I/O Cycles % .................................             0.00




Program Statistics:
                             min                     max                    mean      coef. of variation
Real usecs:	     1.97443e+08	     1.97566e+08	     1.97455e+08	            0.00
Real cycles:	     5.12096e+11	     5.12416e+11	     5.12128e+11	            0.00 
Proc usecs:	           38264	     1.96926e+08	     1.81715e+08	            0.29 
Proc cycles:	     9.95221e+07	     5.12204e+11	      4.7264e+11	            0.29 
I/O cycles:	               0	               0	               0	            -nan 
PAPI_L3_TCA:	          129369	     3.23439e+09	     2.76626e+09	            0.29
PAPI_L3_TCM:	          127116	     1.40367e+08	     6.13148e+07	            0.63

Cumulative Process Counts:
Real usecs ...................................      2.56692e+09
Real cycles ..................................      6.65766e+12
Proc usecs ...................................      2.36229e+09
Proc cycles ..................................      6.14432e+12
I/O cycles ...................................                0
PAPI_L3_TCA ..................................      3.59614e+10
PAPI_L3_TCM ..................................      7.97092e+08

Event descriptions:
PAPI_L3_TCA                   : Level 3 total cache accesses
PAPI_L3_TCM                   : Level 3 cache misses

Derived event descriptions:
