papiex version                : 0.99rc9
Executable                    : /p/lscratchrza/rountree/single-node/bmarks/synthetic/no-scale-cpu-comm/bmark2
Arguments                     : 
Processor                     : Intel(R) Xeon(R) CPU E5-2670 0 @ 2.60GHz
Clockrate                     : 2601.000000
Hostname                      : rzmerl129
Options                       : DIR,PAPI_L3_TCA,PAPI_L3_TCM,NO_MPI_GATHER,NO_MPI_PROF
Domain                        : User
Parent process id             : 104902
Process id                    : 104929
Num. of threads               : 7
Start                         : Sun Jan 13 09:24:06 2013
Finish                        : Sun Jan 13 09:25:04 2013

Derived Metrics:
CPU Utilization ..............................             0.86
I/O Cycles % .................................             0.00




Program Statistics:
                             min                     max                    mean      coef. of variation
Real usecs:	      5.8505e+07	     5.86176e+07	     5.85213e+07	            0.00
Real cycles:	      1.5174e+11	     1.52032e+11	     1.51782e+11	            0.00 
Proc usecs:	            5783	     5.83864e+07	     4.99647e+07	            0.41 
Proc cycles:	      1.5039e+07	     1.51863e+11	     1.29958e+11	            0.41 
I/O cycles:	               0	               0	               0	            -nan 
PAPI_L3_TCA:	            1996	     1.08098e+07	     1.55139e+06	            2.44
PAPI_L3_TCM:	             146	           12837	            2189	            1.99

Cumulative Process Counts:
Real usecs ...................................      4.09649e+08
Real cycles ..................................      1.06248e+12
Proc usecs ...................................      3.49753e+08
Proc cycles ..................................      9.09707e+11
I/O cycles ...................................                0
PAPI_L3_TCA ..................................      1.08597e+07
PAPI_L3_TCM ..................................            15328

Event descriptions:
PAPI_L3_TCA                   : Level 3 total cache accesses
PAPI_L3_TCM                   : Level 3 cache misses

Derived event descriptions:
