papiex version                : 0.99rc9
Executable                    : /p/lscratchrza/rountree/single-node/bmarks/synthetic/scale-cpu/bmark1
Arguments                     : 
Processor                     : Intel(R) Xeon(R) CPU E5-2670 0 @ 2.60GHz
Clockrate                     : 2601.000000
Hostname                      : rzmerl20
Options                       : DIR,PAPI_L3_TCA,PAPI_L3_TCM,NO_MPI_GATHER,NO_MPI_PROF
Domain                        : User
Parent process id             : 36813
Process id                    : 36840
Num. of threads               : 9
Start                         : Sun Jan 13 09:23:26 2013
Finish                        : Sun Jan 13 09:24:10 2013

Derived Metrics:
CPU Utilization ..............................             0.89
I/O Cycles % .................................             0.00




Program Statistics:
                             min                     max                    mean      coef. of variation
Real usecs:	     4.40381e+07	     4.41533e+07	     4.40529e+07	            0.00
Real cycles:	     1.14218e+11	     1.14517e+11	     1.14257e+11	            0.00 
Proc usecs:	            3558	     4.39494e+07	     3.89678e+07	            0.35 
Proc cycles:	     9.25176e+06	     1.14312e+11	     1.01355e+11	            0.35 
I/O cycles:	               0	               0	               0	            -nan 
PAPI_L3_TCA:	            1667	           38145	            9188	            1.45
PAPI_L3_TCM:	             116	            5126	             829	            1.85

Cumulative Process Counts:
Real usecs ...................................      3.96476e+08
Real cycles ..................................      1.02831e+12
Proc usecs ...................................       3.5071e+08
Proc cycles ..................................      9.12197e+11
I/O cycles ...................................                0
PAPI_L3_TCA ..................................            82699
PAPI_L3_TCM ..................................             7461

Event descriptions:
PAPI_L3_TCA                   : Level 3 total cache accesses
PAPI_L3_TCM                   : Level 3 cache misses

Derived event descriptions:
