papiex version                : 0.99rc9
Executable                    : /p/lscratchrza/rountree/single-node/bmarks/sphot/sphot
Arguments                     : 
Processor                     : Intel(R) Xeon(R) CPU E5-2670 0 @ 2.60GHz
Clockrate                     : 2601.000000
Hostname                      : rzmerl18
Options                       : DIR,PAPI_L3_TCA,PAPI_L3_TCM,NO_MPI_GATHER,NO_MPI_PROF
Domain                        : User
Parent process id             : 6094
Process id                    : 6121
Num. of threads               : 7
Start                         : Sun Jan 13 11:49:38 2013
Finish                        : Sun Jan 13 11:53:46 2013

Derived Metrics:
CPU Utilization ..............................             0.86
I/O Cycles % .................................             0.00




Program Statistics:
                             min                     max                    mean      coef. of variation
Real usecs:	     2.47248e+08	     2.47445e+08	     2.47288e+08	            0.00
Real cycles:	     6.41264e+11	     6.41776e+11	     6.41367e+11	            0.00 
Proc usecs:	           21971	     2.46733e+08	     2.11054e+08	            0.41 
Proc cycles:	     5.71466e+07	     6.41753e+11	     5.48952e+11	            0.41 
I/O cycles:	               0	               0	               0	            -nan 
PAPI_L3_TCA:	          161931	     3.76719e+08	      3.0975e+08	            0.41
PAPI_L3_TCM:	            4109	     4.20097e+07	     3.27888e+07	            0.42

Cumulative Process Counts:
Real usecs ...................................      1.73101e+09
Real cycles ..................................      4.48957e+12
Proc usecs ...................................      1.47738e+09
Proc cycles ..................................      3.84266e+12
I/O cycles ...................................                0
PAPI_L3_TCA ..................................      2.16825e+09
PAPI_L3_TCM ..................................      2.29522e+08

Event descriptions:
PAPI_L3_TCA                   : Level 3 total cache accesses
PAPI_L3_TCM                   : Level 3 cache misses

Derived event descriptions:
