papiex version                : 0.99rc9
Executable                    : /p/lscratchrza/rountree/single-node/bmarks/synthetic/no-scale-cpu-comm/bmark2
Arguments                     : 
Processor                     : Intel(R) Xeon(R) CPU E5-2670 0 @ 2.60GHz
Clockrate                     : 2601.000000
Hostname                      : rzmerl90
Options                       : DIR,PAPI_L3_TCA,PAPI_L3_TCM,NO_MPI_GATHER,NO_MPI_PROF
Domain                        : User
Parent process id             : 101968
Process id                    : 101995
Num. of threads               : 9
Start                         : Sun Jan 13 09:43:59 2013
Finish                        : Sun Jan 13 09:44:43 2013

Derived Metrics:
CPU Utilization ..............................             0.89
I/O Cycles % .................................             0.00




Program Statistics:
                             min                     max                    mean      coef. of variation
Real usecs:	     4.38441e+07	     4.39584e+07	     4.38569e+07	            0.00
Real cycles:	     1.13715e+11	     1.14012e+11	     1.13748e+11	            0.00 
Proc usecs:	            3723	     4.37581e+07	      3.8876e+07	            0.35 
Proc cycles:	     9.68092e+06	     1.13815e+11	     1.01117e+11	            0.35 
I/O cycles:	               0	               0	               0	            -nan 
PAPI_L3_TCA:	            1545	     1.08188e+07	     1.20697e+06	            2.82
PAPI_L3_TCM:	             127	            7804	            1143	            2.07

Cumulative Process Counts:
Real usecs ...................................      3.94712e+08
Real cycles ..................................      1.02373e+12
Proc usecs ...................................      3.49884e+08
Proc cycles ..................................      9.10049e+11
I/O cycles ...................................                0
PAPI_L3_TCA ..................................      1.08627e+07
PAPI_L3_TCM ..................................            10287

Event descriptions:
PAPI_L3_TCA                   : Level 3 total cache accesses
PAPI_L3_TCM                   : Level 3 cache misses

Derived event descriptions:
