papiex version                : 0.99rc9
Executable                    : /p/lscratchrza/rountree/single-node/bmarks/synthetic/no-scale-mem-comm/bmark4
Arguments                     : 
Processor                     : Intel(R) Xeon(R) CPU E5-2670 0 @ 2.60GHz
Clockrate                     : 2601.000000
Hostname                      : rzmerl28
Options                       : DIR,PAPI_L3_TCA,PAPI_L3_TCM,NO_MPI_GATHER,NO_MPI_PROF
Domain                        : User
Parent process id             : 25503
Process id                    : 25530
Num. of threads               : 11
Start                         : Sun Jan 13 10:40:31 2013
Finish                        : Sun Jan 13 10:44:04 2013

Derived Metrics:
CPU Utilization ..............................             0.91
I/O Cycles % .................................             0.00




Program Statistics:
                             min                     max                    mean      coef. of variation
Real usecs:	     2.12228e+08	     2.12351e+08	     2.12245e+08	            0.00
Real cycles:	     5.50441e+11	      5.5076e+11	     5.50487e+11	            0.00 
Proc usecs:	           41632	     2.11701e+08	     1.92348e+08	            0.32 
Proc cycles:	     1.08282e+08	     5.50633e+11	     5.00296e+11	            0.32 
I/O cycles:	               0	               0	               0	            -nan 
PAPI_L3_TCA:	          141095	     4.17961e+09	     3.55547e+09	            0.32
PAPI_L3_TCM:	          138871	     2.52481e+08	     1.16801e+08	            0.61

Cumulative Process Counts:
Real usecs ...................................       2.3347e+09
Real cycles ..................................      6.05535e+12
Proc usecs ...................................      2.11582e+09
Proc cycles ..................................      5.50325e+12
I/O cycles ...................................                0
PAPI_L3_TCA ..................................      3.91102e+10
PAPI_L3_TCM ..................................      1.28481e+09

Event descriptions:
PAPI_L3_TCA                   : Level 3 total cache accesses
PAPI_L3_TCM                   : Level 3 cache misses

Derived event descriptions:
