papiex version                : 0.99rc9
Executable                    : /p/lscratchrza/rountree/single-node/bmarks/synthetic/no-scale-mem-comm/bmark4
Arguments                     : 
Processor                     : Intel(R) Xeon(R) CPU E5-2670 0 @ 2.60GHz
Clockrate                     : 2601.000000
Hostname                      : rzmerl62
Options                       : DIR,PAPI_L3_TCA,PAPI_L3_TCM,NO_MPI_GATHER,NO_MPI_PROF
Domain                        : User
Parent process id             : 7342
Process id                    : 7369
Num. of threads               : 15
Start                         : Sun Jan 13 11:40:02 2013
Finish                        : Sun Jan 13 11:42:38 2013

Derived Metrics:
CPU Utilization ..............................             0.93
I/O Cycles % .................................             0.00




Program Statistics:
                             min                     max                    mean      coef. of variation
Real usecs:	     1.56217e+08	     1.56342e+08	     1.56233e+08	            0.00
Real cycles:	     4.05167e+11	     4.05491e+11	     4.05208e+11	            0.00 
Proc usecs:	           29345	     1.55656e+08	     1.45118e+08	            0.27 
Proc cycles:	     7.63263e+07	     4.04861e+11	     3.77451e+11	            0.27 
I/O cycles:	               0	               0	               0	            -nan 
PAPI_L3_TCA:	          105029	     2.77092e+09	     2.43131e+09	            0.27
PAPI_L3_TCM:	          102852	     1.05055e+08	      4.7678e+07	            0.58

Cumulative Process Counts:
Real usecs ...................................       2.3435e+09
Real cycles ..................................      6.07812e+12
Proc usecs ...................................      2.17677e+09
Proc cycles ..................................      5.66177e+12
I/O cycles ...................................                0
PAPI_L3_TCA ..................................      3.64697e+10
PAPI_L3_TCM ..................................       7.1517e+08

Event descriptions:
PAPI_L3_TCA                   : Level 3 total cache accesses
PAPI_L3_TCM                   : Level 3 cache misses

Derived event descriptions:
