papiex version                : 0.99rc9
Executable                    : /p/lscratchrza/rountree/single-node/bmarks/sphot/sphot
Arguments                     : 
Processor                     : Intel(R) Xeon(R) CPU E5-2670 0 @ 2.60GHz
Clockrate                     : 2601.000000
Hostname                      : rzmerl69
Options                       : DIR,PAPI_L3_TCA,PAPI_L3_TCM,NO_MPI_GATHER,NO_MPI_PROF
Domain                        : User
Parent process id             : 93455
Process id                    : 93482
Num. of threads               : 7
Start                         : Sun Jan 13 11:26:23 2013
Finish                        : Sun Jan 13 11:30:32 2013

Derived Metrics:
CPU Utilization ..............................             0.86
I/O Cycles % .................................             0.00




Program Statistics:
                             min                     max                    mean      coef. of variation
Real usecs:	     2.47981e+08	      2.4814e+08	     2.48004e+08	            0.00
Real cycles:	     6.43175e+11	     6.43589e+11	     6.43235e+11	            0.00 
Proc usecs:	           21968	     2.47469e+08	     2.11846e+08	            0.41 
Proc cycles:	     5.71362e+07	     6.43668e+11	     5.51011e+11	            0.41 
I/O cycles:	               0	               0	               0	            -nan 
PAPI_L3_TCA:	          163803	     4.15339e+08	     3.47016e+08	            0.41
PAPI_L3_TCM:	            4028	     4.57653e+07	     3.59778e+07	            0.41

Cumulative Process Counts:
Real usecs ...................................      1.73603e+09
Real cycles ..................................      4.50264e+12
Proc usecs ...................................      1.48292e+09
Proc cycles ..................................      3.85708e+12
I/O cycles ...................................                0
PAPI_L3_TCA ..................................      2.42911e+09
PAPI_L3_TCM ..................................      2.51845e+08

Event descriptions:
PAPI_L3_TCA                   : Level 3 total cache accesses
PAPI_L3_TCM                   : Level 3 cache misses

Derived event descriptions:
