papiex version                : 0.99rc9
Executable                    : /p/lscratchrza/rountree/single-node/bmarks/synthetic/no-scale-cpu-comm/bmark2
Arguments                     : 
Processor                     : Intel(R) Xeon(R) CPU E5-2670 0 @ 2.60GHz
Clockrate                     : 2601.000000
Hostname                      : rzmerl85
Options                       : DIR,PAPI_L3_TCA,PAPI_L3_TCM,NO_MPI_GATHER,NO_MPI_PROF
Domain                        : User
Parent process id             : 12807
Process id                    : 12834
Num. of threads               : 13
Start                         : Sun Jan 13 09:37:38 2013
Finish                        : Sun Jan 13 09:38:07 2013

Derived Metrics:
CPU Utilization ..............................             0.92
I/O Cycles % .................................             0.00




Program Statistics:
                             min                     max                    mean      coef. of variation
Real usecs:	     2.93142e+07	     2.94505e+07	     2.93379e+07	            0.00
Real cycles:	     7.60308e+10	     7.63845e+10	     7.60924e+10	            0.00 
Proc usecs:	            2414	     2.92816e+07	     2.69141e+07	            0.29 
Proc cycles:	     6.27881e+06	     7.61614e+10	     7.00035e+10	            0.29 
I/O cycles:	               0	               0	               0	            -nan 
PAPI_L3_TCA:	            1541	     1.08171e+07	          835210	            3.45
PAPI_L3_TCM:	              64	           11407	            1062	            2.81

Cumulative Process Counts:
Real usecs ...................................      3.81393e+08
Real cycles ..................................      9.89201e+11
Proc usecs ...................................      3.49883e+08
Proc cycles ..................................      9.10045e+11
I/O cycles ...................................                0
PAPI_L3_TCA ..................................      1.08577e+07
PAPI_L3_TCM ..................................            13806

Event descriptions:
PAPI_L3_TCA                   : Level 3 total cache accesses
PAPI_L3_TCM                   : Level 3 cache misses

Derived event descriptions:
