papiex version                : 0.99rc9
Executable                    : /p/lscratchrza/rountree/single-node/bmarks/synthetic/scale-cpu/bmark1
Arguments                     : 
Processor                     : Intel(R) Xeon(R) CPU E5-2670 0 @ 2.60GHz
Clockrate                     : 2601.000000
Hostname                      : rzmerl126
Options                       : DIR,PAPI_L3_TCA,PAPI_L3_TCM,NO_MPI_GATHER,NO_MPI_PROF
Domain                        : User
Parent process id             : 9350
Process id                    : 9377
Num. of threads               : 17
Start                         : Sun Jan 13 09:41:59 2013
Finish                        : Sun Jan 13 09:42:22 2013

Derived Metrics:
CPU Utilization ..............................             0.94
I/O Cycles % .................................             0.00




Program Statistics:
                             min                     max                    mean      coef. of variation
Real usecs:	      2.2025e+07	     2.21602e+07	     2.20497e+07	            0.00
Real cycles:	     5.71246e+10	     5.74751e+10	     5.71886e+10	            0.00 
Proc usecs:	             582	     2.20026e+07	       2.068e+07	            0.25 
Proc cycles:	     1.51118e+06	     5.72286e+10	     5.37886e+10	            0.25 
I/O cycles:	               0	               0	               0	            -nan 
PAPI_L3_TCA:	            1524	           43186	            4330	            2.24
PAPI_L3_TCM:	              53	            4984	             451	            2.52

Cumulative Process Counts:
Real usecs ...................................      3.74845e+08
Real cycles ..................................      9.72206e+11
Proc usecs ...................................       3.5156e+08
Proc cycles ..................................      9.14407e+11
I/O cycles ...................................                0
PAPI_L3_TCA ..................................            73622
PAPI_L3_TCM ..................................             7681

Event descriptions:
PAPI_L3_TCA                   : Level 3 total cache accesses
PAPI_L3_TCM                   : Level 3 cache misses

Derived event descriptions:
