papiex version                : 0.99rc9
Executable                    : /p/lscratchrza/rountree/single-node/bmarks/synthetic/no-scale-mem-comm/bmark4
Arguments                     : 
Processor                     : Intel(R) Xeon(R) CPU E5-2670 0 @ 2.60GHz
Clockrate                     : 2601.000000
Hostname                      : rzmerl62
Options                       : DIR,PAPI_L3_TCA,PAPI_L3_TCM,NO_MPI_GATHER,NO_MPI_PROF
Domain                        : User
Parent process id             : 5509
Process id                    : 5541
Num. of threads               : 5
Start                         : Sun Jan 13 10:22:38 2013
Finish                        : Sun Jan 13 10:32:33 2013

Derived Metrics:
CPU Utilization ..............................             0.80
I/O Cycles % .................................             0.00




Program Statistics:
                             min                     max                    mean      coef. of variation
Real usecs:	     5.94675e+08	     5.94789e+08	     5.94698e+08	            0.00
Real cycles:	     1.54236e+12	     1.54265e+12	     1.54242e+12	            0.00 
Proc usecs:	          115833	      5.9328e+08	     4.74538e+08	            0.50 
Proc cycles:	     3.01282e+08	     1.54312e+12	     1.23427e+12	            0.50 
I/O cycles:	               0	               0	               0	            -nan 
PAPI_L3_TCA:	          397291	     1.44219e+10	     1.10238e+10	            0.50
PAPI_L3_TCM:	          391703	     9.45279e+08	     5.02893e+08	            0.64

Cumulative Process Counts:
Real usecs ...................................      2.97349e+09
Real cycles ..................................      7.71208e+12
Proc usecs ...................................      2.37269e+09
Proc cycles ..................................      6.17137e+12
I/O cycles ...................................                0
PAPI_L3_TCA ..................................      5.51188e+10
PAPI_L3_TCM ..................................      2.51446e+09

Event descriptions:
PAPI_L3_TCA                   : Level 3 total cache accesses
PAPI_L3_TCM                   : Level 3 cache misses

Derived event descriptions:
